Running on: qgpu2010
Sun Aug 16 03:10:19 2026       
+-----------------------------------------------------------------------------------------+
| NVIDIA-SMI 610.43.02              KMD Version: 610.43.02     CUDA UMD Version: 13.3     |
+-----------------------------------------+------------------------+----------------------+
| GPU  Name                 Persistence-M | Bus-Id          Disp.A | Volatile Uncorr. ECC |
| Fan  Temp   Perf          Pwr:Usage/Cap |           Memory-Usage | GPU-Util  Compute M. |
|                                         |                        |               MIG M. |
|=========================================+========================+======================|
|   0  NVIDIA A100-SXM4-80GB          On  |   00000000:CA:00.0 Off |                    0 |
| N/A   44C    P0             61W /  500W |       0MiB /  81920MiB |      0%      Default |
|                                         |                        |             Disabled |
+-----------------------------------------+------------------------+----------------------+

+-----------------------------------------------------------------------------------------+
| Processes:                                                                              |
|  GPU   GI   CI              PID   Type   Process name                        GPU Memory |
|        ID   ID                                                               Usage      |
|=========================================================================================|
|  No running processes found                                                             |
+-----------------------------------------------------------------------------------------+
Step 0: grad_norm=0.1611, loss=0.0503, param_norm=1803.7705
Step 100: grad_norm=0.1333, loss=0.0317, param_norm=1803.7709
Step 200: grad_norm=0.0931, loss=0.0134, param_norm=1803.7743
Step 300: grad_norm=0.0679, loss=0.0095, param_norm=1803.7815
Step 400: grad_norm=0.0552, loss=0.0071, param_norm=1803.7887
Step 500: grad_norm=0.0469, loss=0.0064, param_norm=1803.7952
Step 600: grad_norm=0.0449, loss=0.0057, param_norm=1803.8015
Step 700: grad_norm=0.0406, loss=0.0051, param_norm=1803.8069
Step 800: grad_norm=0.0386, loss=0.0046, param_norm=1803.8115
Step 900: grad_norm=0.0358, loss=0.0042, param_norm=1803.8156
Step 1000: grad_norm=0.0363, loss=0.0039, param_norm=1803.8197
Step 1100: grad_norm=0.0339, loss=0.0038, param_norm=1803.8226
Step 1200: grad_norm=0.0359, loss=0.0038, param_norm=1803.8251
Step 1300: grad_norm=0.0321, loss=0.0031, param_norm=1803.8271
Step 1400: grad_norm=0.0348, loss=0.0036, param_norm=1803.8284
Step 1500: grad_norm=0.0305, loss=0.0029, param_norm=1803.8300
Step 1600: grad_norm=0.0317, loss=0.0031, param_norm=1803.8307
Step 1700: grad_norm=0.0310, loss=0.0030, param_norm=1803.8317
Step 1800: grad_norm=0.0288, loss=0.0026, param_norm=1803.8320
Step 1900: grad_norm=0.0293, loss=0.0026, param_norm=1803.8323
[1;34mwandb[0m: 
[1;34mwandb[0m: 🚀 View run [33mEXP1_10_a100[0m at: [34mhttps://wandb.ai/mdahmad2026-northwestern-university/openpi/runs/qs1wlue0[0m
[1;34mwandb[0m: Find logs at: [1;35mwandb/run-20260816_031314-qs1wlue0/logs[0m
