warning: The `tool.uv.dev-dependencies` field (used in `packages/openpi-client/pyproject.toml`) is deprecated and will be removed in a future release; use `dependency-groups.dev` instead
00:53:50.643 [I] Running on: qgpu0405                                                             (759138:train.py:196)
INFO:2026-08-19 00:53:51,090:jax._src.xla_bridge:925: Unable to initialize backend 'rocm': module 'jaxlib.xla_extension' has no attribute 'GpuAllocatorConfig'
00:53:51.090 [I] Unable to initialize backend 'rocm': module 'jaxlib.xla_extension' has no attribute 'GpuAllocatorConfig' (759138:xla_bridge.py:925)
INFO:2026-08-19 00:53:51,096:jax._src.xla_bridge:925: Unable to initialize backend 'tpu': INTERNAL: Failed to open libtpu.so: libtpu.so: cannot open shared object file: No such file or directory
00:53:51.096 [I] Unable to initialize backend 'tpu': INTERNAL: Failed to open libtpu.so: libtpu.so: cannot open shared object file: No such file or directory (759138:xla_bridge.py:925)
00:53:51.816 [I] Created BasePyTreeCheckpointHandler: use_ocdbt=True, use_zarr3=False, pytree_metadata_options=PyTreeMetadataOptions(support_rich_types=False), array_metadata_store=<orbax.checkpoint._src.metadata.array_metadata_store.Store object at 0x14addbe2df10> (759138:base_pytree_checkpoint_handler.py:334)
00:53:51.816 [I] Created BasePyTreeCheckpointHandler: use_ocdbt=True, use_zarr3=False, pytree_metadata_options=PyTreeMetadataOptions(support_rich_types=False), array_metadata_store=<orbax.checkpoint._src.metadata.array_metadata_store.Store object at 0x14addbe2df10> (759138:base_pytree_checkpoint_handler.py:334)
00:53:51.816 [I] [thread=MainThread] Failed to get flag value for EXPERIMENTAL_ORBAX_USE_DISTRIBUTED_PROCESS_ID. (759138:multihost.py:390)
00:53:51.817 [I] [process=0][thread=MainThread] CheckpointManager init: checkpointers=None, item_names=None, item_handlers={'assets': <openpi.training.checkpoints.CallbackHandler object at 0x14acb3b45910>, 'train_state': <orbax.checkpoint._src.handlers.pytree_checkpoint_handler.PyTreeCheckpointHandler object at 0x14acb361bd90>, 'params': <orbax.checkpoint._src.handlers.pytree_checkpoint_handler.PyTreeCheckpointHandler object at 0x14acb371cb90>}, handler_registry=None (759138:checkpoint_manager.py:620)
00:53:51.817 [I] Deferred registration for item: "assets". Adding handler `<openpi.training.checkpoints.CallbackHandler object at 0x14acb3b45910>` for item "assets" and save args `<class 'openpi.training.checkpoints.CallbackSave'>` and restore args `<class 'openpi.training.checkpoints.CallbackRestore'>` to `_handler_registry`. (759138:composite_checkpoint_handler.py:234)
00:53:51.817 [I] Deferred registration for item: "train_state". Adding handler `<orbax.checkpoint._src.handlers.pytree_checkpoint_handler.PyTreeCheckpointHandler object at 0x14acb361bd90>` for item "train_state" and save args `<class 'orbax.checkpoint._src.handlers.pytree_checkpoint_handler.PyTreeSaveArgs'>` and restore args `<class 'orbax.checkpoint._src.handlers.pytree_checkpoint_handler.PyTreeRestoreArgs'>` to `_handler_registry`. (759138:composite_checkpoint_handler.py:234)
00:53:51.817 [I] Deferred registration for item: "params". Adding handler `<orbax.checkpoint._src.handlers.pytree_checkpoint_handler.PyTreeCheckpointHandler object at 0x14acb371cb90>` for item "params" and save args `<class 'orbax.checkpoint._src.handlers.pytree_checkpoint_handler.PyTreeSaveArgs'>` and restore args `<class 'orbax.checkpoint._src.handlers.pytree_checkpoint_handler.PyTreeRestoreArgs'>` to `_handler_registry`. (759138:composite_checkpoint_handler.py:234)
00:53:51.817 [I] Deferred registration for item: "metrics". Adding handler `<orbax.checkpoint._src.handlers.json_checkpoint_handler.JsonCheckpointHandler object at 0x14acb3d22c90>` for item "metrics" and save args `<class 'orbax.checkpoint._src.handlers.json_checkpoint_handler.JsonSaveArgs'>` and restore args `<class 'orbax.checkpoint._src.handlers.json_checkpoint_handler.JsonRestoreArgs'>` to `_handler_registry`. (759138:composite_checkpoint_handler.py:234)
00:53:51.820 [I] Initialized registry DefaultCheckpointHandlerRegistry({('assets', <class 'openpi.training.checkpoints.CallbackSave'>): <openpi.training.checkpoints.CallbackHandler object at 0x14acb3b45910>, ('assets', <class 'openpi.training.checkpoints.CallbackRestore'>): <openpi.training.checkpoints.CallbackHandler object at 0x14acb3b45910>, ('train_state', <class 'orbax.checkpoint._src.handlers.pytree_checkpoint_handler.PyTreeSaveArgs'>): <orbax.checkpoint._src.handlers.pytree_checkpoint_handler.PyTreeCheckpointHandler object at 0x14acb361bd90>, ('train_state', <class 'orbax.checkpoint._src.handlers.pytree_checkpoint_handler.PyTreeRestoreArgs'>): <orbax.checkpoint._src.handlers.pytree_checkpoint_handler.PyTreeCheckpointHandler object at 0x14acb361bd90>, ('params', <class 'orbax.checkpoint._src.handlers.pytree_checkpoint_handler.PyTreeSaveArgs'>): <orbax.checkpoint._src.handlers.pytree_checkpoint_handler.PyTreeCheckpointHandler object at 0x14acb371cb90>, ('params', <class 'orbax.checkpoint._src.handlers.pytree_checkpoint_handler.PyTreeRestoreArgs'>): <orbax.checkpoint._src.handlers.pytree_checkpoint_handler.PyTreeCheckpointHandler object at 0x14acb371cb90>, ('metrics', <class 'orbax.checkpoint._src.handlers.json_checkpoint_handler.JsonSaveArgs'>): <orbax.checkpoint._src.handlers.json_checkpoint_handler.JsonCheckpointHandler object at 0x14acb3d22c90>, ('metrics', <class 'orbax.checkpoint._src.handlers.json_checkpoint_handler.JsonRestoreArgs'>): <orbax.checkpoint._src.handlers.json_checkpoint_handler.JsonCheckpointHandler object at 0x14acb3d22c90>}). (759138:composite_checkpoint_handler.py:502)
00:53:51.821 [I] orbax-checkpoint version: 0.11.13                                                (759138:abstract_checkpointer.py:35)
00:53:51.821 [I] [process=0][thread=MainThread] Using barrier_sync_fn: <function get_barrier_sync_fn.<locals>.<lambda> at 0x14acb3418e00> timeout: 7200 secs and primary_host=0 for async checkpoint writes (759138:async_checkpointer.py:170)
00:53:51.821 [I] Found 0 checkpoint steps in /gpfs/projects/p53063/checkpoints/pi05_Franka_EXP3_20/EXP3_20_a100 (759138:checkpoint_manager.py:1701)
00:53:51.821 [I] [process=0][thread=MainThread] CheckpointManager created,  primary_host=0, CheckpointManagerOptions=CheckpointManagerOptions(save_interval_steps=1, max_to_keep=1, keep_time_interval=None, keep_period=3000, should_keep_fn=None, best_fn=None, best_mode='max', keep_checkpoints_without_metrics=True, step_prefix=None, step_format_fixed_length=None, step_name_format=None, create=False, cleanup_tmp_directories=False, save_on_steps=frozenset(), single_host_load_and_broadcast=False, todelete_subdir=None, enable_background_delete=False, read_only=False, enable_async_checkpointing=True, async_options=AsyncOptions(timeout_secs=7200, barrier_sync_fn=None, post_finalization_callback=None, create_directories_asynchronously=True), multiprocessing_options=MultiprocessingOptions(primary_host=0, active_processes=None, barrier_sync_key_prefix=None), should_save_fn=None, file_options=FileOptions(path_permission_mode=None), save_root_metadata=True, temporary_path_class=None, save_decision_policy=None, prevent_write_metrics=False), root_directory=/gpfs/projects/p53063/checkpoints/pi05_Franka_EXP3_20/EXP3_20_a100: <orbax.checkpoint.checkpoint_manager.CheckpointManager object at 0x14acb3908b50> (759138:checkpoint_manager.py:801)
wandb: [wandb.login()] Loaded credentials for https://api.wandb.ai from /home/wgk1727/.netrc.
wandb: Currently logged in as: mdahmad2026 (mdahmad2026-northwestern-university) to https://api.wandb.ai. Use `wandb login --relogin` to force relogin
wandb: Tracking run with wandb version 0.28.0
wandb: Run data is saved locally in /gpfs/home/wgk1727/openpi_franka/wandb/run-20260819_005352-qs8ybdfh
wandb: Run `wandb offline` to turn off syncing.
wandb: Syncing run EXP3_20_a100
wandb: ⭐️ View project at https://wandb.ai/mdahmad2026-northwestern-university/openpi
wandb: 🚀 View run at https://wandb.ai/mdahmad2026-northwestern-university/openpi/runs/qs8ybdfh
00:53:53.231 [I] Loaded norm stats from /gpfs/home/wgk1727/openpi_franka/assets/pi05_Franka_EXP3_20/saifahmad123/EXP3_50 (759138:config.py:205)
Returning existing local_dir `/projects/p53063/data/lerobot/saifahmad123/EXP3_50` as remote repo cannot be accessed in `snapshot_download` (Cannot reach https://huggingface.co/api/datasets/saifahmad123/EXP3_50/revision/main: offline mode is enabled. To disable it, please unset the `HF_HUB_OFFLINE` environment variable.).
00:53:53.237 [W] Returning existing local_dir `/projects/p53063/data/lerobot/saifahmad123/EXP3_50` as remote repo cannot be accessed in `snapshot_download` (Cannot reach https://huggingface.co/api/datasets/saifahmad123/EXP3_50/revision/main: offline mode is enabled. To disable it, please unset the `HF_HUB_OFFLINE` environment variable.). (759138:_snapshot_download.py:224)
00:53:53.237 [I] Dataset fully cached at /projects/p53063/data/lerobot/saifahmad123/EXP3_50       (759138:train.py:242)
00:53:53.339 [I] Loaded norm stats from /gpfs/home/wgk1727/openpi_franka/assets/pi05_Franka_EXP3_20/saifahmad123/EXP3_50 (759138:config.py:205)
00:53:53.340 [I] data_config: DataConfig(repo_id='saifahmad123/EXP3_50', asset_id='saifahmad123/EXP3_50', norm_stats={'state': NormStats(mean=array([ 0.02354509, -0.40798733, -0.01973823, -2.55056214, -0.05260708,
        2.14934349,  0.80816811,  0.03400162,  0.03424726]), std=array([0.11596074, 0.27552563, 0.30884239, 0.17316851, 0.15861572,
       0.30348948, 0.3473711 , 0.00872873, 0.00837092]), q01=array([-0.19837698, -0.83142799, -0.67970304, -3.02624653, -0.5446998 ,
        1.57894092,  0.07572614,  0.02019532,  0.0207898 ]), q99=array([ 0.34607902,  0.18321472,  0.61482741, -2.2105666 ,  0.28239295,
        2.62950579,  1.56086613,  0.03999594,  0.03999596])), 'actions': NormStats(mean=array([ 0.02939814,  0.03380551, -0.0244698 ,  0.00237814,  0.02726285,
        0.03628824, -0.01630097,  0.02324538]), std=array([0.06753523, 0.1536279 , 0.08615616, 0.0932197 , 0.07931641,
       0.21605048, 0.08427335, 0.01973486]), q01=array([-0.096283  , -0.31654957, -0.23871361, -0.21534449, -0.14259857,
       -0.45396647, -0.22623979,  0.        ]), q99=array([0.24957498, 0.32377369, 0.19287359, 0.21859656, 0.20294559,
       0.40137291, 0.21238217, 0.039992  ]))}, repack_transforms=Group(inputs=[RepackTransform(structure={'images': {'cam_high': 'observation.images.wrist', 'cam_left_wrist': 'observation.images.front_1', 'cam_right_wrist': 'observation.images.front_2'}, 'state': 'observation.state', 'actions': 'action', 'prompt': 'prompt'})], outputs=()), data_transforms=Group(inputs=(AlohaInputs(adapt_to_pi=False), DeltaActions(mask=(True, True, True, True, True, True, True, False))), outputs=(AbsoluteActions(mask=(True, True, True, True, True, True, True, False)), AlohaOutputs(adapt_to_pi=False))), model_transforms=Group(inputs=[InjectDefaultPrompt(prompt=None), ResizeImages(height=224, width=224), TokenizePrompt(tokenizer=<openpi.models.tokenizer.PaligemmaTokenizer object at 0x14ac781b2850>, discrete_state_input=True), PadStatesAndActions(model_action_dim=32)], outputs=()), use_quantile_norm=True, action_sequence_keys=('action',), prompt_from_task=True, episodes=(2, 5, 8, 9, 13, 15, 19, 21, 22, 27, 28, 29, 30, 32, 33, 35, 37, 38, 39, 40, 42, 45, 46, 47, 48, 51, 58, 61, 65, 66, 70, 72, 74, 81, 83, 89, 92, 94, 96, 97, 98, 99, 101, 102, 104, 106, 109, 111, 115, 116, 117, 118, 121, 125, 126, 127, 132, 133, 137, 138, 141, 142, 145, 146, 150, 151, 153, 160, 163, 167, 168, 171, 174, 177, 180, 181, 182, 183, 184, 186, 187, 191, 194, 195, 197, 198, 200, 202, 205, 206, 207, 211, 212, 215, 219, 220, 223, 225, 226, 227, 229, 230, 231, 234, 236, 237, 238, 240, 242, 243, 244, 252, 253, 255, 259, 261, 263, 266, 268, 269, 270, 272, 276, 277, 280, 282, 283, 284, 285, 288, 289, 291, 296, 300, 305, 306, 309, 312, 313, 315, 317, 319, 325, 326, 328, 337, 338, 340, 344, 346, 348, 349, 353, 354, 359, 362, 368, 371, 377, 378, 380, 381, 382, 383, 386, 389, 391, 392, 394, 399, 400, 404, 408, 411, 423, 429, 430, 431, 433, 437, 438, 442, 443, 446, 448, 453, 454, 460, 464, 466, 470, 474, 480, 482, 483, 484, 485, 487, 492, 499, 500, 501, 505, 506, 507, 509, 510, 512, 513, 515, 516, 518, 520, 523, 524, 527, 528, 529, 531, 533, 534, 538, 541, 543, 544, 546, 549, 551, 554, 557, 561, 563, 564, 567, 568, 572, 575, 581, 584, 586, 590, 591, 592, 593, 594, 598, 602, 603, 605, 609, 617, 625, 627, 629, 632, 635, 640, 642, 644, 645), rlds_data_dir=None, action_space=None, datasets=()) (759138:data_loader.py:250)
00:53:55.747 [I] local_batch_size: 32                                                             (759138:data_loader.py:331)
/gpfs/home/wgk1727/openpi_franka/.venv/lib/python3.11/site-packages/torchvision/io/_video_deprecation_warning.py:5: UserWarning: The video decoding and encoding capabilities of torchvision are deprecated from version 0.22 and will be removed in version 0.24. We recommend that you migrate to TorchCodec, where we'll consolidate the future decoding/encoding capabilities of PyTorch: https://github.com/pytorch/torchcodec
  warnings.warn(
/gpfs/home/wgk1727/openpi_franka/.venv/lib/python3.11/site-packages/torchvision/io/_video_deprecation_warning.py:5: UserWarning: The video decoding and encoding capabilities of torchvision are deprecated from version 0.22 and will be removed in version 0.24. We recommend that you migrate to TorchCodec, where we'll consolidate the future decoding/encoding capabilities of PyTorch: https://github.com/pytorch/torchcodec
  warnings.warn(
/gpfs/home/wgk1727/openpi_franka/.venv/lib/python3.11/site-packages/torchvision/io/_video_deprecation_warning.py:5: UserWarning: The video decoding and encoding capabilities of torchvision are deprecated from version 0.22 and will be removed in version 0.24. We recommend that you migrate to TorchCodec, where we'll consolidate the future decoding/encoding capabilities of PyTorch: https://github.com/pytorch/torchcodec
  warnings.warn(
/gpfs/home/wgk1727/openpi_franka/.venv/lib/python3.11/site-packages/torchvision/io/_video_deprecation_warning.py:5: UserWarning: The video decoding and encoding capabilities of torchvision are deprecated from version 0.22 and will be removed in version 0.24. We recommend that you migrate to TorchCodec, where we'll consolidate the future decoding/encoding capabilities of PyTorch: https://github.com/pytorch/torchcodec
  warnings.warn(
/gpfs/home/wgk1727/openpi_franka/.venv/lib/python3.11/site-packages/torchvision/io/_video_deprecation_warning.py:5: UserWarning: The video decoding and encoding capabilities of torchvision are deprecated from version 0.22 and will be removed in version 0.24. We recommend that you migrate to TorchCodec, where we'll consolidate the future decoding/encoding capabilities of PyTorch: https://github.com/pytorch/torchcodec
  warnings.warn(
/gpfs/home/wgk1727/openpi_franka/.venv/lib/python3.11/site-packages/torchvision/io/_video_deprecation_warning.py:5: UserWarning: The video decoding and encoding capabilities of torchvision are deprecated from version 0.22 and will be removed in version 0.24. We recommend that you migrate to TorchCodec, where we'll consolidate the future decoding/encoding capabilities of PyTorch: https://github.com/pytorch/torchcodec
  warnings.warn(
/gpfs/home/wgk1727/openpi_franka/.venv/lib/python3.11/site-packages/torchvision/io/_video_deprecation_warning.py:5: UserWarning: The video decoding and encoding capabilities of torchvision are deprecated from version 0.22 and will be removed in version 0.24. We recommend that you migrate to TorchCodec, where we'll consolidate the future decoding/encoding capabilities of PyTorch: https://github.com/pytorch/torchcodec
  warnings.warn(
/gpfs/home/wgk1727/openpi_franka/.venv/lib/python3.11/site-packages/torchvision/io/_video_deprecation_warning.py:5: UserWarning: The video decoding and encoding capabilities of torchvision are deprecated from version 0.22 and will be removed in version 0.24. We recommend that you migrate to TorchCodec, where we'll consolidate the future decoding/encoding capabilities of PyTorch: https://github.com/pytorch/torchcodec
  warnings.warn(
/gpfs/home/wgk1727/openpi_franka/.venv/lib/python3.11/site-packages/torchvision/io/_video_deprecation_warning.py:5: UserWarning: The video decoding and encoding capabilities of torchvision are deprecated from version 0.22 and will be removed in version 0.24. We recommend that you migrate to TorchCodec, where we'll consolidate the future decoding/encoding capabilities of PyTorch: https://github.com/pytorch/torchcodec
  warnings.warn(
Traceback (most recent call last):
  File "/gpfs/home/wgk1727/openpi_franka/scripts/train.py", line 309, in <module>
    main(_config.cli())
  File "/gpfs/home/wgk1727/openpi_franka/scripts/train.py", line 255, in main
    batch = next(data_iter)
            ^^^^^^^^^^^^^^^
  File "/gpfs/home/wgk1727/openpi_franka/src/openpi/training/data_loader.py", line 546, in __iter__
    for batch in self._data_loader:
  File "/gpfs/home/wgk1727/openpi_franka/src/openpi/training/data_loader.py", line 467, in __iter__
    batch = next(data_iter)
            ^^^^^^^^^^^^^^^
  File "/gpfs/home/wgk1727/openpi_franka/.venv/lib/python3.11/site-packages/torch/utils/data/dataloader.py", line 733, in __next__
    data = self._next_data()
           ^^^^^^^^^^^^^^^^^
  File "/gpfs/home/wgk1727/openpi_franka/.venv/lib/python3.11/site-packages/torch/utils/data/dataloader.py", line 1515, in _next_data
    return self._process_data(data, worker_id)
           ^^^^^^^^^^^^^^^^^^^^^^^^^^^^^^^^^^^
  File "/gpfs/home/wgk1727/openpi_franka/.venv/lib/python3.11/site-packages/torch/utils/data/dataloader.py", line 1550, in _process_data
    data.reraise()
  File "/gpfs/home/wgk1727/openpi_franka/.venv/lib/python3.11/site-packages/torch/_utils.py", line 750, in reraise
    raise exception
/gpfs/home/wgk1727/openpi_franka/.venv/lib/python3.11/site-packages/torchvision/io/_video_deprecation_warning.py:5: UserWarning: The video decoding and encoding capabilities of torchvision are deprecated from version 0.22 and will be removed in version 0.24. We recommend that you migrate to TorchCodec, where we'll consolidate the future decoding/encoding capabilities of PyTorch: https://github.com/pytorch/torchcodec
  warnings.warn(
IndexError: Caught IndexError in DataLoader worker process 0.
Original Traceback (most recent call last):
  File "/gpfs/home/wgk1727/openpi_franka/.venv/lib/python3.11/site-packages/torch/utils/data/_utils/worker.py", line 349, in _worker_loop
    data = fetcher.fetch(index)  # type: ignore[possibly-undefined]
           ^^^^^^^^^^^^^^^^^^^^
  File "/gpfs/home/wgk1727/openpi_franka/.venv/lib/python3.11/site-packages/torch/utils/data/_utils/fetch.py", line 52, in fetch
    data = [self.dataset[idx] for idx in possibly_batched_index]
           ^^^^^^^^^^^^^^^^^^^^^^^^^^^^^^^^^^^^^^^^^^^^^^^^^^^^^
  File "/gpfs/home/wgk1727/openpi_franka/.venv/lib/python3.11/site-packages/torch/utils/data/_utils/fetch.py", line 52, in <listcomp>
    data = [self.dataset[idx] for idx in possibly_batched_index]
            ~~~~~~~~~~~~^^^^^
  File "/gpfs/home/wgk1727/openpi_franka/src/openpi/training/data_loader.py", line 59, in __getitem__
    return self._transform(self._dataset[index])
                           ~~~~~~~~~~~~~^^^^^^^
  File "/gpfs/home/wgk1727/openpi_franka/src/openpi/training/data_loader.py", line 59, in __getitem__
    return self._transform(self._dataset[index])
                           ~~~~~~~~~~~~~^^^^^^^
  File "/gpfs/home/wgk1727/openpi_franka/.venv/lib/python3.11/site-packages/lerobot/common/datasets/lerobot_dataset.py", line 730, in __getitem__
    query_indices, padding = self._get_query_indices(idx, ep_idx)
                             ^^^^^^^^^^^^^^^^^^^^^^^^^^^^^^^^^^^^
  File "/gpfs/home/wgk1727/openpi_franka/.venv/lib/python3.11/site-packages/lerobot/common/datasets/lerobot_dataset.py", line 666, in _get_query_indices
    ep_start = self.episode_data_index["from"][ep_idx]
               ~~~~~~~~~~~~~~~~~~~~~~~~~~~~~~~^^^^^^^^
IndexError: index 288 is out of bounds for dimension 0 with size 260

