Running on: qgpu3013
Mon Aug 10 00:35:45 2026       
+-----------------------------------------------------------------------------------------+
| NVIDIA-SMI 610.43.02              KMD Version: 610.43.02     CUDA UMD Version: 13.3     |
+-----------------------------------------+------------------------+----------------------+
| GPU  Name                 Persistence-M | Bus-Id          Disp.A | Volatile Uncorr. ECC |
| Fan  Temp   Perf          Pwr:Usage/Cap |           Memory-Usage | GPU-Util  Compute M. |
|                                         |                        |               MIG M. |
|=========================================+========================+======================|
|   0  NVIDIA H100 80GB HBM3          On  |   00000000:42:00.0 Off |                    0 |
| N/A   44C    P0             70W /  700W |       0MiB /  81559MiB |      0%      Default |
|                                         |                        |             Disabled |
+-----------------------------------------+------------------------+----------------------+

+-----------------------------------------------------------------------------------------+
| Processes:                                                                              |
|  GPU   GI   CI              PID   Type   Process name                        GPU Memory |
|        ID   ID                                                               Usage      |
|=========================================================================================|
|  No running processes found                                                             |
+-----------------------------------------------------------------------------------------+
Step 0: grad_norm=0.1433, loss=0.0325, param_norm=1803.8630
Step 100: grad_norm=0.1424, loss=0.0339, param_norm=1803.8629
Step 200: grad_norm=0.1026, loss=0.0262, param_norm=1803.8630
Step 300: grad_norm=0.0959, loss=0.0232, param_norm=1803.8638
Step 400: grad_norm=0.1002, loss=0.0207, param_norm=1803.8650
Step 500: grad_norm=0.0971, loss=0.0190, param_norm=1803.8668
Step 600: grad_norm=0.0954, loss=0.0176, param_norm=1803.8698
Step 700: grad_norm=0.0876, loss=0.0158, param_norm=1803.8730
Step 800: grad_norm=0.0832, loss=0.0150, param_norm=1803.8774
Step 900: grad_norm=0.0701, loss=0.0144, param_norm=1803.8826
Step 1000: grad_norm=0.0688, loss=0.0133, param_norm=1803.8895
Step 1100: grad_norm=0.0664, loss=0.0131, param_norm=1803.8971
Step 1200: grad_norm=0.0610, loss=0.0130, param_norm=1803.9049
Step 1300: grad_norm=0.0592, loss=0.0124, param_norm=1803.9125
Step 1400: grad_norm=0.0562, loss=0.0125, param_norm=1803.9191
Step 1500: grad_norm=0.0561, loss=0.0114, param_norm=1803.9263
Step 1600: grad_norm=0.0579, loss=0.0110, param_norm=1803.9337
Step 1700: grad_norm=0.0629, loss=0.0121, param_norm=1803.9414
Step 1800: grad_norm=0.0502, loss=0.0102, param_norm=1803.9484
Step 1900: grad_norm=0.0576, loss=0.0113, param_norm=1803.9553
Step 2000: grad_norm=0.0539, loss=0.0110, param_norm=1803.9623
Step 2100: grad_norm=0.0644, loss=0.0129, param_norm=1803.9694
Step 2200: grad_norm=0.0609, loss=0.0106, param_norm=1803.9760
Step 2300: grad_norm=0.0491, loss=0.0093, param_norm=1803.9828
Step 2400: grad_norm=0.0499, loss=0.0096, param_norm=1803.9894
Step 2500: grad_norm=0.0477, loss=0.0095, param_norm=1803.9958
Step 2600: grad_norm=0.0434, loss=0.0086, param_norm=1804.0024
Step 2700: grad_norm=0.0449, loss=0.0087, param_norm=1804.0093
Step 2800: grad_norm=0.0436, loss=0.0085, param_norm=1804.0165
Step 2900: grad_norm=0.0540, loss=0.0095, param_norm=1804.0232
Step 3000: grad_norm=0.0445, loss=0.0091, param_norm=1804.0299
Step 3100: grad_norm=0.0435, loss=0.0085, param_norm=1804.0365
Step 3200: grad_norm=0.0462, loss=0.0087, param_norm=1804.0430
Step 3300: grad_norm=0.0478, loss=0.0087, param_norm=1804.0503
Step 3400: grad_norm=0.0639, loss=0.0100, param_norm=1804.0571
Step 3500: grad_norm=0.0440, loss=0.0082, param_norm=1804.0637
Step 3600: grad_norm=0.0414, loss=0.0083, param_norm=1804.0699
Step 3700: grad_norm=0.0519, loss=0.0087, param_norm=1804.0768
Step 3800: grad_norm=0.0409, loss=0.0074, param_norm=1804.0831
Step 3900: grad_norm=0.0418, loss=0.0076, param_norm=1804.0895
Step 4000: grad_norm=0.0461, loss=0.0080, param_norm=1804.0959
Step 4100: grad_norm=0.0476, loss=0.0085, param_norm=1804.1021
Step 4200: grad_norm=0.0444, loss=0.0078, param_norm=1804.1083
Step 4300: grad_norm=0.0430, loss=0.0078, param_norm=1804.1146
Step 4400: grad_norm=0.0453, loss=0.0076, param_norm=1804.1208
Step 4500: grad_norm=0.0450, loss=0.0084, param_norm=1804.1274
Step 4600: grad_norm=0.0420, loss=0.0073, param_norm=1804.1340
Step 4700: grad_norm=0.0416, loss=0.0077, param_norm=1804.1406
Step 4800: grad_norm=0.0393, loss=0.0068, param_norm=1804.1462
Step 4900: grad_norm=0.0418, loss=0.0073, param_norm=1804.1523
Step 5000: grad_norm=0.0428, loss=0.0071, param_norm=1804.1584
Step 5100: grad_norm=0.0408, loss=0.0070, param_norm=1804.1647
Step 5200: grad_norm=0.0428, loss=0.0074, param_norm=1804.1703
Step 5300: grad_norm=0.0417, loss=0.0069, param_norm=1804.1763
Step 5400: grad_norm=0.0421, loss=0.0072, param_norm=1804.1819
Step 5500: grad_norm=0.0422, loss=0.0075, param_norm=1804.1877
Step 5600: grad_norm=0.0449, loss=0.0088, param_norm=1804.1937
Step 5700: grad_norm=0.0396, loss=0.0069, param_norm=1804.2000
Step 5800: grad_norm=0.0424, loss=0.0064, param_norm=1804.2056
Step 5900: grad_norm=0.0395, loss=0.0066, param_norm=1804.2118
Step 6000: grad_norm=0.0399, loss=0.0067, param_norm=1804.2173
Step 6100: grad_norm=0.0455, loss=0.0071, param_norm=1804.2238
Step 6200: grad_norm=0.0416, loss=0.0071, param_norm=1804.2290
Step 6300: grad_norm=0.0418, loss=0.0070, param_norm=1804.2346
Step 6400: grad_norm=0.0436, loss=0.0070, param_norm=1804.2406
Step 6500: grad_norm=0.0467, loss=0.0073, param_norm=1804.2466
Step 6600: grad_norm=0.0417, loss=0.0073, param_norm=1804.2518
Step 6700: grad_norm=0.0424, loss=0.0076, param_norm=1804.2576
Step 6800: grad_norm=0.0385, loss=0.0064, param_norm=1804.2631
Step 6900: grad_norm=0.0417, loss=0.0082, param_norm=1804.2690
Step 7000: grad_norm=0.0434, loss=0.0069, param_norm=1804.2749
Step 7100: grad_norm=0.0403, loss=0.0069, param_norm=1804.2806
Step 7200: grad_norm=0.0403, loss=0.0062, param_norm=1804.2866
Step 7300: grad_norm=0.0434, loss=0.0070, param_norm=1804.2919
Step 7400: grad_norm=0.0421, loss=0.0064, param_norm=1804.2971
Step 7500: grad_norm=0.0432, loss=0.0067, param_norm=1804.3025
Step 7600: grad_norm=0.0407, loss=0.0069, param_norm=1804.3075
Step 7700: grad_norm=0.0444, loss=0.0067, param_norm=1804.3127
Step 7800: grad_norm=0.0443, loss=0.0070, param_norm=1804.3182
Step 7900: grad_norm=0.0377, loss=0.0059, param_norm=1804.3234
Step 8000: grad_norm=0.0404, loss=0.0067, param_norm=1804.3284
Step 8100: grad_norm=0.0388, loss=0.0057, param_norm=1804.3334
Step 8200: grad_norm=0.0468, loss=0.0068, param_norm=1804.3385
Step 8300: grad_norm=0.0492, loss=0.0073, param_norm=1804.3434
Step 8400: grad_norm=0.0439, loss=0.0068, param_norm=1804.3481
Step 8500: grad_norm=0.0435, loss=0.0068, param_norm=1804.3524
Step 8600: grad_norm=0.0378, loss=0.0059, param_norm=1804.3572
Step 8700: grad_norm=0.0420, loss=0.0064, param_norm=1804.3624
Step 8800: grad_norm=0.0427, loss=0.0071, param_norm=1804.3674
Step 8900: grad_norm=0.0400, loss=0.0062, param_norm=1804.3723
Step 9000: grad_norm=0.0421, loss=0.0065, param_norm=1804.3772
Step 9100: grad_norm=0.0429, loss=0.0067, param_norm=1804.3820
Step 9200: grad_norm=0.0416, loss=0.0065, param_norm=1804.3868
Step 9300: grad_norm=0.0400, loss=0.0067, param_norm=1804.3912
Step 9400: grad_norm=0.0452, loss=0.0065, param_norm=1804.3953
Step 9500: grad_norm=0.0416, loss=0.0070, param_norm=1804.3997
Step 9600: grad_norm=0.0397, loss=0.0062, param_norm=1804.4037
Step 9700: grad_norm=0.0392, loss=0.0064, param_norm=1804.4076
Step 9800: grad_norm=0.0410, loss=0.0061, param_norm=1804.4120
Step 9900: grad_norm=0.0475, loss=0.0060, param_norm=1804.4163
Step 10000: grad_norm=0.0419, loss=0.0060, param_norm=1804.4205
Step 10100: grad_norm=0.0356, loss=0.0055, param_norm=1804.4244
Step 10200: grad_norm=0.0386, loss=0.0057, param_norm=1804.4283
Step 10300: grad_norm=0.0397, loss=0.0059, param_norm=1804.4327
Step 10400: grad_norm=0.0406, loss=0.0060, param_norm=1804.4370
Step 10500: grad_norm=0.0359, loss=0.0055, param_norm=1804.4412
Step 10600: grad_norm=0.0371, loss=0.0059, param_norm=1804.4453
Step 10700: grad_norm=0.0382, loss=0.0059, param_norm=1804.4490
Step 10800: grad_norm=0.0367, loss=0.0055, param_norm=1804.4531
Step 10900: grad_norm=0.0395, loss=0.0058, param_norm=1804.4570
Step 11000: grad_norm=0.0411, loss=0.0058, param_norm=1804.4609
Step 11100: grad_norm=0.0428, loss=0.0066, param_norm=1804.4646
Step 11200: grad_norm=0.0381, loss=0.0056, param_norm=1804.4684
Step 11300: grad_norm=0.0420, loss=0.0058, param_norm=1804.4724
Step 11400: grad_norm=0.0373, loss=0.0053, param_norm=1804.4766
Step 11500: grad_norm=0.0371, loss=0.0053, param_norm=1804.4806
Step 11600: grad_norm=0.0367, loss=0.0053, param_norm=1804.4846
Step 11700: grad_norm=0.0437, loss=0.0059, param_norm=1804.4884
Step 11800: grad_norm=0.0407, loss=0.0059, param_norm=1804.4918
Step 11900: grad_norm=0.0404, loss=0.0056, param_norm=1804.4956
Step 12000: grad_norm=0.0409, loss=0.0057, param_norm=1804.4990
Step 12100: grad_norm=0.0401, loss=0.0062, param_norm=1804.5028
Step 12200: grad_norm=0.0353, loss=0.0050, param_norm=1804.5059
Step 12300: grad_norm=0.0517, loss=0.0064, param_norm=1804.5100
Step 12400: grad_norm=0.0401, loss=0.0054, param_norm=1804.5128
Step 12500: grad_norm=0.0469, loss=0.0064, param_norm=1804.5153
Step 12600: grad_norm=0.0395, loss=0.0055, param_norm=1804.5181
Step 12700: grad_norm=0.0486, loss=0.0063, param_norm=1804.5212
Step 12800: grad_norm=0.0358, loss=0.0051, param_norm=1804.5243
Step 12900: grad_norm=0.0377, loss=0.0057, param_norm=1804.5275
Step 13000: grad_norm=0.0353, loss=0.0053, param_norm=1804.5306
Step 13100: grad_norm=0.0403, loss=0.0058, param_norm=1804.5337
Step 13200: grad_norm=0.0375, loss=0.0054, param_norm=1804.5369
Step 13300: grad_norm=0.0450, loss=0.0063, param_norm=1804.5403
Step 13400: grad_norm=0.0418, loss=0.0055, param_norm=1804.5435
Step 13500: grad_norm=0.0365, loss=0.0054, param_norm=1804.5465
Step 13600: grad_norm=0.0377, loss=0.0056, param_norm=1804.5493
Step 13700: grad_norm=0.0344, loss=0.0051, param_norm=1804.5521
Step 13800: grad_norm=0.0430, loss=0.0055, param_norm=1804.5549
Step 13900: grad_norm=0.0363, loss=0.0052, param_norm=1804.5580
Step 14000: grad_norm=0.0366, loss=0.0051, param_norm=1804.5609
Step 14100: grad_norm=0.0457, loss=0.0058, param_norm=1804.5640
Step 14200: grad_norm=0.0403, loss=0.0057, param_norm=1804.5667
Step 14300: grad_norm=0.0384, loss=0.0056, param_norm=1804.5690
Step 14400: grad_norm=0.0369, loss=0.0052, param_norm=1804.5715
Step 14500: grad_norm=0.0353, loss=0.0047, param_norm=1804.5740
Step 14600: grad_norm=0.0390, loss=0.0052, param_norm=1804.5768
Step 14700: grad_norm=0.0358, loss=0.0054, param_norm=1804.5793
Step 14800: grad_norm=0.0373, loss=0.0049, param_norm=1804.5817
Step 14900: grad_norm=0.0390, loss=0.0054, param_norm=1804.5844
Step 15000: grad_norm=0.0447, loss=0.0052, param_norm=1804.5868
Step 15100: grad_norm=0.0367, loss=0.0046, param_norm=1804.5892
Step 15200: grad_norm=0.0467, loss=0.0059, param_norm=1804.5916
Step 15300: grad_norm=0.0436, loss=0.0057, param_norm=1804.5938
Step 15400: grad_norm=0.0402, loss=0.0053, param_norm=1804.5959
Step 15500: grad_norm=0.0377, loss=0.0055, param_norm=1804.5979
Step 15600: grad_norm=0.0388, loss=0.0053, param_norm=1804.6000
Step 15700: grad_norm=0.0360, loss=0.0051, param_norm=1804.6022
Step 15800: grad_norm=0.0383, loss=0.0052, param_norm=1804.6044
Step 15900: grad_norm=0.0356, loss=0.0048, param_norm=1804.6066
Step 16000: grad_norm=0.0408, loss=0.0049, param_norm=1804.6090
Step 16100: grad_norm=0.0349, loss=0.0044, param_norm=1804.6108
Step 16200: grad_norm=0.0434, loss=0.0054, param_norm=1804.6129
Step 16300: grad_norm=0.0388, loss=0.0050, param_norm=1804.6150
Step 16400: grad_norm=0.0369, loss=0.0054, param_norm=1804.6168
Step 16500: grad_norm=0.0384, loss=0.0047, param_norm=1804.6190
Step 16600: grad_norm=0.0466, loss=0.0051, param_norm=1804.6208
Step 16700: grad_norm=0.0353, loss=0.0045, param_norm=1804.6228
Step 16800: grad_norm=0.0359, loss=0.0047, param_norm=1804.6244
Step 16900: grad_norm=0.0396, loss=0.0052, param_norm=1804.6262
Step 17000: grad_norm=0.0373, loss=0.0048, param_norm=1804.6284
Step 17100: grad_norm=0.0364, loss=0.0051, param_norm=1804.6301
Step 17200: grad_norm=0.0361, loss=0.0046, param_norm=1804.6320
Step 17300: grad_norm=0.0404, loss=0.0053, param_norm=1804.6337
Step 17400: grad_norm=0.0413, loss=0.0054, param_norm=1804.6356
Step 17500: grad_norm=0.0372, loss=0.0045, param_norm=1804.6372
Step 17600: grad_norm=0.0350, loss=0.0049, param_norm=1804.6387
Step 17700: grad_norm=0.0360, loss=0.0042, param_norm=1804.6406
Step 17800: grad_norm=0.0391, loss=0.0048, param_norm=1804.6418
Step 17900: grad_norm=0.0337, loss=0.0044, param_norm=1804.6436
Step 18000: grad_norm=0.0376, loss=0.0049, param_norm=1804.6448
Step 18100: grad_norm=0.0389, loss=0.0048, param_norm=1804.6462
Step 18200: grad_norm=0.0363, loss=0.0050, param_norm=1804.6475
Step 18300: grad_norm=0.0416, loss=0.0054, param_norm=1804.6490
Step 18400: grad_norm=0.0399, loss=0.0047, param_norm=1804.6506
Step 18500: grad_norm=0.0391, loss=0.0049, param_norm=1804.6519
Step 18600: grad_norm=0.0368, loss=0.0047, param_norm=1804.6531
Step 18700: grad_norm=0.0377, loss=0.0046, param_norm=1804.6543
Step 18800: grad_norm=0.0356, loss=0.0043, param_norm=1804.6556
Step 18900: grad_norm=0.0393, loss=0.0047, param_norm=1804.6569
Step 19000: grad_norm=0.0575, loss=0.0053, param_norm=1804.6581
Step 19100: grad_norm=0.0367, loss=0.0044, param_norm=1804.6595
Step 19200: grad_norm=0.0400, loss=0.0047, param_norm=1804.6606
Step 19300: grad_norm=0.0336, loss=0.0046, param_norm=1804.6619
Step 19400: grad_norm=0.0373, loss=0.0046, param_norm=1804.6631
Step 19500: grad_norm=0.0397, loss=0.0048, param_norm=1804.6641
Step 19600: grad_norm=0.0364, loss=0.0045, param_norm=1804.6653
Step 19700: grad_norm=0.0329, loss=0.0044, param_norm=1804.6664
Step 19800: grad_norm=0.0348, loss=0.0046, param_norm=1804.6674
Step 19900: grad_norm=0.0345, loss=0.0046, param_norm=1804.6682
Step 20000: grad_norm=0.0361, loss=0.0042, param_norm=1804.6697
Step 20100: grad_norm=0.0368, loss=0.0043, param_norm=1804.6705
Step 20200: grad_norm=0.0366, loss=0.0046, param_norm=1804.6715
Step 20300: grad_norm=0.0455, loss=0.0048, param_norm=1804.6725
Step 20400: grad_norm=0.0418, loss=0.0046, param_norm=1804.6733
Step 20500: grad_norm=0.0432, loss=0.0046, param_norm=1804.6743
Step 20600: grad_norm=0.0413, loss=0.0047, param_norm=1804.6752
Step 20700: grad_norm=0.0399, loss=0.0045, param_norm=1804.6760
Step 20800: grad_norm=0.0384, loss=0.0046, param_norm=1804.6765
Step 20900: grad_norm=0.0456, loss=0.0046, param_norm=1804.6775
Step 21000: grad_norm=0.0401, loss=0.0047, param_norm=1804.6783
Step 21100: grad_norm=0.0353, loss=0.0043, param_norm=1804.6793
Step 21200: grad_norm=0.0387, loss=0.0043, param_norm=1804.6799
Step 21300: grad_norm=0.0419, loss=0.0046, param_norm=1804.6809
Step 21400: grad_norm=0.0382, loss=0.0045, param_norm=1804.6819
Step 21500: grad_norm=0.0435, loss=0.0054, param_norm=1804.6826
Step 21600: grad_norm=0.0397, loss=0.0044, param_norm=1804.6830
Step 21700: grad_norm=0.0400, loss=0.0041, param_norm=1804.6836
Step 21800: grad_norm=0.0391, loss=0.0051, param_norm=1804.6843
Step 21900: grad_norm=0.0352, loss=0.0040, param_norm=1804.6849
Step 22000: grad_norm=0.0390, loss=0.0045, param_norm=1804.6855
Step 22100: grad_norm=0.0362, loss=0.0039, param_norm=1804.6862
Step 22200: grad_norm=0.0378, loss=0.0044, param_norm=1804.6869
Step 22300: grad_norm=0.0490, loss=0.0053, param_norm=1804.6875
Step 22400: grad_norm=0.0394, loss=0.0042, param_norm=1804.6881
Step 22500: grad_norm=0.0407, loss=0.0045, param_norm=1804.6887
Step 22600: grad_norm=0.0359, loss=0.0045, param_norm=1804.6890
Step 22700: grad_norm=0.0382, loss=0.0042, param_norm=1804.6897
Step 22800: grad_norm=0.0423, loss=0.0043, param_norm=1804.6899
Step 22900: grad_norm=0.0395, loss=0.0043, param_norm=1804.6908
Step 23000: grad_norm=0.0419, loss=0.0047, param_norm=1804.6914
Step 23100: grad_norm=0.0455, loss=0.0044, param_norm=1804.6917
Step 23200: grad_norm=0.0414, loss=0.0043, param_norm=1804.6923
Step 23300: grad_norm=0.0387, loss=0.0044, param_norm=1804.6927
Step 23400: grad_norm=0.0432, loss=0.0048, param_norm=1804.6934
Step 23500: grad_norm=0.0383, loss=0.0043, param_norm=1804.6940
Step 23600: grad_norm=0.0396, loss=0.0043, param_norm=1804.6947
Step 23700: grad_norm=0.0388, loss=0.0042, param_norm=1804.6949
Step 23800: grad_norm=0.0403, loss=0.0043, param_norm=1804.6953
Step 23900: grad_norm=0.0377, loss=0.0038, param_norm=1804.6956
Step 24000: grad_norm=0.0392, loss=0.0040, param_norm=1804.6959
Step 24100: grad_norm=0.0417, loss=0.0041, param_norm=1804.6965
Step 24200: grad_norm=0.0398, loss=0.0046, param_norm=1804.6968
Step 24300: grad_norm=0.0443, loss=0.0041, param_norm=1804.6971
Step 24400: grad_norm=0.0404, loss=0.0043, param_norm=1804.6975
Step 24500: grad_norm=0.0392, loss=0.0039, param_norm=1804.6978
Step 24600: grad_norm=0.0356, loss=0.0045, param_norm=1804.6982
Step 24700: grad_norm=0.0416, loss=0.0042, param_norm=1804.6986
Step 24800: grad_norm=0.0383, loss=0.0042, param_norm=1804.6989
Step 24900: grad_norm=0.0465, loss=0.0038, param_norm=1804.6995
Step 25000: grad_norm=0.0372, loss=0.0036, param_norm=1804.6997
Step 25100: grad_norm=0.0408, loss=0.0040, param_norm=1804.7001
Step 25200: grad_norm=0.0505, loss=0.0049, param_norm=1804.7004
Step 25300: grad_norm=0.0534, loss=0.0045, param_norm=1804.7006
Step 25400: grad_norm=0.0425, loss=0.0043, param_norm=1804.7010
Step 25500: grad_norm=0.0408, loss=0.0041, param_norm=1804.7015
Step 25600: grad_norm=0.0367, loss=0.0038, param_norm=1804.7015
Step 25700: grad_norm=0.0386, loss=0.0039, param_norm=1804.7018
Step 25800: grad_norm=0.0391, loss=0.0039, param_norm=1804.7025
Step 25900: grad_norm=0.0380, loss=0.0039, param_norm=1804.7025
Step 26000: grad_norm=0.0394, loss=0.0040, param_norm=1804.7025
Step 26100: grad_norm=0.0406, loss=0.0040, param_norm=1804.7028
Step 26200: grad_norm=0.0365, loss=0.0039, param_norm=1804.7031
Step 26300: grad_norm=0.0383, loss=0.0037, param_norm=1804.7034
Step 26400: grad_norm=0.0457, loss=0.0044, param_norm=1804.7037
Step 26500: grad_norm=0.0425, loss=0.0041, param_norm=1804.7040
Step 26600: grad_norm=0.0404, loss=0.0038, param_norm=1804.7043
Step 26700: grad_norm=0.0415, loss=0.0040, param_norm=1804.7043
Step 26800: grad_norm=0.0379, loss=0.0035, param_norm=1804.7046
Step 26900: grad_norm=0.0393, loss=0.0039, param_norm=1804.7050
Step 27000: grad_norm=0.0373, loss=0.0037, param_norm=1804.7050
Step 27100: grad_norm=0.0354, loss=0.0035, param_norm=1804.7053
Step 27200: grad_norm=0.0388, loss=0.0041, param_norm=1804.7054
Step 27300: grad_norm=0.0435, loss=0.0038, param_norm=1804.7057
Step 27400: grad_norm=0.0437, loss=0.0040, param_norm=1804.7061
Step 27500: grad_norm=0.0374, loss=0.0038, param_norm=1804.7064
Step 27600: grad_norm=0.0444, loss=0.0047, param_norm=1804.7064
Step 27700: grad_norm=0.0379, loss=0.0038, param_norm=1804.7064
Step 27800: grad_norm=0.0372, loss=0.0034, param_norm=1804.7064
Step 27900: grad_norm=0.0421, loss=0.0034, param_norm=1804.7067
Step 28000: grad_norm=0.0410, loss=0.0042, param_norm=1804.7073
Step 28100: grad_norm=0.0388, loss=0.0036, param_norm=1804.7073
Step 28200: grad_norm=0.0416, loss=0.0039, param_norm=1804.7075
Step 28300: grad_norm=0.0414, loss=0.0040, param_norm=1804.7076
Step 28400: grad_norm=0.0390, loss=0.0038, param_norm=1804.7079
Step 28500: grad_norm=0.0432, loss=0.0039, param_norm=1804.7079
Step 28600: grad_norm=0.0370, loss=0.0038, param_norm=1804.7081
Step 28700: grad_norm=0.0396, loss=0.0042, param_norm=1804.7084
Step 28800: grad_norm=0.0434, loss=0.0038, param_norm=1804.7084
Step 28900: grad_norm=0.0583, loss=0.0056, param_norm=1804.7085
Step 29000: grad_norm=0.0432, loss=0.0040, param_norm=1804.7087
Step 29100: grad_norm=0.0417, loss=0.0036, param_norm=1804.7090
Step 29200: grad_norm=0.0397, loss=0.0036, param_norm=1804.7090
Step 29300: grad_norm=0.0407, loss=0.0037, param_norm=1804.7090
Step 29400: grad_norm=0.0398, loss=0.0036, param_norm=1804.7094
Step 29500: grad_norm=0.0393, loss=0.0036, param_norm=1804.7094
Step 29600: grad_norm=0.0421, loss=0.0038, param_norm=1804.7096
Step 29700: grad_norm=0.0404, loss=0.0039, param_norm=1804.7096
Step 29800: grad_norm=0.0401, loss=0.0038, param_norm=1804.7100
Step 29900: grad_norm=0.0349, loss=0.0033, param_norm=1804.7100
[1;34mwandb[0m: 
[1;34mwandb[0m: 🚀 View run [33mGraspNet_2[0m at: [34mhttps://wandb.ai/mdahmad2026-northwestern-university/openpi/runs/j34r24wi[0m
[1;34mwandb[0m: Find logs at: [1;35mwandb/run-20260810_003724-j34r24wi/logs[0m
