Running on: qgpu3014
Mon Aug  3 17:11:40 2026       
+-----------------------------------------------------------------------------------------+
| NVIDIA-SMI 610.43.02              KMD Version: 610.43.02     CUDA UMD Version: 13.3     |
+-----------------------------------------+------------------------+----------------------+
| GPU  Name                 Persistence-M | Bus-Id          Disp.A | Volatile Uncorr. ECC |
| Fan  Temp   Perf          Pwr:Usage/Cap |           Memory-Usage | GPU-Util  Compute M. |
|                                         |                        |               MIG M. |
|=========================================+========================+======================|
|   0  NVIDIA H100 80GB HBM3          On  |   00000000:E6:00.0 Off |                    0 |
| N/A   45C    P0             72W /  700W |       0MiB /  81559MiB |      0%      Default |
|                                         |                        |             Disabled |
+-----------------------------------------+------------------------+----------------------+

+-----------------------------------------------------------------------------------------+
| Processes:                                                                              |
|  GPU   GI   CI              PID   Type   Process name                        GPU Memory |
|        ID   ID                                                               Usage      |
|=========================================================================================|
|  No running processes found                                                             |
+-----------------------------------------------------------------------------------------+
Step 0: grad_norm=0.2095, loss=0.0679, param_norm=1803.8630
Step 100: grad_norm=0.2006, loss=0.0811, param_norm=1803.8629
Step 200: grad_norm=0.1717, loss=0.0565, param_norm=1803.8633
Step 300: grad_norm=0.1699, loss=0.0428, param_norm=1803.8638
Step 400: grad_norm=0.1746, loss=0.0368, param_norm=1803.8652
Step 500: grad_norm=0.1965, loss=0.0393, param_norm=1803.8673
Step 600: grad_norm=0.1664, loss=0.0291, param_norm=1803.8706
Step 700: grad_norm=0.1685, loss=0.0312, param_norm=1803.8746
Step 800: grad_norm=0.1502, loss=0.0258, param_norm=1803.8798
Step 900: grad_norm=0.1318, loss=0.0243, param_norm=1803.8859
Step 1000: grad_norm=0.1322, loss=0.0235, param_norm=1803.8939
Step 1100: grad_norm=0.1176, loss=0.0209, param_norm=1803.9025
Step 1200: grad_norm=0.1207, loss=0.0240, param_norm=1803.9106
Step 1300: grad_norm=0.1099, loss=0.0208, param_norm=1803.9191
Step 1400: grad_norm=0.1005, loss=0.0182, param_norm=1803.9269
Step 1500: grad_norm=0.0916, loss=0.0180, param_norm=1803.9351
Step 1600: grad_norm=0.1124, loss=0.0181, param_norm=1803.9431
Step 1700: grad_norm=0.0972, loss=0.0189, param_norm=1803.9512
Step 1800: grad_norm=0.0900, loss=0.0172, param_norm=1803.9592
Step 1900: grad_norm=0.0909, loss=0.0161, param_norm=1803.9666
Step 2000: grad_norm=0.1106, loss=0.0206, param_norm=1803.9740
Step 2100: grad_norm=0.0854, loss=0.0162, param_norm=1803.9811
Step 2200: grad_norm=0.1004, loss=0.0174, param_norm=1803.9888
Step 2300: grad_norm=0.0982, loss=0.0174, param_norm=1803.9958
Step 2400: grad_norm=0.0782, loss=0.0144, param_norm=1804.0034
Step 2500: grad_norm=0.0891, loss=0.0175, param_norm=1804.0114
Step 2600: grad_norm=0.0886, loss=0.0161, param_norm=1804.0186
Step 2700: grad_norm=0.0899, loss=0.0150, param_norm=1804.0267
Step 2800: grad_norm=0.0969, loss=0.0162, param_norm=1804.0336
Step 2900: grad_norm=0.0777, loss=0.0136, param_norm=1804.0405
Step 3000: grad_norm=0.0789, loss=0.0144, param_norm=1804.0481
Step 3100: grad_norm=0.0840, loss=0.0145, param_norm=1804.0555
Step 3200: grad_norm=0.0917, loss=0.0157, param_norm=1804.0630
Step 3300: grad_norm=0.0953, loss=0.0158, param_norm=1804.0706
Step 3400: grad_norm=0.0825, loss=0.0149, param_norm=1804.0775
Step 3500: grad_norm=0.0661, loss=0.0118, param_norm=1804.0845
Step 3600: grad_norm=0.0789, loss=0.0139, param_norm=1804.0922
Step 3700: grad_norm=0.0787, loss=0.0130, param_norm=1804.1000
Step 3800: grad_norm=0.0768, loss=0.0133, param_norm=1804.1072
Step 3900: grad_norm=0.0647, loss=0.0114, param_norm=1804.1141
Step 4000: grad_norm=0.0696, loss=0.0119, param_norm=1804.1213
Step 4100: grad_norm=0.0772, loss=0.0154, param_norm=1804.1287
Step 4200: grad_norm=0.0723, loss=0.0122, param_norm=1804.1350
Step 4300: grad_norm=0.0811, loss=0.0139, param_norm=1804.1415
Step 4400: grad_norm=0.0736, loss=0.0124, param_norm=1804.1478
Step 4500: grad_norm=0.0839, loss=0.0140, param_norm=1804.1545
Step 4600: grad_norm=0.0729, loss=0.0117, param_norm=1804.1613
Step 4700: grad_norm=0.0728, loss=0.0126, param_norm=1804.1685
Step 4800: grad_norm=0.0737, loss=0.0116, param_norm=1804.1754
Step 4900: grad_norm=0.0852, loss=0.0137, param_norm=1804.1827
Step 5000: grad_norm=0.0806, loss=0.0133, param_norm=1804.1895
Step 5100: grad_norm=0.0737, loss=0.0110, param_norm=1804.1958
Step 5200: grad_norm=0.0717, loss=0.0114, param_norm=1804.2018
Step 5300: grad_norm=0.0742, loss=0.0121, param_norm=1804.2092
Step 5400: grad_norm=0.0682, loss=0.0111, param_norm=1804.2153
Step 5500: grad_norm=0.0637, loss=0.0102, param_norm=1804.2216
Step 5600: grad_norm=0.0709, loss=0.0131, param_norm=1804.2280
Step 5700: grad_norm=0.0603, loss=0.0102, param_norm=1804.2344
Step 5800: grad_norm=0.0661, loss=0.0101, param_norm=1804.2407
Step 5900: grad_norm=0.0640, loss=0.0111, param_norm=1804.2468
Step 6000: grad_norm=0.0653, loss=0.0105, param_norm=1804.2529
Step 6100: grad_norm=0.0703, loss=0.0112, param_norm=1804.2600
Step 6200: grad_norm=0.0678, loss=0.0104, param_norm=1804.2665
Step 6300: grad_norm=0.0617, loss=0.0096, param_norm=1804.2732
Step 6400: grad_norm=0.0738, loss=0.0112, param_norm=1804.2806
Step 6500: grad_norm=0.0749, loss=0.0133, param_norm=1804.2863
Step 6600: grad_norm=0.0565, loss=0.0093, param_norm=1804.2921
Step 6700: grad_norm=0.0701, loss=0.0105, param_norm=1804.2981
Step 6800: grad_norm=0.0603, loss=0.0092, param_norm=1804.3042
Step 6900: grad_norm=0.0651, loss=0.0102, param_norm=1804.3105
Step 7000: grad_norm=0.0618, loss=0.0093, param_norm=1804.3162
Step 7100: grad_norm=0.0665, loss=0.0098, param_norm=1804.3221
Step 7200: grad_norm=0.0598, loss=0.0092, param_norm=1804.3284
Step 7300: grad_norm=0.0578, loss=0.0089, param_norm=1804.3344
Step 7400: grad_norm=0.1112, loss=0.0133, param_norm=1804.3406
Step 7500: grad_norm=0.0670, loss=0.0099, param_norm=1804.3462
Step 7600: grad_norm=0.0658, loss=0.0091, param_norm=1804.3516
Step 7700: grad_norm=0.0610, loss=0.0097, param_norm=1804.3574
Step 7800: grad_norm=0.0686, loss=0.0099, param_norm=1804.3629
Step 7900: grad_norm=0.0670, loss=0.0098, param_norm=1804.3683
Step 8000: grad_norm=0.0631, loss=0.0096, param_norm=1804.3734
Step 8100: grad_norm=0.0756, loss=0.0109, param_norm=1804.3787
Step 8200: grad_norm=0.0633, loss=0.0091, param_norm=1804.3843
Step 8300: grad_norm=0.0691, loss=0.0103, param_norm=1804.3901
Step 8400: grad_norm=0.0643, loss=0.0092, param_norm=1804.3956
Step 8500: grad_norm=0.0673, loss=0.0093, param_norm=1804.4006
Step 8600: grad_norm=0.0600, loss=0.0087, param_norm=1804.4056
Step 8700: grad_norm=0.0607, loss=0.0090, param_norm=1804.4109
Step 8800: grad_norm=0.0603, loss=0.0091, param_norm=1804.4163
Step 8900: grad_norm=0.0559, loss=0.0083, param_norm=1804.4215
Step 9000: grad_norm=0.0575, loss=0.0083, param_norm=1804.4263
Step 9100: grad_norm=0.0544, loss=0.0082, param_norm=1804.4319
Step 9200: grad_norm=0.0688, loss=0.0086, param_norm=1804.4371
Step 9300: grad_norm=0.0624, loss=0.0090, param_norm=1804.4420
Step 9400: grad_norm=0.0669, loss=0.0089, param_norm=1804.4462
Step 9500: grad_norm=0.0595, loss=0.0084, param_norm=1804.4512
Step 9600: grad_norm=0.0628, loss=0.0086, param_norm=1804.4564
Step 9700: grad_norm=0.0714, loss=0.0094, param_norm=1804.4611
Step 9800: grad_norm=0.0624, loss=0.0085, param_norm=1804.4659
Step 9900: grad_norm=0.0683, loss=0.0092, param_norm=1804.4706
Step 10000: grad_norm=0.0867, loss=0.0103, param_norm=1804.4750
Step 10100: grad_norm=0.0676, loss=0.0087, param_norm=1804.4794
Step 10200: grad_norm=0.0605, loss=0.0086, param_norm=1804.4838
Step 10300: grad_norm=0.0669, loss=0.0079, param_norm=1804.4885
Step 10400: grad_norm=0.0549, loss=0.0078, param_norm=1804.4930
Step 10500: grad_norm=0.0649, loss=0.0082, param_norm=1804.4972
Step 10600: grad_norm=0.0600, loss=0.0088, param_norm=1804.5012
Step 10700: grad_norm=0.0572, loss=0.0079, param_norm=1804.5059
Step 10800: grad_norm=0.0648, loss=0.0092, param_norm=1804.5103
Step 10900: grad_norm=0.0593, loss=0.0104, param_norm=1804.5146
Step 11000: grad_norm=0.0614, loss=0.0086, param_norm=1804.5187
Step 11100: grad_norm=0.0699, loss=0.0090, param_norm=1804.5229
Step 11200: grad_norm=0.0607, loss=0.0079, param_norm=1804.5269
Step 11300: grad_norm=0.0656, loss=0.0083, param_norm=1804.5303
Step 11400: grad_norm=0.0537, loss=0.0073, param_norm=1804.5343
Step 11500: grad_norm=0.0581, loss=0.0072, param_norm=1804.5382
Step 11600: grad_norm=0.0540, loss=0.0074, param_norm=1804.5425
Step 11700: grad_norm=0.0554, loss=0.0073, param_norm=1804.5471
Step 11800: grad_norm=0.0558, loss=0.0075, param_norm=1804.5513
Step 11900: grad_norm=0.0601, loss=0.0077, param_norm=1804.5553
Step 12000: grad_norm=0.0500, loss=0.0068, param_norm=1804.5591
Step 12100: grad_norm=0.0711, loss=0.0083, param_norm=1804.5627
Step 12200: grad_norm=0.0518, loss=0.0069, param_norm=1804.5665
Step 12300: grad_norm=0.0643, loss=0.0078, param_norm=1804.5699
Step 12400: grad_norm=0.0532, loss=0.0072, param_norm=1804.5734
Step 12500: grad_norm=0.0636, loss=0.0089, param_norm=1804.5768
Step 12600: grad_norm=0.0561, loss=0.0074, param_norm=1804.5809
Step 12700: grad_norm=0.0648, loss=0.0109, param_norm=1804.5844
Step 12800: grad_norm=0.0525, loss=0.0086, param_norm=1804.5874
Step 12900: grad_norm=0.0525, loss=0.0068, param_norm=1804.5909
Step 13000: grad_norm=0.0715, loss=0.0079, param_norm=1804.5944
Step 13100: grad_norm=0.0580, loss=0.0070, param_norm=1804.5977
Step 13200: grad_norm=0.0749, loss=0.0076, param_norm=1804.6006
Step 13300: grad_norm=0.0669, loss=0.0077, param_norm=1804.6034
Step 13400: grad_norm=0.0579, loss=0.0067, param_norm=1804.6060
Step 13500: grad_norm=0.0536, loss=0.0071, param_norm=1804.6094
Step 13600: grad_norm=0.0656, loss=0.0088, param_norm=1804.6127
Step 13700: grad_norm=0.0580, loss=0.0069, param_norm=1804.6158
Step 13800: grad_norm=0.0575, loss=0.0067, param_norm=1804.6187
Step 13900: grad_norm=0.0653, loss=0.0075, param_norm=1804.6216
Step 14000: grad_norm=0.0579, loss=0.0070, param_norm=1804.6240
Step 14100: grad_norm=0.0559, loss=0.0067, param_norm=1804.6272
Step 14200: grad_norm=0.0617, loss=0.0069, param_norm=1804.6300
Step 14300: grad_norm=0.0596, loss=0.0077, param_norm=1804.6326
Step 14400: grad_norm=0.0539, loss=0.0071, param_norm=1804.6356
Step 14500: grad_norm=0.0626, loss=0.0075, param_norm=1804.6385
Step 14600: grad_norm=0.0549, loss=0.0067, param_norm=1804.6411
Step 14700: grad_norm=0.0492, loss=0.0062, param_norm=1804.6439
Step 14800: grad_norm=0.0522, loss=0.0066, param_norm=1804.6465
Step 14900: grad_norm=0.0512, loss=0.0067, param_norm=1804.6490
Step 15000: grad_norm=0.0604, loss=0.0070, param_norm=1804.6517
Step 15100: grad_norm=0.0474, loss=0.0058, param_norm=1804.6543
Step 15200: grad_norm=0.0487, loss=0.0067, param_norm=1804.6569
Step 15300: grad_norm=0.0588, loss=0.0072, param_norm=1804.6595
Step 15400: grad_norm=0.0512, loss=0.0062, param_norm=1804.6621
Step 15500: grad_norm=0.0582, loss=0.0065, param_norm=1804.6643
Step 15600: grad_norm=0.0751, loss=0.0085, param_norm=1804.6664
Step 15700: grad_norm=0.0650, loss=0.0075, param_norm=1804.6687
Step 15800: grad_norm=0.0699, loss=0.0083, param_norm=1804.6708
Step 15900: grad_norm=0.0568, loss=0.0070, param_norm=1804.6725
Step 16000: grad_norm=0.0541, loss=0.0067, param_norm=1804.6744
Step 16100: grad_norm=0.0525, loss=0.0062, param_norm=1804.6766
Step 16200: grad_norm=0.0523, loss=0.0067, param_norm=1804.6788
Step 16300: grad_norm=0.0532, loss=0.0062, param_norm=1804.6809
Step 16400: grad_norm=0.0590, loss=0.0078, param_norm=1804.6827
Step 16500: grad_norm=0.0548, loss=0.0077, param_norm=1804.6849
Step 16600: grad_norm=0.0589, loss=0.0067, param_norm=1804.6871
Step 16700: grad_norm=0.0671, loss=0.0070, param_norm=1804.6890
Step 16800: grad_norm=0.0593, loss=0.0069, param_norm=1804.6909
Step 16900: grad_norm=0.0604, loss=0.0064, param_norm=1804.6927
Step 17000: grad_norm=0.0550, loss=0.0070, param_norm=1804.6943
Step 17100: grad_norm=0.0681, loss=0.0077, param_norm=1804.6965
Step 17200: grad_norm=0.0579, loss=0.0075, param_norm=1804.6981
Step 17300: grad_norm=0.0521, loss=0.0061, param_norm=1804.6997
Step 17400: grad_norm=0.0485, loss=0.0057, param_norm=1804.7015
Step 17500: grad_norm=0.0535, loss=0.0064, param_norm=1804.7034
Step 17600: grad_norm=0.0493, loss=0.0058, param_norm=1804.7051
Step 17700: grad_norm=0.0495, loss=0.0057, param_norm=1804.7070
Step 17800: grad_norm=0.0477, loss=0.0077, param_norm=1804.7085
Step 17900: grad_norm=0.0806, loss=0.0078, param_norm=1804.7103
Step 18000: grad_norm=0.0531, loss=0.0061, param_norm=1804.7118
Step 18100: grad_norm=0.0556, loss=0.0064, param_norm=1804.7131
Step 18200: grad_norm=0.0606, loss=0.0100, param_norm=1804.7146
Step 18300: grad_norm=0.0579, loss=0.0057, param_norm=1804.7162
Step 18400: grad_norm=0.0506, loss=0.0061, param_norm=1804.7178
Step 18500: grad_norm=0.0607, loss=0.0066, param_norm=1804.7190
Step 18600: grad_norm=0.0497, loss=0.0057, param_norm=1804.7206
Step 18700: grad_norm=0.0535, loss=0.0060, param_norm=1804.7218
Step 18800: grad_norm=0.0502, loss=0.0058, param_norm=1804.7229
Step 18900: grad_norm=0.0577, loss=0.0060, param_norm=1804.7244
Step 19000: grad_norm=0.0490, loss=0.0057, param_norm=1804.7260
Step 19100: grad_norm=0.0487, loss=0.0054, param_norm=1804.7268
Step 19200: grad_norm=0.0516, loss=0.0064, param_norm=1804.7280
Step 19300: grad_norm=0.0632, loss=0.0061, param_norm=1804.7294
Step 19400: grad_norm=0.0527, loss=0.0056, param_norm=1804.7307
Step 19500: grad_norm=0.0440, loss=0.0052, param_norm=1804.7317
Step 19600: grad_norm=0.0461, loss=0.0054, param_norm=1804.7330
Step 19700: grad_norm=0.0477, loss=0.0054, param_norm=1804.7344
Step 19800: grad_norm=0.0449, loss=0.0064, param_norm=1804.7356
Step 19900: grad_norm=0.0483, loss=0.0055, param_norm=1804.7368
Step 20000: grad_norm=0.0473, loss=0.0053, param_norm=1804.7377
Step 20100: grad_norm=0.0462, loss=0.0053, param_norm=1804.7388
Step 20200: grad_norm=0.0710, loss=0.0096, param_norm=1804.7396
Step 20300: grad_norm=0.0567, loss=0.0070, param_norm=1804.7408
Step 20400: grad_norm=0.0574, loss=0.0060, param_norm=1804.7418
Step 20500: grad_norm=0.0510, loss=0.0053, param_norm=1804.7428
Step 20600: grad_norm=0.0531, loss=0.0054, param_norm=1804.7434
Step 20700: grad_norm=0.0609, loss=0.0063, param_norm=1804.7444
Step 20800: grad_norm=0.0507, loss=0.0053, param_norm=1804.7452
Step 20900: grad_norm=0.0523, loss=0.0060, param_norm=1804.7461
Step 21000: grad_norm=0.0467, loss=0.0051, param_norm=1804.7469
Step 21100: grad_norm=0.0527, loss=0.0053, param_norm=1804.7476
Step 21200: grad_norm=0.0489, loss=0.0052, param_norm=1804.7480
Step 21300: grad_norm=0.0788, loss=0.0104, param_norm=1804.7490
Step 21400: grad_norm=0.0579, loss=0.0057, param_norm=1804.7500
Step 21500: grad_norm=0.0565, loss=0.0057, param_norm=1804.7506
Step 21600: grad_norm=0.0548, loss=0.0056, param_norm=1804.7515
Step 21700: grad_norm=0.0487, loss=0.0053, param_norm=1804.7522
Step 21800: grad_norm=0.0489, loss=0.0056, param_norm=1804.7529
Step 21900: grad_norm=0.0500, loss=0.0075, param_norm=1804.7539
Step 22000: grad_norm=0.0483, loss=0.0052, param_norm=1804.7545
Step 22100: grad_norm=0.0521, loss=0.0065, param_norm=1804.7552
Step 22200: grad_norm=0.0436, loss=0.0051, param_norm=1804.7559
Step 22300: grad_norm=0.0432, loss=0.0051, param_norm=1804.7565
Step 22400: grad_norm=0.0507, loss=0.0056, param_norm=1804.7572
Step 22500: grad_norm=0.0392, loss=0.0046, param_norm=1804.7578
Step 22600: grad_norm=0.0495, loss=0.0051, param_norm=1804.7584
Step 22700: grad_norm=0.0525, loss=0.0053, param_norm=1804.7590
Step 22800: grad_norm=0.0535, loss=0.0053, param_norm=1804.7596
Step 22900: grad_norm=0.0451, loss=0.0047, param_norm=1804.7601
Step 23000: grad_norm=0.0556, loss=0.0054, param_norm=1804.7607
Step 23100: grad_norm=0.0500, loss=0.0056, param_norm=1804.7612
Step 23200: grad_norm=0.0562, loss=0.0057, param_norm=1804.7618
Step 23300: grad_norm=0.0563, loss=0.0062, param_norm=1804.7625
Step 23400: grad_norm=0.0594, loss=0.0058, param_norm=1804.7628
Step 23500: grad_norm=0.0479, loss=0.0055, param_norm=1804.7634
Step 23600: grad_norm=0.0485, loss=0.0049, param_norm=1804.7640
Step 23700: grad_norm=0.0456, loss=0.0048, param_norm=1804.7645
Step 23800: grad_norm=0.0478, loss=0.0050, param_norm=1804.7650
Step 23900: grad_norm=0.0437, loss=0.0055, param_norm=1804.7656
Step 24000: grad_norm=0.0464, loss=0.0046, param_norm=1804.7659
Step 24100: grad_norm=0.0430, loss=0.0046, param_norm=1804.7665
Step 24200: grad_norm=0.0551, loss=0.0048, param_norm=1804.7668
Step 24300: grad_norm=0.0479, loss=0.0050, param_norm=1804.7671
Step 24400: grad_norm=0.0432, loss=0.0044, param_norm=1804.7678
Step 24500: grad_norm=0.0474, loss=0.0055, param_norm=1804.7682
Step 24600: grad_norm=0.0481, loss=0.0049, param_norm=1804.7686
Step 24700: grad_norm=0.0440, loss=0.0048, param_norm=1804.7689
Step 24800: grad_norm=0.0448, loss=0.0054, param_norm=1804.7692
Step 24900: grad_norm=0.0483, loss=0.0049, param_norm=1804.7697
Step 25000: grad_norm=0.0504, loss=0.0051, param_norm=1804.7701
Step 25100: grad_norm=0.0434, loss=0.0048, param_norm=1804.7704
Step 25200: grad_norm=0.0436, loss=0.0048, param_norm=1804.7709
Step 25300: grad_norm=0.0526, loss=0.0056, param_norm=1804.7712
Step 25400: grad_norm=0.0425, loss=0.0045, param_norm=1804.7715
Step 25500: grad_norm=0.0414, loss=0.0042, param_norm=1804.7721
Step 25600: grad_norm=0.0505, loss=0.0050, param_norm=1804.7721
Step 25700: grad_norm=0.0520, loss=0.0051, param_norm=1804.7721
Step 25800: grad_norm=0.0478, loss=0.0047, param_norm=1804.7728
Step 25900: grad_norm=0.0446, loss=0.0045, param_norm=1804.7731
Step 26000: grad_norm=0.0905, loss=0.0079, param_norm=1804.7734
Step 26100: grad_norm=0.0548, loss=0.0050, param_norm=1804.7734
Step 26200: grad_norm=0.0520, loss=0.0052, param_norm=1804.7737
Step 26300: grad_norm=0.0461, loss=0.0086, param_norm=1804.7740
Step 26400: grad_norm=0.0495, loss=0.0052, param_norm=1804.7743
Step 26500: grad_norm=0.0395, loss=0.0043, param_norm=1804.7747
Step 26600: grad_norm=0.0535, loss=0.0060, param_norm=1804.7749
Step 26700: grad_norm=0.0594, loss=0.0056, param_norm=1804.7753
Step 26800: grad_norm=0.0585, loss=0.0057, param_norm=1804.7753
Step 26900: grad_norm=0.0431, loss=0.0045, param_norm=1804.7756
Step 27000: grad_norm=0.0466, loss=0.0048, param_norm=1804.7759
Step 27100: grad_norm=0.0464, loss=0.0046, param_norm=1804.7760
Step 27200: grad_norm=0.0449, loss=0.0046, param_norm=1804.7764
Step 27300: grad_norm=0.0416, loss=0.0044, param_norm=1804.7767
Step 27400: grad_norm=0.0567, loss=0.0054, param_norm=1804.7767
Step 27500: grad_norm=0.0469, loss=0.0046, param_norm=1804.7769
Step 27600: grad_norm=0.0412, loss=0.0044, param_norm=1804.7770
Step 27700: grad_norm=0.0452, loss=0.0044, param_norm=1804.7773
Step 27800: grad_norm=0.0420, loss=0.0044, param_norm=1804.7776
Step 27900: grad_norm=0.0449, loss=0.0061, param_norm=1804.7780
Step 28000: grad_norm=0.0429, loss=0.0042, param_norm=1804.7782
Step 28100: grad_norm=0.0514, loss=0.0048, param_norm=1804.7786
Step 28200: grad_norm=0.0472, loss=0.0047, param_norm=1804.7787
Step 28300: grad_norm=0.0480, loss=0.0047, param_norm=1804.7791
Step 28400: grad_norm=0.0501, loss=0.0049, param_norm=1804.7792
Step 28500: grad_norm=0.0523, loss=0.0044, param_norm=1804.7793
Step 28600: grad_norm=0.0472, loss=0.0042, param_norm=1804.7797
Step 28700: grad_norm=0.0594, loss=0.0056, param_norm=1804.7797
Step 28800: grad_norm=0.0695, loss=0.0052, param_norm=1804.7799
Step 28900: grad_norm=0.0939, loss=0.0099, param_norm=1804.7799
Step 29000: grad_norm=0.0434, loss=0.0043, param_norm=1804.7803
Step 29100: grad_norm=0.0470, loss=0.0046, param_norm=1804.7803
Step 29200: grad_norm=0.0504, loss=0.0047, param_norm=1804.7806
Step 29300: grad_norm=0.0500, loss=0.0044, param_norm=1804.7806
Step 29400: grad_norm=0.0535, loss=0.0049, param_norm=1804.7809
Step 29500: grad_norm=0.0475, loss=0.0044, param_norm=1804.7809
Step 29600: grad_norm=0.0452, loss=0.0043, param_norm=1804.7812
Step 29700: grad_norm=0.0465, loss=0.0044, param_norm=1804.7815
Step 29800: grad_norm=0.0438, loss=0.0043, param_norm=1804.7815
Step 29900: grad_norm=0.0438, loss=0.0042, param_norm=1804.7815
[1;34mwandb[0m: 
[1;34mwandb[0m: 🚀 View run [33mgraspnet_texture_150[0m at: [34mhttps://wandb.ai/mdahmad2026-northwestern-university/openpi/runs/57q9y2wd[0m
[1;34mwandb[0m: Find logs at: [1;35mwandb/run-20260803_171332-57q9y2wd/logs[0m
