warning: The `tool.uv.dev-dependencies` field (used in `packages/openpi-client/pyproject.toml`) is deprecated and will be removed in a future release; use `dependency-groups.dev` instead
22:01:50.642 [I] Running on: qgpu3011                                                             (2127467:train.py:196)
INFO:2026-08-09 22:01:52,884:jax._src.xla_bridge:925: Unable to initialize backend 'rocm': module 'jaxlib.xla_extension' has no attribute 'GpuAllocatorConfig'
22:01:52.884 [I] Unable to initialize backend 'rocm': module 'jaxlib.xla_extension' has no attribute 'GpuAllocatorConfig' (2127467:xla_bridge.py:925)
INFO:2026-08-09 22:01:52,885:jax._src.xla_bridge:925: Unable to initialize backend 'tpu': INTERNAL: Failed to open libtpu.so: libtpu.so: cannot open shared object file: No such file or directory
22:01:52.885 [I] Unable to initialize backend 'tpu': INTERNAL: Failed to open libtpu.so: libtpu.so: cannot open shared object file: No such file or directory (2127467:xla_bridge.py:925)
22:01:55.397 [I] Created BasePyTreeCheckpointHandler: use_ocdbt=True, use_zarr3=False, pytree_metadata_options=PyTreeMetadataOptions(support_rich_types=False), array_metadata_store=<orbax.checkpoint._src.metadata.array_metadata_store.Store object at 0x14941ba2ba90> (2127467:base_pytree_checkpoint_handler.py:334)
22:01:55.398 [I] Created BasePyTreeCheckpointHandler: use_ocdbt=True, use_zarr3=False, pytree_metadata_options=PyTreeMetadataOptions(support_rich_types=False), array_metadata_store=<orbax.checkpoint._src.metadata.array_metadata_store.Store object at 0x14941ba2ba90> (2127467:base_pytree_checkpoint_handler.py:334)
22:01:55.398 [I] [thread=MainThread] Failed to get flag value for EXPERIMENTAL_ORBAX_USE_DISTRIBUTED_PROCESS_ID. (2127467:multihost.py:390)
22:01:55.398 [I] [process=0][thread=MainThread] CheckpointManager init: checkpointers=None, item_names=None, item_handlers={'assets': <openpi.training.checkpoints.CallbackHandler object at 0x1492f5e25f90>, 'train_state': <orbax.checkpoint._src.handlers.pytree_checkpoint_handler.PyTreeCheckpointHandler object at 0x1492f5e24510>, 'params': <orbax.checkpoint._src.handlers.pytree_checkpoint_handler.PyTreeCheckpointHandler object at 0x14934c6e5910>}, handler_registry=None (2127467:checkpoint_manager.py:620)
22:01:55.398 [I] Deferred registration for item: "assets". Adding handler `<openpi.training.checkpoints.CallbackHandler object at 0x1492f5e25f90>` for item "assets" and save args `<class 'openpi.training.checkpoints.CallbackSave'>` and restore args `<class 'openpi.training.checkpoints.CallbackRestore'>` to `_handler_registry`. (2127467:composite_checkpoint_handler.py:234)
22:01:55.398 [I] Deferred registration for item: "train_state". Adding handler `<orbax.checkpoint._src.handlers.pytree_checkpoint_handler.PyTreeCheckpointHandler object at 0x1492f5e24510>` for item "train_state" and save args `<class 'orbax.checkpoint._src.handlers.pytree_checkpoint_handler.PyTreeSaveArgs'>` and restore args `<class 'orbax.checkpoint._src.handlers.pytree_checkpoint_handler.PyTreeRestoreArgs'>` to `_handler_registry`. (2127467:composite_checkpoint_handler.py:234)
22:01:55.398 [I] Deferred registration for item: "params". Adding handler `<orbax.checkpoint._src.handlers.pytree_checkpoint_handler.PyTreeCheckpointHandler object at 0x14934c6e5910>` for item "params" and save args `<class 'orbax.checkpoint._src.handlers.pytree_checkpoint_handler.PyTreeSaveArgs'>` and restore args `<class 'orbax.checkpoint._src.handlers.pytree_checkpoint_handler.PyTreeRestoreArgs'>` to `_handler_registry`. (2127467:composite_checkpoint_handler.py:234)
22:01:55.398 [I] Deferred registration for item: "metrics". Adding handler `<orbax.checkpoint._src.handlers.json_checkpoint_handler.JsonCheckpointHandler object at 0x1492f5e27850>` for item "metrics" and save args `<class 'orbax.checkpoint._src.handlers.json_checkpoint_handler.JsonSaveArgs'>` and restore args `<class 'orbax.checkpoint._src.handlers.json_checkpoint_handler.JsonRestoreArgs'>` to `_handler_registry`. (2127467:composite_checkpoint_handler.py:234)
22:01:55.399 [I] Initialized registry DefaultCheckpointHandlerRegistry({('assets', <class 'openpi.training.checkpoints.CallbackSave'>): <openpi.training.checkpoints.CallbackHandler object at 0x1492f5e25f90>, ('assets', <class 'openpi.training.checkpoints.CallbackRestore'>): <openpi.training.checkpoints.CallbackHandler object at 0x1492f5e25f90>, ('train_state', <class 'orbax.checkpoint._src.handlers.pytree_checkpoint_handler.PyTreeSaveArgs'>): <orbax.checkpoint._src.handlers.pytree_checkpoint_handler.PyTreeCheckpointHandler object at 0x1492f5e24510>, ('train_state', <class 'orbax.checkpoint._src.handlers.pytree_checkpoint_handler.PyTreeRestoreArgs'>): <orbax.checkpoint._src.handlers.pytree_checkpoint_handler.PyTreeCheckpointHandler object at 0x1492f5e24510>, ('params', <class 'orbax.checkpoint._src.handlers.pytree_checkpoint_handler.PyTreeSaveArgs'>): <orbax.checkpoint._src.handlers.pytree_checkpoint_handler.PyTreeCheckpointHandler object at 0x14934c6e5910>, ('params', <class 'orbax.checkpoint._src.handlers.pytree_checkpoint_handler.PyTreeRestoreArgs'>): <orbax.checkpoint._src.handlers.pytree_checkpoint_handler.PyTreeCheckpointHandler object at 0x14934c6e5910>, ('metrics', <class 'orbax.checkpoint._src.handlers.json_checkpoint_handler.JsonSaveArgs'>): <orbax.checkpoint._src.handlers.json_checkpoint_handler.JsonCheckpointHandler object at 0x1492f5e27850>, ('metrics', <class 'orbax.checkpoint._src.handlers.json_checkpoint_handler.JsonRestoreArgs'>): <orbax.checkpoint._src.handlers.json_checkpoint_handler.JsonCheckpointHandler object at 0x1492f5e27850>}). (2127467:composite_checkpoint_handler.py:502)
22:01:55.400 [I] orbax-checkpoint version: 0.11.13                                                (2127467:abstract_checkpointer.py:35)
22:01:55.400 [I] [process=0][thread=MainThread] Using barrier_sync_fn: <function get_barrier_sync_fn.<locals>.<lambda> at 0x1492f5d4eca0> timeout: 7200 secs and primary_host=0 for async checkpoint writes (2127467:async_checkpointer.py:170)
22:01:55.400 [I] Found 0 checkpoint steps in /gpfs/projects/p53063/checkpoints/pi05_Franka_GraspNet_2_camfix/GraspNet_2_camfix (2127467:checkpoint_manager.py:1701)
22:01:55.400 [I] [process=0][thread=MainThread] CheckpointManager created,  primary_host=0, CheckpointManagerOptions=CheckpointManagerOptions(save_interval_steps=1, max_to_keep=1, keep_time_interval=None, keep_period=5000, should_keep_fn=None, best_fn=None, best_mode='max', keep_checkpoints_without_metrics=True, step_prefix=None, step_format_fixed_length=None, step_name_format=None, create=False, cleanup_tmp_directories=False, save_on_steps=frozenset(), single_host_load_and_broadcast=False, todelete_subdir=None, enable_background_delete=False, read_only=False, enable_async_checkpointing=True, async_options=AsyncOptions(timeout_secs=7200, barrier_sync_fn=None, post_finalization_callback=None, create_directories_asynchronously=True), multiprocessing_options=MultiprocessingOptions(primary_host=0, active_processes=None, barrier_sync_key_prefix=None), should_save_fn=None, file_options=FileOptions(path_permission_mode=None), save_root_metadata=True, temporary_path_class=None, save_decision_policy=None, prevent_write_metrics=False), root_directory=/gpfs/projects/p53063/checkpoints/pi05_Franka_GraspNet_2_camfix/GraspNet_2_camfix: <orbax.checkpoint.checkpoint_manager.CheckpointManager object at 0x1492f5e24950> (2127467:checkpoint_manager.py:801)
wandb: [wandb.login()] Loaded credentials for https://api.wandb.ai from /home/wgk1727/.netrc.
wandb: Currently logged in as: mdahmad2026 (mdahmad2026-northwestern-university) to https://api.wandb.ai. Use `wandb login --relogin` to force relogin
wandb: Tracking run with wandb version 0.28.0
wandb: Run data is saved locally in /gpfs/home/wgk1727/openpi_franka/wandb/run-20260809_220157-64smdyyq
wandb: Run `wandb offline` to turn off syncing.
wandb: Syncing run GraspNet_2_camfix
wandb: ⭐️ View project at https://wandb.ai/mdahmad2026-northwestern-university/openpi
wandb: 🚀 View run at https://wandb.ai/mdahmad2026-northwestern-university/openpi/runs/64smdyyq
22:01:59.278 [I] Loaded norm stats from /gpfs/home/wgk1727/openpi_franka/assets/pi05_Franka_GraspNet_2_camfix/saifahmad123/Franka_GraspNet_2 (2127467:config.py:198)
Returning existing local_dir `/projects/p53063/data/lerobot/saifahmad123/Franka_GraspNet_2` as remote repo cannot be accessed in `snapshot_download` (429 Client Error: Too Many Requests for url: https://huggingface.co/api/datasets/saifahmad123/Franka_GraspNet_2/revision/main (Request ID: Root=1-6a793f27-00c5d463233400843ff1134b;544a341b-783e-4e4e-8090-47850b1741a0)

We had to rate limit your IP (129.105.223.10). To continue using our service, create a HF account or login to your existing account, and make sure you pass a HF_TOKEN if you're using the API.).
22:01:59.331 [W] Returning existing local_dir `/projects/p53063/data/lerobot/saifahmad123/Franka_GraspNet_2` as remote repo cannot be accessed in `snapshot_download` (429 Client Error: Too Many Requests for url: https://huggingface.co/api/datasets/saifahmad123/Franka_GraspNet_2/revision/main (Request ID: Root=1-6a793f27-00c5d463233400843ff1134b;544a341b-783e-4e4e-8090-47850b1741a0)

We had to rate limit your IP (129.105.223.10). To continue using our service, create a HF account or login to your existing account, and make sure you pass a HF_TOKEN if you're using the API.). (2127467:_snapshot_download.py:224)
22:01:59.331 [I] Dataset fully cached at /projects/p53063/data/lerobot/saifahmad123/Franka_GraspNet_2 (2127467:train.py:242)
22:01:59.391 [I] Loaded norm stats from /gpfs/home/wgk1727/openpi_franka/assets/pi05_Franka_GraspNet_2_camfix/saifahmad123/Franka_GraspNet_2 (2127467:config.py:198)
22:01:59.392 [I] data_config: DataConfig(repo_id='saifahmad123/Franka_GraspNet_2', asset_id='saifahmad123/Franka_GraspNet_2', norm_stats={'state': NormStats(mean=array([ 0.01958106, -0.30817166,  0.01462702, -2.31118107, -0.00723577,
        2.12948847,  0.788266  ,  0.03797514,  0.03820085]), std=array([0.51756901, 0.54514992, 0.76215923, 0.51358181, 0.41946197,
       0.70988268, 0.88248634, 0.004643  , 0.00435656]), q01=array([-1.60724399, -1.37576716, -1.9643694 , -3.07189989, -1.15502226,
        1.02155847, -1.40661651,  0.0232    ,  0.024096  ]), q99=array([ 1.64861168,  0.91459252,  2.057083  , -0.88689881,  1.22432866,
        3.75243748,  2.78116146,  0.039992  ,  0.039992  ])), 'actions': NormStats(mean=array([ 0.00244976,  0.03911861,  0.00140515,  0.02264585,  0.01539664,
        0.02167558, -0.0029917 ,  0.02939887]), std=array([0.18026857, 0.14565289, 0.18824942, 0.14389066, 0.1185161 ,
       0.18039341, 0.17574006, 0.01765376]), q01=array([-0.63328842, -0.26907969, -0.56872331, -0.3997448 , -0.29029889,
       -0.39724106, -0.57622998,  0.        ]), q99=array([0.57031383, 0.49676528, 0.60706547, 0.39596608, 0.3108346 ,
       0.57230573, 0.54735093, 0.039992  ]))}, repack_transforms=Group(inputs=[RepackTransform(structure={'images': {'cam_high': 'observation.images.front_1', 'cam_left_wrist': 'observation.images.wrist', 'cam_right_wrist': 'observation.images.front_2'}, 'state': 'observation.state', 'actions': 'action', 'prompt': 'prompt'})], outputs=()), data_transforms=Group(inputs=(AlohaInputs(adapt_to_pi=False), DeltaActions(mask=(True, True, True, True, True, True, True, False))), outputs=(AbsoluteActions(mask=(True, True, True, True, True, True, True, False)), AlohaOutputs(adapt_to_pi=False))), model_transforms=Group(inputs=[InjectDefaultPrompt(prompt=None), ResizeImages(height=224, width=224), TokenizePrompt(tokenizer=<openpi.models.tokenizer.PaligemmaTokenizer object at 0x1492f6322210>, discrete_state_input=True), PadStatesAndActions(model_action_dim=32)], outputs=()), use_quantile_norm=True, action_sequence_keys=('action',), prompt_from_task=True, rlds_data_dir=None, action_space=None, datasets=()) (2127467:data_loader.py:247)
Traceback (most recent call last):
  File "/gpfs/home/wgk1727/openpi_franka/.venv/lib/python3.11/site-packages/lerobot/common/datasets/lerobot_dataset.py", line 498, in __init__
    assert all((self.root / fpath).is_file() for fpath in self.get_episodes_file_paths())
           ^^^^^^^^^^^^^^^^^^^^^^^^^^^^^^^^^^^^^^^^^^^^^^^^^^^^^^^^^^^^^^^^^^^^^^^^^^^^^^
AssertionError

During handling of the above exception, another exception occurred:

Traceback (most recent call last):
  File "/gpfs/home/wgk1727/openpi_franka/.venv/lib/python3.11/site-packages/huggingface_hub/utils/_http.py", line 409, in hf_raise_for_status
    response.raise_for_status()
  File "/gpfs/home/wgk1727/openpi_franka/.venv/lib/python3.11/site-packages/requests/models.py", line 1024, in raise_for_status
    raise HTTPError(http_error_msg, response=self)
requests.exceptions.HTTPError: 429 Client Error: Too Many Requests for url: https://huggingface.co/api/datasets/saifahmad123/Franka_GraspNet_2/refs

The above exception was the direct cause of the following exception:

Traceback (most recent call last):
  File "/gpfs/home/wgk1727/openpi_franka/scripts/train.py", line 309, in <module>
    main(_config.cli())
  File "/gpfs/home/wgk1727/openpi_franka/scripts/train.py", line 249, in main
    data_loader = _data_loader.create_data_loader(
                  ^^^^^^^^^^^^^^^^^^^^^^^^^^^^^^^^
  File "/gpfs/home/wgk1727/openpi_franka/src/openpi/training/data_loader.py", line 260, in create_data_loader
    return create_torch_data_loader(
           ^^^^^^^^^^^^^^^^^^^^^^^^^
  File "/gpfs/home/wgk1727/openpi_franka/src/openpi/training/data_loader.py", line 306, in create_torch_data_loader
    dataset = create_torch_dataset(data_config, action_horizon, model_config)
              ^^^^^^^^^^^^^^^^^^^^^^^^^^^^^^^^^^^^^^^^^^^^^^^^^^^^^^^^^^^^^^^
  File "/gpfs/home/wgk1727/openpi_franka/src/openpi/training/data_loader.py", line 141, in create_torch_dataset
    dataset = lerobot_dataset.LeRobotDataset(
              ^^^^^^^^^^^^^^^^^^^^^^^^^^^^^^^
  File "/gpfs/home/wgk1727/openpi_franka/.venv/lib/python3.11/site-packages/lerobot/common/datasets/lerobot_dataset.py", line 501, in __init__
    self.revision = get_safe_version(self.repo_id, self.revision)
                    ^^^^^^^^^^^^^^^^^^^^^^^^^^^^^^^^^^^^^^^^^^^^^
  File "/gpfs/home/wgk1727/openpi_franka/.venv/lib/python3.11/site-packages/lerobot/common/datasets/utils.py", line 327, in get_safe_version
    hub_versions = get_repo_versions(repo_id)
                   ^^^^^^^^^^^^^^^^^^^^^^^^^^
  File "/gpfs/home/wgk1727/openpi_franka/.venv/lib/python3.11/site-packages/lerobot/common/datasets/utils.py", line 309, in get_repo_versions
    repo_refs = api.list_repo_refs(repo_id, repo_type="dataset")
                ^^^^^^^^^^^^^^^^^^^^^^^^^^^^^^^^^^^^^^^^^^^^^^^^
  File "/gpfs/home/wgk1727/openpi_franka/.venv/lib/python3.11/site-packages/huggingface_hub/utils/_validators.py", line 114, in _inner_fn
    return fn(*args, **kwargs)
           ^^^^^^^^^^^^^^^^^^^
  File "/gpfs/home/wgk1727/openpi_franka/.venv/lib/python3.11/site-packages/huggingface_hub/hf_api.py", line 3200, in list_repo_refs
    hf_raise_for_status(response)
  File "/gpfs/home/wgk1727/openpi_franka/.venv/lib/python3.11/site-packages/huggingface_hub/utils/_http.py", line 482, in hf_raise_for_status
    raise _format(HfHubHTTPError, str(e), response) from e
huggingface_hub.errors.HfHubHTTPError: 429 Client Error: Too Many Requests for url: https://huggingface.co/api/datasets/saifahmad123/Franka_GraspNet_2/refs (Request ID: Root=1-6a793f29-666b6c9b6fcadf0a6758d194;d83f51ff-5463-450d-8426-a16b6bd8420e)

We had to rate limit your IP (129.105.223.10). To continue using our service, create a HF account or login to your existing account, and make sure you pass a HF_TOKEN if you're using the API.
