Running on: qgpu2010
Sat Aug 15 15:30:43 2026       
+-----------------------------------------------------------------------------------------+
| NVIDIA-SMI 610.43.02              KMD Version: 610.43.02     CUDA UMD Version: 13.3     |
+-----------------------------------------+------------------------+----------------------+
| GPU  Name                 Persistence-M | Bus-Id          Disp.A | Volatile Uncorr. ECC |
| Fan  Temp   Perf          Pwr:Usage/Cap |           Memory-Usage | GPU-Util  Compute M. |
|                                         |                        |               MIG M. |
|=========================================+========================+======================|
|   0  NVIDIA A100-SXM4-80GB          On  |   00000000:CA:00.0 Off |                    0 |
| N/A   44C    P0             61W /  500W |       0MiB /  81920MiB |      0%      Default |
|                                         |                        |             Disabled |
+-----------------------------------------+------------------------+----------------------+

+-----------------------------------------------------------------------------------------+
| Processes:                                                                              |
|  GPU   GI   CI              PID   Type   Process name                        GPU Memory |
|        ID   ID                                                               Usage      |
|=========================================================================================|
|  No running processes found                                                             |
+-----------------------------------------------------------------------------------------+
Step 0: grad_norm=0.2048, loss=0.0553, param_norm=1803.7705
Step 100: grad_norm=0.1577, loss=0.0336, param_norm=1803.7709
Step 200: grad_norm=0.0859, loss=0.0113, param_norm=1803.7740
Step 300: grad_norm=0.0680, loss=0.0086, param_norm=1803.7806
Step 400: grad_norm=0.0499, loss=0.0062, param_norm=1803.7876
Step 500: grad_norm=0.0413, loss=0.0053, param_norm=1803.7947
Step 600: grad_norm=0.0377, loss=0.0047, param_norm=1803.8004
Step 700: grad_norm=0.0385, loss=0.0045, param_norm=1803.8062
Step 800: grad_norm=0.0348, loss=0.0041, param_norm=1803.8109
Step 900: grad_norm=0.0336, loss=0.0040, param_norm=1803.8151
Step 1000: grad_norm=0.0325, loss=0.0034, param_norm=1803.8190
Step 1100: grad_norm=0.0321, loss=0.0032, param_norm=1803.8225
Step 1200: grad_norm=0.0277, loss=0.0027, param_norm=1803.8248
Step 1300: grad_norm=0.0290, loss=0.0028, param_norm=1803.8268
Step 1400: grad_norm=0.0322, loss=0.0029, param_norm=1803.8287
Step 1500: grad_norm=0.0271, loss=0.0024, param_norm=1803.8300
Step 1600: grad_norm=0.0311, loss=0.0024, param_norm=1803.8309
Step 1700: grad_norm=0.0247, loss=0.0020, param_norm=1803.8314
Step 1800: grad_norm=0.0267, loss=0.0020, param_norm=1803.8322
Step 1900: grad_norm=0.0262, loss=0.0021, param_norm=1803.8325
[1;34mwandb[0m: 
[1;34mwandb[0m: 🚀 View run [33mEXP0_a100[0m at: [34mhttps://wandb.ai/mdahmad2026-northwestern-university/openpi/runs/97am9pxp[0m
[1;34mwandb[0m: Find logs at: [1;35mwandb/run-20260815_153301-97am9pxp/logs[0m
