Running on: qgpu3006
Mon Aug 17 23:23:25 2026       
+-----------------------------------------------------------------------------------------+
| NVIDIA-SMI 610.43.02              KMD Version: 610.43.02     CUDA UMD Version: 13.3     |
+-----------------------------------------+------------------------+----------------------+
| GPU  Name                 Persistence-M | Bus-Id          Disp.A | Volatile Uncorr. ECC |
| Fan  Temp   Perf          Pwr:Usage/Cap |           Memory-Usage | GPU-Util  Compute M. |
|                                         |                        |               MIG M. |
|=========================================+========================+======================|
|   0  NVIDIA H100 80GB HBM3          On  |   00000000:55:00.0 Off |                    0 |
| N/A   43C    P0             70W /  700W |       0MiB /  81559MiB |      0%      Default |
|                                         |                        |             Disabled |
+-----------------------------------------+------------------------+----------------------+

+-----------------------------------------------------------------------------------------+
| Processes:                                                                              |
|  GPU   GI   CI              PID   Type   Process name                        GPU Memory |
|        ID   ID                                                               Usage      |
|=========================================================================================|
|  No running processes found                                                             |
+-----------------------------------------------------------------------------------------+
Step 0: grad_norm=0.1598, loss=0.0474, param_norm=1803.8630
Step 100: grad_norm=0.1657, loss=0.0445, param_norm=1803.8630
Step 200: grad_norm=0.1230, loss=0.0292, param_norm=1803.8633
Step 300: grad_norm=0.1044, loss=0.0192, param_norm=1803.8644
Step 400: grad_norm=0.0993, loss=0.0136, param_norm=1803.8658
Step 500: grad_norm=0.0866, loss=0.0111, param_norm=1803.8684
Step 600: grad_norm=0.0862, loss=0.0101, param_norm=1803.8716
Step 700: grad_norm=0.0741, loss=0.0091, param_norm=1803.8746
Step 800: grad_norm=0.0608, loss=0.0078, param_norm=1803.8790
Step 900: grad_norm=0.0588, loss=0.0071, param_norm=1803.8842
Step 1000: grad_norm=0.0560, loss=0.0066, param_norm=1803.8895
Step 1100: grad_norm=0.0510, loss=0.0066, param_norm=1803.8965
Step 1200: grad_norm=0.0444, loss=0.0055, param_norm=1803.9028
Step 1300: grad_norm=0.0417, loss=0.0052, param_norm=1803.9091
Step 1400: grad_norm=0.0404, loss=0.0048, param_norm=1803.9153
Step 1500: grad_norm=0.0390, loss=0.0044, param_norm=1803.9213
Step 1600: grad_norm=0.0409, loss=0.0048, param_norm=1803.9275
Step 1700: grad_norm=0.0412, loss=0.0043, param_norm=1803.9336
Step 1800: grad_norm=0.0347, loss=0.0041, param_norm=1803.9393
Step 1900: grad_norm=0.0367, loss=0.0041, param_norm=1803.9445
Step 2000: grad_norm=0.0326, loss=0.0035, param_norm=1803.9500
Step 2100: grad_norm=0.0322, loss=0.0036, param_norm=1803.9553
Step 2200: grad_norm=0.0342, loss=0.0036, param_norm=1803.9606
Step 2300: grad_norm=0.0292, loss=0.0030, param_norm=1803.9655
Step 2400: grad_norm=0.0359, loss=0.0038, param_norm=1803.9706
Step 2500: grad_norm=0.0317, loss=0.0029, param_norm=1803.9756
Step 2600: grad_norm=0.0334, loss=0.0037, param_norm=1803.9810
Step 2700: grad_norm=0.0327, loss=0.0032, param_norm=1803.9858
Step 2800: grad_norm=0.0298, loss=0.0028, param_norm=1803.9902
Step 2900: grad_norm=0.0304, loss=0.0030, param_norm=1803.9946
Step 3000: grad_norm=0.0314, loss=0.0031, param_norm=1803.9987
Step 3100: grad_norm=0.0278, loss=0.0027, param_norm=1804.0034
Step 3200: grad_norm=0.0325, loss=0.0034, param_norm=1804.0072
Step 3300: grad_norm=0.0288, loss=0.0025, param_norm=1804.0112
Step 3400: grad_norm=0.0289, loss=0.0030, param_norm=1804.0150
Step 3500: grad_norm=0.0291, loss=0.0027, param_norm=1804.0190
Step 3600: grad_norm=0.0285, loss=0.0027, param_norm=1804.0231
Step 3700: grad_norm=0.0285, loss=0.0026, param_norm=1804.0269
Step 3800: grad_norm=0.0304, loss=0.0029, param_norm=1804.0306
Step 3900: grad_norm=0.0279, loss=0.0026, param_norm=1804.0343
Step 4000: grad_norm=0.0286, loss=0.0026, param_norm=1804.0375
Step 4100: grad_norm=0.0279, loss=0.0024, param_norm=1804.0409
Step 4200: grad_norm=0.0300, loss=0.0026, param_norm=1804.0437
Step 4300: grad_norm=0.0278, loss=0.0023, param_norm=1804.0469
Step 4400: grad_norm=0.0280, loss=0.0024, param_norm=1804.0497
Step 4500: grad_norm=0.0270, loss=0.0022, param_norm=1804.0521
Step 4600: grad_norm=0.0258, loss=0.0023, param_norm=1804.0553
Step 4700: grad_norm=0.0238, loss=0.0020, param_norm=1804.0581
Step 4800: grad_norm=0.0270, loss=0.0023, param_norm=1804.0605
Step 4900: grad_norm=0.0259, loss=0.0024, param_norm=1804.0634
Step 5000: grad_norm=0.0252, loss=0.0019, param_norm=1804.0659
Step 5100: grad_norm=0.0259, loss=0.0022, param_norm=1804.0681
Step 5200: grad_norm=0.0258, loss=0.0022, param_norm=1804.0703
Step 5300: grad_norm=0.0267, loss=0.0020, param_norm=1804.0725
Step 5400: grad_norm=0.0255, loss=0.0022, param_norm=1804.0745
Step 5500: grad_norm=0.0246, loss=0.0020, param_norm=1804.0765
Step 5600: grad_norm=0.0277, loss=0.0020, param_norm=1804.0781
Step 5700: grad_norm=0.0246, loss=0.0017, param_norm=1804.0796
Step 5800: grad_norm=0.0291, loss=0.0020, param_norm=1804.0812
Step 5900: grad_norm=0.0253, loss=0.0020, param_norm=1804.0829
Step 6000: grad_norm=0.0230, loss=0.0017, param_norm=1804.0846
Step 6100: grad_norm=0.0251, loss=0.0019, param_norm=1804.0861
Step 6200: grad_norm=0.0247, loss=0.0017, param_norm=1804.0874
Step 6300: grad_norm=0.0254, loss=0.0019, param_norm=1804.0885
Step 6400: grad_norm=0.0234, loss=0.0017, param_norm=1804.0898
Step 6500: grad_norm=0.0235, loss=0.0018, param_norm=1804.0911
Step 6600: grad_norm=0.0246, loss=0.0016, param_norm=1804.0922
Step 6700: grad_norm=0.0247, loss=0.0016, param_norm=1804.0934
Step 6800: grad_norm=0.0253, loss=0.0017, param_norm=1804.0944
Step 6900: grad_norm=0.0269, loss=0.0019, param_norm=1804.0952
Step 7000: grad_norm=0.0245, loss=0.0017, param_norm=1804.0966
Step 7100: grad_norm=0.0242, loss=0.0017, param_norm=1804.0973
Step 7200: grad_norm=0.0252, loss=0.0017, param_norm=1804.0984
Step 7300: grad_norm=0.0245, loss=0.0016, param_norm=1804.0990
Step 7400: grad_norm=0.0247, loss=0.0019, param_norm=1804.0996
Step 7500: grad_norm=0.0274, loss=0.0018, param_norm=1804.1006
Step 7600: grad_norm=0.0272, loss=0.0017, param_norm=1804.1010
Step 7700: grad_norm=0.0241, loss=0.0015, param_norm=1804.1016
Step 7800: grad_norm=0.0243, loss=0.0015, param_norm=1804.1022
Step 7900: grad_norm=0.0236, loss=0.0016, param_norm=1804.1028
Step 8000: grad_norm=0.0281, loss=0.0017, param_norm=1804.1030
Step 8100: grad_norm=0.0259, loss=0.0017, param_norm=1804.1035
Step 8200: grad_norm=0.0279, loss=0.0018, param_norm=1804.1040
Step 8300: grad_norm=0.0242, loss=0.0015, param_norm=1804.1044
Step 8400: grad_norm=0.0231, loss=0.0015, param_norm=1804.1049
Step 8500: grad_norm=0.0236, loss=0.0014, param_norm=1804.1051
Step 8600: grad_norm=0.0235, loss=0.0016, param_norm=1804.1055
Step 8700: grad_norm=0.0248, loss=0.0015, param_norm=1804.1057
Step 8800: grad_norm=0.0242, loss=0.0015, param_norm=1804.1060
Step 8900: grad_norm=0.0232, loss=0.0014, param_norm=1804.1062
Step 9000: grad_norm=0.0244, loss=0.0015, param_norm=1804.1063
Step 9100: grad_norm=0.0230, loss=0.0013, param_norm=1804.1067
Step 9200: grad_norm=0.0214, loss=0.0012, param_norm=1804.1068
Step 9300: grad_norm=0.0240, loss=0.0014, param_norm=1804.1072
Step 9400: grad_norm=0.0222, loss=0.0012, param_norm=1804.1074
Step 9500: grad_norm=0.0253, loss=0.0014, param_norm=1804.1078
Step 9600: grad_norm=0.0217, loss=0.0012, param_norm=1804.1078
Step 9700: grad_norm=0.0254, loss=0.0015, param_norm=1804.1080
Step 9800: grad_norm=0.0229, loss=0.0013, param_norm=1804.1080
Step 9900: grad_norm=0.0223, loss=0.0012, param_norm=1804.1084
[1;34mwandb[0m: 
[1;34mwandb[0m: 🚀 View run [33mEXP3_50_h100[0m at: [34mhttps://wandb.ai/mdahmad2026-northwestern-university/openpi/runs/8vwsu0o1[0m
[1;34mwandb[0m: Find logs at: [1;35mwandb/run-20260817_232509-8vwsu0o1/logs[0m
