Running on: qgpu3008
Mon Aug 10 22:21:31 2026       
+-----------------------------------------------------------------------------------------+
| NVIDIA-SMI 610.43.02              KMD Version: 610.43.02     CUDA UMD Version: 13.3     |
+-----------------------------------------+------------------------+----------------------+
| GPU  Name                 Persistence-M | Bus-Id          Disp.A | Volatile Uncorr. ECC |
| Fan  Temp   Perf          Pwr:Usage/Cap |           Memory-Usage | GPU-Util  Compute M. |
|                                         |                        |               MIG M. |
|=========================================+========================+======================|
|   0  NVIDIA H100 80GB HBM3          On  |   00000000:42:00.0 Off |                    0 |
| N/A   44C    P0             73W /  700W |       0MiB /  81559MiB |      0%      Default |
|                                         |                        |             Disabled |
+-----------------------------------------+------------------------+----------------------+

+-----------------------------------------------------------------------------------------+
| Processes:                                                                              |
|  GPU   GI   CI              PID   Type   Process name                        GPU Memory |
|        ID   ID                                                               Usage      |
|=========================================================================================|
|  No running processes found                                                             |
+-----------------------------------------------------------------------------------------+
Step 0: grad_norm=0.1468, loss=0.0389, param_norm=1803.8630
Step 100: grad_norm=0.1390, loss=0.0456, param_norm=1803.8629
Step 200: grad_norm=0.1095, loss=0.0355, param_norm=1803.8630
Step 300: grad_norm=0.1145, loss=0.0299, param_norm=1803.8638
Step 400: grad_norm=0.1311, loss=0.0273, param_norm=1803.8652
Step 500: grad_norm=0.1262, loss=0.0250, param_norm=1803.8678
Step 600: grad_norm=0.1121, loss=0.0230, param_norm=1803.8708
Step 700: grad_norm=0.1050, loss=0.0213, param_norm=1803.8746
Step 800: grad_norm=0.0990, loss=0.0193, param_norm=1803.8796
Step 900: grad_norm=0.0948, loss=0.0190, param_norm=1803.8856
Step 1000: grad_norm=0.0800, loss=0.0169, param_norm=1803.8928
Step 1100: grad_norm=0.0825, loss=0.0168, param_norm=1803.9012
Step 1200: grad_norm=0.0831, loss=0.0169, param_norm=1803.9099
Step 1300: grad_norm=0.0788, loss=0.0166, param_norm=1803.9185
Step 1400: grad_norm=0.0715, loss=0.0155, param_norm=1803.9263
Step 1500: grad_norm=0.0693, loss=0.0148, param_norm=1803.9341
Step 1600: grad_norm=0.0674, loss=0.0139, param_norm=1803.9421
Step 1700: grad_norm=0.0741, loss=0.0149, param_norm=1803.9506
Step 1800: grad_norm=0.0610, loss=0.0137, param_norm=1803.9579
Step 1900: grad_norm=0.0643, loss=0.0142, param_norm=1803.9653
Step 2000: grad_norm=0.0679, loss=0.0149, param_norm=1803.9734
Step 2100: grad_norm=0.0770, loss=0.0151, param_norm=1803.9812
Step 2200: grad_norm=0.0667, loss=0.0137, param_norm=1803.9889
Step 2300: grad_norm=0.0593, loss=0.0131, param_norm=1803.9958
Step 2400: grad_norm=0.0606, loss=0.0124, param_norm=1804.0031
Step 2500: grad_norm=0.0602, loss=0.0126, param_norm=1804.0103
Step 2600: grad_norm=0.0547, loss=0.0116, param_norm=1804.0176
Step 2700: grad_norm=0.0534, loss=0.0119, param_norm=1804.0249
Step 2800: grad_norm=0.0522, loss=0.0113, param_norm=1804.0326
Step 2900: grad_norm=0.0581, loss=0.0118, param_norm=1804.0398
Step 3000: grad_norm=0.0541, loss=0.0117, param_norm=1804.0474
Step 3100: grad_norm=0.0565, loss=0.0118, param_norm=1804.0548
Step 3200: grad_norm=0.0534, loss=0.0112, param_norm=1804.0621
Step 3300: grad_norm=0.0545, loss=0.0111, param_norm=1804.0693
Step 3400: grad_norm=0.0729, loss=0.0127, param_norm=1804.0762
Step 3500: grad_norm=0.0523, loss=0.0105, param_norm=1804.0831
Step 3600: grad_norm=0.0542, loss=0.0112, param_norm=1804.0890
Step 3700: grad_norm=0.0540, loss=0.0112, param_norm=1804.0956
Step 3800: grad_norm=0.0486, loss=0.0101, param_norm=1804.1033
Step 3900: grad_norm=0.0504, loss=0.0101, param_norm=1804.1102
Step 4000: grad_norm=0.0545, loss=0.0103, param_norm=1804.1167
Step 4100: grad_norm=0.0572, loss=0.0113, param_norm=1804.1228
Step 4200: grad_norm=0.0478, loss=0.0102, param_norm=1804.1294
Step 4300: grad_norm=0.0501, loss=0.0103, param_norm=1804.1362
Step 4400: grad_norm=0.0518, loss=0.0098, param_norm=1804.1426
Step 4500: grad_norm=0.0538, loss=0.0111, param_norm=1804.1490
Step 4600: grad_norm=0.0504, loss=0.0097, param_norm=1804.1549
Step 4700: grad_norm=0.0513, loss=0.0103, param_norm=1804.1619
Step 4800: grad_norm=0.0461, loss=0.0089, param_norm=1804.1686
Step 4900: grad_norm=0.0494, loss=0.0094, param_norm=1804.1748
Step 5000: grad_norm=0.0493, loss=0.0096, param_norm=1804.1812
Step 5100: grad_norm=0.0520, loss=0.0095, param_norm=1804.1877
Step 5200: grad_norm=0.0502, loss=0.0094, param_norm=1804.1937
Step 5300: grad_norm=0.0466, loss=0.0090, param_norm=1804.2000
Step 5400: grad_norm=0.0525, loss=0.0094, param_norm=1804.2064
Step 5500: grad_norm=0.0522, loss=0.0093, param_norm=1804.2124
Step 5600: grad_norm=0.0539, loss=0.0109, param_norm=1804.2181
Step 5700: grad_norm=0.0438, loss=0.0090, param_norm=1804.2241
Step 5800: grad_norm=0.0471, loss=0.0090, param_norm=1804.2306
Step 5900: grad_norm=0.0449, loss=0.0089, param_norm=1804.2366
Step 6000: grad_norm=0.0483, loss=0.0094, param_norm=1804.2429
Step 6100: grad_norm=0.0493, loss=0.0091, param_norm=1804.2490
Step 6200: grad_norm=0.0503, loss=0.0094, param_norm=1804.2548
Step 6300: grad_norm=0.0471, loss=0.0090, param_norm=1804.2606
Step 6400: grad_norm=0.0494, loss=0.0091, param_norm=1804.2670
Step 6500: grad_norm=0.0527, loss=0.0091, param_norm=1804.2732
Step 6600: grad_norm=0.0487, loss=0.0089, param_norm=1804.2793
Step 6700: grad_norm=0.0484, loss=0.0097, param_norm=1804.2853
Step 6800: grad_norm=0.0433, loss=0.0082, param_norm=1804.2909
Step 6900: grad_norm=0.0463, loss=0.0103, param_norm=1804.2971
Step 7000: grad_norm=0.0494, loss=0.0091, param_norm=1804.3031
Step 7100: grad_norm=0.0489, loss=0.0088, param_norm=1804.3087
Step 7200: grad_norm=0.0470, loss=0.0088, param_norm=1804.3149
Step 7300: grad_norm=0.0482, loss=0.0096, param_norm=1804.3209
Step 7400: grad_norm=0.0481, loss=0.0084, param_norm=1804.3268
Step 7500: grad_norm=0.0646, loss=0.0091, param_norm=1804.3328
Step 7600: grad_norm=0.0462, loss=0.0085, param_norm=1804.3374
Step 7700: grad_norm=0.0478, loss=0.0086, param_norm=1804.3431
Step 7800: grad_norm=0.0449, loss=0.0081, param_norm=1804.3489
Step 7900: grad_norm=0.0468, loss=0.0082, param_norm=1804.3538
Step 8000: grad_norm=0.0514, loss=0.0091, param_norm=1804.3590
Step 8100: grad_norm=0.0437, loss=0.0077, param_norm=1804.3641
Step 8200: grad_norm=0.0488, loss=0.0086, param_norm=1804.3696
Step 8300: grad_norm=0.0582, loss=0.0100, param_norm=1804.3750
Step 8400: grad_norm=0.0507, loss=0.0086, param_norm=1804.3796
Step 8500: grad_norm=0.0478, loss=0.0084, param_norm=1804.3846
Step 8600: grad_norm=0.0456, loss=0.0081, param_norm=1804.3904
Step 8700: grad_norm=0.0478, loss=0.0082, param_norm=1804.3953
Step 8800: grad_norm=0.0511, loss=0.0086, param_norm=1804.4004
Step 8900: grad_norm=0.0464, loss=0.0081, param_norm=1804.4049
Step 9000: grad_norm=0.0453, loss=0.0079, param_norm=1804.4099
Step 9100: grad_norm=0.0503, loss=0.0085, param_norm=1804.4149
Step 9200: grad_norm=0.0497, loss=0.0081, param_norm=1804.4199
Step 9300: grad_norm=0.0472, loss=0.0081, param_norm=1804.4247
Step 9400: grad_norm=0.0500, loss=0.0086, param_norm=1804.4294
Step 9500: grad_norm=0.0469, loss=0.0085, param_norm=1804.4341
Step 9600: grad_norm=0.0463, loss=0.0080, param_norm=1804.4390
Step 9700: grad_norm=0.0491, loss=0.0083, param_norm=1804.4437
Step 9800: grad_norm=0.0439, loss=0.0079, param_norm=1804.4481
Step 9900: grad_norm=0.0432, loss=0.0075, param_norm=1804.4525
Step 10000: grad_norm=0.0469, loss=0.0074, param_norm=1804.4572
Step 10100: grad_norm=0.0436, loss=0.0075, param_norm=1804.4617
Step 10200: grad_norm=0.0455, loss=0.0078, param_norm=1804.4662
Step 10300: grad_norm=0.0455, loss=0.0078, param_norm=1804.4709
Step 10400: grad_norm=0.0469, loss=0.0075, param_norm=1804.4756
Step 10500: grad_norm=0.0416, loss=0.0072, param_norm=1804.4799
Step 10600: grad_norm=0.0448, loss=0.0073, param_norm=1804.4844
Step 10700: grad_norm=0.0468, loss=0.0075, param_norm=1804.4888
Step 10800: grad_norm=0.0420, loss=0.0072, param_norm=1804.4929
Step 10900: grad_norm=0.0457, loss=0.0069, param_norm=1804.4972
Step 11000: grad_norm=0.0451, loss=0.0073, param_norm=1804.5018
Step 11100: grad_norm=0.0476, loss=0.0075, param_norm=1804.5056
Step 11200: grad_norm=0.0418, loss=0.0068, param_norm=1804.5093
Step 11300: grad_norm=0.0463, loss=0.0072, param_norm=1804.5134
Step 11400: grad_norm=0.0421, loss=0.0068, param_norm=1804.5176
Step 11500: grad_norm=0.0426, loss=0.0067, param_norm=1804.5221
Step 11600: grad_norm=0.0401, loss=0.0067, param_norm=1804.5264
Step 11700: grad_norm=0.0487, loss=0.0075, param_norm=1804.5303
Step 11800: grad_norm=0.0526, loss=0.0077, param_norm=1804.5341
Step 11900: grad_norm=0.0431, loss=0.0073, param_norm=1804.5377
Step 12000: grad_norm=0.0417, loss=0.0071, param_norm=1804.5415
Step 12100: grad_norm=0.0439, loss=0.0078, param_norm=1804.5449
Step 12200: grad_norm=0.0416, loss=0.0067, param_norm=1804.5487
Step 12300: grad_norm=0.0435, loss=0.0077, param_norm=1804.5521
Step 12400: grad_norm=0.0447, loss=0.0072, param_norm=1804.5553
Step 12500: grad_norm=0.0476, loss=0.0071, param_norm=1804.5591
Step 12600: grad_norm=0.0498, loss=0.0074, param_norm=1804.5627
Step 12700: grad_norm=0.0518, loss=0.0077, param_norm=1804.5658
Step 12800: grad_norm=0.0436, loss=0.0066, param_norm=1804.5690
Step 12900: grad_norm=0.0450, loss=0.0070, param_norm=1804.5725
Step 13000: grad_norm=0.0430, loss=0.0071, param_norm=1804.5757
Step 13100: grad_norm=0.0461, loss=0.0075, param_norm=1804.5792
Step 13200: grad_norm=0.0447, loss=0.0072, param_norm=1804.5826
Step 13300: grad_norm=0.0495, loss=0.0081, param_norm=1804.5859
Step 13400: grad_norm=0.0437, loss=0.0070, param_norm=1804.5885
Step 13500: grad_norm=0.0449, loss=0.0067, param_norm=1804.5916
Step 13600: grad_norm=0.0441, loss=0.0070, param_norm=1804.5950
Step 13700: grad_norm=0.0456, loss=0.0067, param_norm=1804.5979
Step 13800: grad_norm=0.0490, loss=0.0074, param_norm=1804.6007
Step 13900: grad_norm=0.0459, loss=0.0070, param_norm=1804.6038
Step 14000: grad_norm=0.0408, loss=0.0063, param_norm=1804.6066
Step 14100: grad_norm=0.0615, loss=0.0079, param_norm=1804.6102
Step 14200: grad_norm=0.0398, loss=0.0065, param_norm=1804.6134
Step 14300: grad_norm=0.0460, loss=0.0066, param_norm=1804.6158
Step 14400: grad_norm=0.0407, loss=0.0061, param_norm=1804.6187
Step 14500: grad_norm=0.0421, loss=0.0063, param_norm=1804.6212
Step 14600: grad_norm=0.0467, loss=0.0067, param_norm=1804.6244
Step 14700: grad_norm=0.0470, loss=0.0076, param_norm=1804.6268
Step 14800: grad_norm=0.0420, loss=0.0062, param_norm=1804.6298
Step 14900: grad_norm=0.0451, loss=0.0067, param_norm=1804.6324
Step 15000: grad_norm=0.0433, loss=0.0064, param_norm=1804.6350
Step 15100: grad_norm=0.0451, loss=0.0063, param_norm=1804.6373
Step 15200: grad_norm=0.0475, loss=0.0074, param_norm=1804.6396
Step 15300: grad_norm=0.0475, loss=0.0071, param_norm=1804.6418
Step 15400: grad_norm=0.0450, loss=0.0067, param_norm=1804.6440
Step 15500: grad_norm=0.0474, loss=0.0067, param_norm=1804.6465
Step 15600: grad_norm=0.0496, loss=0.0067, param_norm=1804.6484
Step 15700: grad_norm=0.0417, loss=0.0061, param_norm=1804.6506
Step 15800: grad_norm=0.0434, loss=0.0062, param_norm=1804.6528
Step 15900: grad_norm=0.0441, loss=0.0062, param_norm=1804.6553
Step 16000: grad_norm=0.0424, loss=0.0062, param_norm=1804.6575
Step 16100: grad_norm=0.0423, loss=0.0057, param_norm=1804.6597
Step 16200: grad_norm=0.0474, loss=0.0067, param_norm=1804.6619
Step 16300: grad_norm=0.0465, loss=0.0059, param_norm=1804.6638
Step 16400: grad_norm=0.0423, loss=0.0062, param_norm=1804.6659
Step 16500: grad_norm=0.0397, loss=0.0058, param_norm=1804.6676
Step 16600: grad_norm=0.0488, loss=0.0062, param_norm=1804.6699
Step 16700: grad_norm=0.0480, loss=0.0059, param_norm=1804.6719
Step 16800: grad_norm=0.0463, loss=0.0058, param_norm=1804.6741
Step 16900: grad_norm=0.0418, loss=0.0059, param_norm=1804.6754
Step 17000: grad_norm=0.0440, loss=0.0061, param_norm=1804.6770
Step 17100: grad_norm=0.0407, loss=0.0059, param_norm=1804.6787
Step 17200: grad_norm=0.0448, loss=0.0061, param_norm=1804.6809
Step 17300: grad_norm=0.0552, loss=0.0065, param_norm=1804.6830
Step 17400: grad_norm=0.0464, loss=0.0062, param_norm=1804.6843
Step 17500: grad_norm=0.0447, loss=0.0058, param_norm=1804.6865
Step 17600: grad_norm=0.0410, loss=0.0056, param_norm=1804.6881
Step 17700: grad_norm=0.0441, loss=0.0055, param_norm=1804.6897
Step 17800: grad_norm=0.0460, loss=0.0060, param_norm=1804.6914
Step 17900: grad_norm=0.0459, loss=0.0057, param_norm=1804.6931
Step 18000: grad_norm=0.0417, loss=0.0058, param_norm=1804.6947
Step 18100: grad_norm=0.0449, loss=0.0056, param_norm=1804.6960
Step 18200: grad_norm=0.0451, loss=0.0059, param_norm=1804.6976
Step 18300: grad_norm=0.0489, loss=0.0064, param_norm=1804.6989
Step 18400: grad_norm=0.0421, loss=0.0057, param_norm=1804.7000
Step 18500: grad_norm=0.0420, loss=0.0060, param_norm=1804.7014
Step 18600: grad_norm=0.0411, loss=0.0060, param_norm=1804.7031
Step 18700: grad_norm=0.0417, loss=0.0055, param_norm=1804.7043
Step 18800: grad_norm=0.0388, loss=0.0053, param_norm=1804.7056
Step 18900: grad_norm=0.0410, loss=0.0057, param_norm=1804.7068
Step 19000: grad_norm=0.0583, loss=0.0064, param_norm=1804.7083
Step 19100: grad_norm=0.0450, loss=0.0056, param_norm=1804.7096
Step 19200: grad_norm=0.0519, loss=0.0058, param_norm=1804.7109
Step 19300: grad_norm=0.0420, loss=0.0058, param_norm=1804.7122
Step 19400: grad_norm=0.0429, loss=0.0060, param_norm=1804.7134
Step 19500: grad_norm=0.0445, loss=0.0057, param_norm=1804.7148
Step 19600: grad_norm=0.0434, loss=0.0056, param_norm=1804.7161
Step 19700: grad_norm=0.0444, loss=0.0055, param_norm=1804.7172
Step 19800: grad_norm=0.0418, loss=0.0058, param_norm=1804.7181
Step 19900: grad_norm=0.0403, loss=0.0055, param_norm=1804.7194
Step 20000: grad_norm=0.0419, loss=0.0053, param_norm=1804.7202
Step 20100: grad_norm=0.0393, loss=0.0053, param_norm=1804.7212
Step 20200: grad_norm=0.0458, loss=0.0056, param_norm=1804.7222
Step 20300: grad_norm=0.0473, loss=0.0059, param_norm=1804.7233
Step 20400: grad_norm=0.0463, loss=0.0058, param_norm=1804.7244
Step 20500: grad_norm=0.0458, loss=0.0060, param_norm=1804.7252
Step 20600: grad_norm=0.0444, loss=0.0053, param_norm=1804.7260
Step 20700: grad_norm=0.0428, loss=0.0056, param_norm=1804.7266
Step 20800: grad_norm=0.0476, loss=0.0060, param_norm=1804.7278
Step 20900: grad_norm=0.0480, loss=0.0057, param_norm=1804.7284
Step 21000: grad_norm=0.0467, loss=0.0058, param_norm=1804.7291
Step 21100: grad_norm=0.0429, loss=0.0055, param_norm=1804.7302
Step 21200: grad_norm=0.0420, loss=0.0053, param_norm=1804.7312
Step 21300: grad_norm=0.0521, loss=0.0055, param_norm=1804.7318
Step 21400: grad_norm=0.0411, loss=0.0054, param_norm=1804.7328
Step 21500: grad_norm=0.0565, loss=0.0061, param_norm=1804.7338
Step 21600: grad_norm=0.0491, loss=0.0054, param_norm=1804.7344
Step 21700: grad_norm=0.0438, loss=0.0052, param_norm=1804.7350
Step 21800: grad_norm=0.0433, loss=0.0056, param_norm=1804.7358
Step 21900: grad_norm=0.0388, loss=0.0049, param_norm=1804.7367
Step 22000: grad_norm=0.0414, loss=0.0054, param_norm=1804.7373
Step 22100: grad_norm=0.0430, loss=0.0050, param_norm=1804.7379
Step 22200: grad_norm=0.0462, loss=0.0054, param_norm=1804.7385
Step 22300: grad_norm=0.0543, loss=0.0058, param_norm=1804.7394
Step 22400: grad_norm=0.0455, loss=0.0052, param_norm=1804.7402
Step 22500: grad_norm=0.0447, loss=0.0056, param_norm=1804.7406
Step 22600: grad_norm=0.0445, loss=0.0050, param_norm=1804.7412
Step 22700: grad_norm=0.0453, loss=0.0051, param_norm=1804.7418
Step 22800: grad_norm=0.0506, loss=0.0054, param_norm=1804.7422
Step 22900: grad_norm=0.0459, loss=0.0051, param_norm=1804.7428
Step 23000: grad_norm=0.0492, loss=0.0056, param_norm=1804.7434
Step 23100: grad_norm=0.0470, loss=0.0056, param_norm=1804.7440
Step 23200: grad_norm=0.0448, loss=0.0049, param_norm=1804.7445
Step 23300: grad_norm=0.0419, loss=0.0053, param_norm=1804.7450
Step 23400: grad_norm=0.0575, loss=0.0058, param_norm=1804.7457
Step 23500: grad_norm=0.0475, loss=0.0057, param_norm=1804.7463
Step 23600: grad_norm=0.0415, loss=0.0048, param_norm=1804.7468
Step 23700: grad_norm=0.0411, loss=0.0048, param_norm=1804.7473
Step 23800: grad_norm=0.0529, loss=0.0055, param_norm=1804.7478
Step 23900: grad_norm=0.0440, loss=0.0049, param_norm=1804.7480
Step 24000: grad_norm=0.0401, loss=0.0048, param_norm=1804.7484
Step 24100: grad_norm=0.0434, loss=0.0049, param_norm=1804.7487
Step 24200: grad_norm=0.0464, loss=0.0051, param_norm=1804.7494
Step 24300: grad_norm=0.0420, loss=0.0046, param_norm=1804.7494
Step 24400: grad_norm=0.0454, loss=0.0057, param_norm=1804.7500
Step 24500: grad_norm=0.0462, loss=0.0050, param_norm=1804.7506
Step 24600: grad_norm=0.0468, loss=0.0051, param_norm=1804.7509
Step 24700: grad_norm=0.0483, loss=0.0053, param_norm=1804.7509
Step 24800: grad_norm=0.0521, loss=0.0050, param_norm=1804.7515
Step 24900: grad_norm=0.0465, loss=0.0050, param_norm=1804.7518
Step 25000: grad_norm=0.0415, loss=0.0045, param_norm=1804.7522
Step 25100: grad_norm=0.0450, loss=0.0049, param_norm=1804.7524
Step 25200: grad_norm=0.0479, loss=0.0053, param_norm=1804.7528
Step 25300: grad_norm=0.0528, loss=0.0056, param_norm=1804.7533
Step 25400: grad_norm=0.0472, loss=0.0054, param_norm=1804.7535
Step 25500: grad_norm=0.0463, loss=0.0049, param_norm=1804.7539
Step 25600: grad_norm=0.0438, loss=0.0050, param_norm=1804.7545
Step 25700: grad_norm=0.0440, loss=0.0050, param_norm=1804.7548
Step 25800: grad_norm=0.0473, loss=0.0048, param_norm=1804.7552
Step 25900: grad_norm=0.0418, loss=0.0047, param_norm=1804.7552
Step 26000: grad_norm=0.0468, loss=0.0052, param_norm=1804.7556
Step 26100: grad_norm=0.0464, loss=0.0049, param_norm=1804.7559
Step 26200: grad_norm=0.0439, loss=0.0049, param_norm=1804.7562
Step 26300: grad_norm=0.0418, loss=0.0046, param_norm=1804.7565
Step 26400: grad_norm=0.0516, loss=0.0055, param_norm=1804.7568
Step 26500: grad_norm=0.0437, loss=0.0048, param_norm=1804.7572
Step 26600: grad_norm=0.0499, loss=0.0048, param_norm=1804.7572
Step 26700: grad_norm=0.0431, loss=0.0046, param_norm=1804.7574
Step 26800: grad_norm=0.0424, loss=0.0046, param_norm=1804.7578
Step 26900: grad_norm=0.0467, loss=0.0049, param_norm=1804.7581
Step 27000: grad_norm=0.0440, loss=0.0046, param_norm=1804.7583
Step 27100: grad_norm=0.0504, loss=0.0047, param_norm=1804.7584
Step 27200: grad_norm=0.0462, loss=0.0051, param_norm=1804.7587
Step 27300: grad_norm=0.0431, loss=0.0045, param_norm=1804.7587
Step 27400: grad_norm=0.0454, loss=0.0045, param_norm=1804.7590
Step 27500: grad_norm=0.0423, loss=0.0047, param_norm=1804.7593
Step 27600: grad_norm=0.0489, loss=0.0049, param_norm=1804.7596
Step 27700: grad_norm=0.0430, loss=0.0046, param_norm=1804.7596
Step 27800: grad_norm=0.0465, loss=0.0046, param_norm=1804.7600
Step 27900: grad_norm=0.0445, loss=0.0044, param_norm=1804.7600
Step 28000: grad_norm=0.0440, loss=0.0046, param_norm=1804.7603
Step 28100: grad_norm=0.0457, loss=0.0045, param_norm=1804.7606
Step 28200: grad_norm=0.0443, loss=0.0048, param_norm=1804.7607
Step 28300: grad_norm=0.0513, loss=0.0050, param_norm=1804.7611
Step 28400: grad_norm=0.0467, loss=0.0046, param_norm=1804.7612
Step 28500: grad_norm=0.0467, loss=0.0049, param_norm=1804.7614
Step 28600: grad_norm=0.0426, loss=0.0047, param_norm=1804.7617
Step 28700: grad_norm=0.0507, loss=0.0050, param_norm=1804.7617
Step 28800: grad_norm=0.0432, loss=0.0045, param_norm=1804.7620
Step 28900: grad_norm=0.0574, loss=0.0053, param_norm=1804.7622
Step 29000: grad_norm=0.0499, loss=0.0045, param_norm=1804.7623
Step 29100: grad_norm=0.0484, loss=0.0046, param_norm=1804.7626
Step 29200: grad_norm=0.0446, loss=0.0045, param_norm=1804.7629
Step 29300: grad_norm=0.0440, loss=0.0045, param_norm=1804.7631
Step 29400: grad_norm=0.0420, loss=0.0041, param_norm=1804.7631
Step 29500: grad_norm=0.0418, loss=0.0044, param_norm=1804.7634
Step 29600: grad_norm=0.0474, loss=0.0046, param_norm=1804.7634
Step 29700: grad_norm=0.0468, loss=0.0046, param_norm=1804.7637
Step 29800: grad_norm=0.0447, loss=0.0045, param_norm=1804.7640
Step 29900: grad_norm=0.0411, loss=0.0043, param_norm=1804.7640
[1;34mwandb[0m: 
[1;34mwandb[0m: 🚀 View run [33mGraspNet_2_100_steps[0m at: [34mhttps://wandb.ai/mdahmad2026-northwestern-university/openpi/runs/97bapwjf[0m
[1;34mwandb[0m: Find logs at: [1;35mwandb/run-20260810_222310-97bapwjf/logs[0m
