Running on: qgpu2008
Wed Aug 19 16:05:53 2026       
+-----------------------------------------------------------------------------------------+
| NVIDIA-SMI 610.43.02              KMD Version: 610.43.02     CUDA UMD Version: 13.3     |
+-----------------------------------------+------------------------+----------------------+
| GPU  Name                 Persistence-M | Bus-Id          Disp.A | Volatile Uncorr. ECC |
| Fan  Temp   Perf          Pwr:Usage/Cap |           Memory-Usage | GPU-Util  Compute M. |
|                                         |                        |               MIG M. |
|=========================================+========================+======================|
|   0  NVIDIA A100-SXM4-80GB          On  |   00000000:E3:00.0 Off |                    0 |
| N/A   45C    P0             64W /  500W |       0MiB /  81920MiB |      0%      Default |
|                                         |                        |             Disabled |
+-----------------------------------------+------------------------+----------------------+

+-----------------------------------------------------------------------------------------+
| Processes:                                                                              |
|  GPU   GI   CI              PID   Type   Process name                        GPU Memory |
|        ID   ID                                                               Usage      |
|=========================================================================================|
|  No running processes found                                                             |
+-----------------------------------------------------------------------------------------+
Step 0: grad_norm=0.1548, loss=0.0506, param_norm=1803.7705
Step 100: grad_norm=0.1365, loss=0.0323, param_norm=1803.7709
Step 200: grad_norm=0.0914, loss=0.0121, param_norm=1803.7747
Step 300: grad_norm=0.0626, loss=0.0075, param_norm=1803.7820
Step 400: grad_norm=0.0483, loss=0.0054, param_norm=1803.7893
Step 500: grad_norm=0.0418, loss=0.0047, param_norm=1803.7959
Step 600: grad_norm=0.0372, loss=0.0040, param_norm=1803.8015
Step 700: grad_norm=0.0348, loss=0.0036, param_norm=1803.8066
Step 800: grad_norm=0.0327, loss=0.0033, param_norm=1803.8115
Step 900: grad_norm=0.0320, loss=0.0029, param_norm=1803.8156
Step 1000: grad_norm=0.0300, loss=0.0028, param_norm=1803.8187
Step 1100: grad_norm=0.0284, loss=0.0026, param_norm=1803.8212
Step 1200: grad_norm=0.0274, loss=0.0024, param_norm=1803.8234
Step 1300: grad_norm=0.0240, loss=0.0020, param_norm=1803.8251
Step 1400: grad_norm=0.0257, loss=0.0022, param_norm=1803.8268
Step 1500: grad_norm=0.0240, loss=0.0019, param_norm=1803.8278
Step 1600: grad_norm=0.0249, loss=0.0019, param_norm=1803.8287
Step 1700: grad_norm=0.0234, loss=0.0018, param_norm=1803.8293
Step 1800: grad_norm=0.0218, loss=0.0017, param_norm=1803.8300
Step 1900: grad_norm=0.0221, loss=0.0017, param_norm=1803.8300
[1;34mwandb[0m: 
[1;34mwandb[0m: 🚀 View run [33mEXP1_1_a100[0m at: [34mhttps://wandb.ai/mdahmad2026-northwestern-university/openpi/runs/s1zu0ips[0m
[1;34mwandb[0m: Find logs at: [1;35mwandb/run-20260819_160748-s1zu0ips/logs[0m
