Running on: qgpu0204
Sun Aug 16 04:00:30 2026       
+-----------------------------------------------------------------------------------------+
| NVIDIA-SMI 610.43.02              KMD Version: 610.43.02     CUDA UMD Version: 13.3     |
+-----------------------------------------+------------------------+----------------------+
| GPU  Name                 Persistence-M | Bus-Id          Disp.A | Volatile Uncorr. ECC |
| Fan  Temp   Perf          Pwr:Usage/Cap |           Memory-Usage | GPU-Util  Compute M. |
|                                         |                        |               MIG M. |
|=========================================+========================+======================|
|   0  NVIDIA A100-PCIE-40GB          On  |   00000000:06:00.0 Off |                    0 |
| N/A   27C    P0             33W /  250W |       0MiB /  40960MiB |      0%      Default |
|                                         |                        |             Disabled |
+-----------------------------------------+------------------------+----------------------+

+-----------------------------------------------------------------------------------------+
| Processes:                                                                              |
|  GPU   GI   CI              PID   Type   Process name                        GPU Memory |
|        ID   ID                                                               Usage      |
|=========================================================================================|
|  No running processes found                                                             |
+-----------------------------------------------------------------------------------------+
Step 0: grad_norm=0.1517, loss=0.0456, param_norm=1803.7705
Step 100: grad_norm=0.1463, loss=0.0356, param_norm=1803.7709
Step 200: grad_norm=0.0863, loss=0.0156, param_norm=1803.7743
Step 300: grad_norm=0.0643, loss=0.0100, param_norm=1803.7820
Step 400: grad_norm=0.0505, loss=0.0071, param_norm=1803.7897
Step 500: grad_norm=0.0497, loss=0.0068, param_norm=1803.7969
Step 600: grad_norm=0.0423, loss=0.0052, param_norm=1803.8032
Step 700: grad_norm=0.0467, loss=0.0057, param_norm=1803.8091
Step 800: grad_norm=0.0382, loss=0.0046, param_norm=1803.8140
Step 900: grad_norm=0.0355, loss=0.0041, param_norm=1803.8184
Step 1000: grad_norm=0.0343, loss=0.0039, param_norm=1803.8221
Step 1100: grad_norm=0.0349, loss=0.0039, param_norm=1803.8253
Step 1200: grad_norm=0.0316, loss=0.0034, param_norm=1803.8281
Step 1300: grad_norm=0.0290, loss=0.0030, param_norm=1803.8300
Step 1400: grad_norm=0.0342, loss=0.0034, param_norm=1803.8317
Step 1500: grad_norm=0.0318, loss=0.0032, param_norm=1803.8328
Step 1600: grad_norm=0.0278, loss=0.0026, param_norm=1803.8340
Step 1700: grad_norm=0.0314, loss=0.0028, param_norm=1803.8344
Step 1800: grad_norm=0.0266, loss=0.0024, param_norm=1803.8350
Step 1900: grad_norm=0.0277, loss=0.0026, param_norm=1803.8353
[1;34mwandb[0m: 
[1;34mwandb[0m: 🚀 View run [33mEXP3_10_a100[0m at: [34mhttps://wandb.ai/mdahmad2026-northwestern-university/openpi/runs/7xa5o3ie[0m
[1;34mwandb[0m: Find logs at: [1;35mwandb/run-20260816_040137-7xa5o3ie/logs[0m
