Running on: qgpu2006
Wed Aug 19 15:40:43 2026       
+-----------------------------------------------------------------------------------------+
| NVIDIA-SMI 610.43.02              KMD Version: 610.43.02     CUDA UMD Version: 13.3     |
+-----------------------------------------+------------------------+----------------------+
| GPU  Name                 Persistence-M | Bus-Id          Disp.A | Volatile Uncorr. ECC |
| Fan  Temp   Perf          Pwr:Usage/Cap |           Memory-Usage | GPU-Util  Compute M. |
|                                         |                        |               MIG M. |
|=========================================+========================+======================|
|   0  NVIDIA A100-SXM4-80GB          On  |   00000000:31:00.0 Off |                    0 |
| N/A   45C    P0             63W /  500W |       0MiB /  81920MiB |      0%      Default |
|                                         |                        |             Disabled |
+-----------------------------------------+------------------------+----------------------+

+-----------------------------------------------------------------------------------------+
| Processes:                                                                              |
|  GPU   GI   CI              PID   Type   Process name                        GPU Memory |
|        ID   ID                                                               Usage      |
|=========================================================================================|
|  No running processes found                                                             |
+-----------------------------------------------------------------------------------------+
Step 0: grad_norm=0.1505, loss=0.0507, param_norm=1803.7705
Step 100: grad_norm=0.1336, loss=0.0318, param_norm=1803.7709
Step 200: grad_norm=0.0923, loss=0.0131, param_norm=1803.7743
Step 300: grad_norm=0.0654, loss=0.0088, param_norm=1803.7819
Step 400: grad_norm=0.0494, loss=0.0069, param_norm=1803.7893
Step 500: grad_norm=0.0472, loss=0.0061, param_norm=1803.7959
Step 600: grad_norm=0.0397, loss=0.0049, param_norm=1803.8019
Step 700: grad_norm=0.0380, loss=0.0046, param_norm=1803.8071
Step 800: grad_norm=0.0389, loss=0.0046, param_norm=1803.8119
Step 900: grad_norm=0.0356, loss=0.0039, param_norm=1803.8159
Step 1000: grad_norm=0.0402, loss=0.0046, param_norm=1803.8197
Step 1100: grad_norm=0.0336, loss=0.0034, param_norm=1803.8228
Step 1200: grad_norm=0.0336, loss=0.0034, param_norm=1803.8254
Step 1300: grad_norm=0.0327, loss=0.0031, param_norm=1803.8275
Step 1400: grad_norm=0.0298, loss=0.0028, param_norm=1803.8290
Step 1500: grad_norm=0.0282, loss=0.0026, param_norm=1803.8303
Step 1600: grad_norm=0.0315, loss=0.0030, param_norm=1803.8311
Step 1700: grad_norm=0.0273, loss=0.0027, param_norm=1803.8317
Step 1800: grad_norm=0.0290, loss=0.0026, param_norm=1803.8323
Step 1900: grad_norm=0.0258, loss=0.0022, param_norm=1803.8329
[1;34mwandb[0m: 
[1;34mwandb[0m: 🚀 View run [33mEXP1_5_a100[0m at: [34mhttps://wandb.ai/mdahmad2026-northwestern-university/openpi/runs/usnr7nqq[0m
[1;34mwandb[0m: Find logs at: [1;35mwandb/run-20260819_154313-usnr7nqq/logs[0m
