Running on: qgpu3014
Thu Aug  6 04:07:48 2026       
+-----------------------------------------------------------------------------------------+
| NVIDIA-SMI 610.43.02              KMD Version: 610.43.02     CUDA UMD Version: 13.3     |
+-----------------------------------------+------------------------+----------------------+
| GPU  Name                 Persistence-M | Bus-Id          Disp.A | Volatile Uncorr. ECC |
| Fan  Temp   Perf          Pwr:Usage/Cap |           Memory-Usage | GPU-Util  Compute M. |
|                                         |                        |               MIG M. |
|=========================================+========================+======================|
|   0  NVIDIA H100 80GB HBM3          On  |   00000000:E6:00.0 Off |                    0 |
| N/A   45C    P0             72W /  700W |       0MiB /  81559MiB |      0%      Default |
|                                         |                        |             Disabled |
+-----------------------------------------+------------------------+----------------------+

+-----------------------------------------------------------------------------------------+
| Processes:                                                                              |
|  GPU   GI   CI              PID   Type   Process name                        GPU Memory |
|        ID   ID                                                               Usage      |
|=========================================================================================|
|  No running processes found                                                             |
+-----------------------------------------------------------------------------------------+
Step 0: grad_norm=0.1960, loss=0.0414, param_norm=1803.8630
Step 100: grad_norm=0.1499, loss=0.0371, param_norm=1803.8629
Step 200: grad_norm=0.1054, loss=0.0288, param_norm=1803.8633
Step 300: grad_norm=0.1019, loss=0.0237, param_norm=1803.8639
Step 400: grad_norm=0.1072, loss=0.0214, param_norm=1803.8650
Step 500: grad_norm=0.1091, loss=0.0196, param_norm=1803.8668
Step 600: grad_norm=0.1030, loss=0.0186, param_norm=1803.8696
Step 700: grad_norm=0.0891, loss=0.0168, param_norm=1803.8730
Step 800: grad_norm=0.0786, loss=0.0161, param_norm=1803.8778
Step 900: grad_norm=0.0838, loss=0.0157, param_norm=1803.8837
Step 1000: grad_norm=0.0683, loss=0.0143, param_norm=1803.8896
Step 1100: grad_norm=0.0667, loss=0.0133, param_norm=1803.8971
Step 1200: grad_norm=0.0583, loss=0.0122, param_norm=1803.9043
Step 1300: grad_norm=0.0595, loss=0.0123, param_norm=1803.9116
Step 1400: grad_norm=0.0536, loss=0.0117, param_norm=1803.9191
Step 1500: grad_norm=0.0525, loss=0.0109, param_norm=1803.9259
Step 1600: grad_norm=0.0500, loss=0.0105, param_norm=1803.9325
Step 1700: grad_norm=0.0528, loss=0.0115, param_norm=1803.9397
Step 1800: grad_norm=0.0589, loss=0.0123, param_norm=1803.9460
Step 1900: grad_norm=0.0585, loss=0.0105, param_norm=1803.9526
Step 2000: grad_norm=0.0545, loss=0.0103, param_norm=1803.9596
Step 2100: grad_norm=0.0557, loss=0.0108, param_norm=1803.9666
Step 2200: grad_norm=0.0519, loss=0.0107, param_norm=1803.9733
Step 2300: grad_norm=0.0487, loss=0.0097, param_norm=1803.9801
Step 2400: grad_norm=0.0501, loss=0.0094, param_norm=1803.9868
Step 2500: grad_norm=0.0494, loss=0.0098, param_norm=1803.9937
Step 2600: grad_norm=0.0464, loss=0.0099, param_norm=1804.0007
Step 2700: grad_norm=0.0463, loss=0.0087, param_norm=1804.0073
Step 2800: grad_norm=0.0460, loss=0.0090, param_norm=1804.0137
Step 2900: grad_norm=0.0495, loss=0.0097, param_norm=1804.0206
Step 3000: grad_norm=0.0501, loss=0.0090, param_norm=1804.0275
Step 3100: grad_norm=0.0488, loss=0.0092, param_norm=1804.0341
Step 3200: grad_norm=0.0506, loss=0.0086, param_norm=1804.0408
Step 3300: grad_norm=0.0482, loss=0.0089, param_norm=1804.0475
Step 3400: grad_norm=0.0440, loss=0.0084, param_norm=1804.0537
Step 3500: grad_norm=0.0488, loss=0.0104, param_norm=1804.0605
Step 3600: grad_norm=0.0534, loss=0.0097, param_norm=1804.0671
Step 3700: grad_norm=0.0469, loss=0.0092, param_norm=1804.0736
Step 3800: grad_norm=0.0530, loss=0.0098, param_norm=1804.0801
Step 3900: grad_norm=0.0439, loss=0.0078, param_norm=1804.0861
Step 4000: grad_norm=0.0491, loss=0.0087, param_norm=1804.0918
Step 4100: grad_norm=0.0432, loss=0.0081, param_norm=1804.0981
Step 4200: grad_norm=0.0467, loss=0.0081, param_norm=1804.1044
Step 4300: grad_norm=0.0435, loss=0.0076, param_norm=1804.1102
Step 4400: grad_norm=0.0439, loss=0.0076, param_norm=1804.1166
Step 4500: grad_norm=0.0448, loss=0.0085, param_norm=1804.1226
Step 4600: grad_norm=0.0481, loss=0.0079, param_norm=1804.1290
Step 4700: grad_norm=0.0424, loss=0.0073, param_norm=1804.1356
Step 4800: grad_norm=0.0522, loss=0.0084, param_norm=1804.1421
Step 4900: grad_norm=0.0456, loss=0.0074, param_norm=1804.1481
Step 5000: grad_norm=0.0471, loss=0.0083, param_norm=1804.1541
Step 5100: grad_norm=0.0385, loss=0.0070, param_norm=1804.1598
Step 5200: grad_norm=0.0456, loss=0.0081, param_norm=1804.1663
Step 5300: grad_norm=0.0422, loss=0.0072, param_norm=1804.1715
Step 5400: grad_norm=0.0445, loss=0.0084, param_norm=1804.1775
Step 5500: grad_norm=0.0485, loss=0.0102, param_norm=1804.1833
Step 5600: grad_norm=0.0494, loss=0.0078, param_norm=1804.1890
Step 5700: grad_norm=0.0520, loss=0.0104, param_norm=1804.1949
Step 5800: grad_norm=0.0482, loss=0.0084, param_norm=1804.2003
Step 5900: grad_norm=0.0470, loss=0.0082, param_norm=1804.2059
Step 6000: grad_norm=0.0423, loss=0.0082, param_norm=1804.2112
Step 6100: grad_norm=0.0426, loss=0.0068, param_norm=1804.2172
Step 6200: grad_norm=0.0426, loss=0.0072, param_norm=1804.2224
Step 6300: grad_norm=0.0413, loss=0.0068, param_norm=1804.2283
Step 6400: grad_norm=0.0494, loss=0.0076, param_norm=1804.2344
Step 6500: grad_norm=0.0440, loss=0.0078, param_norm=1804.2394
Step 6600: grad_norm=0.0427, loss=0.0069, param_norm=1804.2440
Step 6700: grad_norm=0.0450, loss=0.0080, param_norm=1804.2500
Step 6800: grad_norm=0.0438, loss=0.0068, param_norm=1804.2554
Step 6900: grad_norm=0.0435, loss=0.0071, param_norm=1804.2611
Step 7000: grad_norm=0.0400, loss=0.0070, param_norm=1804.2662
Step 7100: grad_norm=0.0496, loss=0.0081, param_norm=1804.2712
Step 7200: grad_norm=0.0566, loss=0.0086, param_norm=1804.2770
Step 7300: grad_norm=0.0450, loss=0.0072, param_norm=1804.2825
Step 7400: grad_norm=0.0461, loss=0.0074, param_norm=1804.2881
Step 7500: grad_norm=0.0430, loss=0.0070, param_norm=1804.2937
Step 7600: grad_norm=0.0434, loss=0.0071, param_norm=1804.2994
Step 7700: grad_norm=0.0411, loss=0.0066, param_norm=1804.3049
Step 7800: grad_norm=0.0392, loss=0.0061, param_norm=1804.3099
Step 7900: grad_norm=0.0488, loss=0.0077, param_norm=1804.3149
Step 8000: grad_norm=0.0437, loss=0.0064, param_norm=1804.3197
Step 8100: grad_norm=0.0422, loss=0.0062, param_norm=1804.3245
Step 8200: grad_norm=0.0409, loss=0.0064, param_norm=1804.3295
Step 8300: grad_norm=0.0415, loss=0.0067, param_norm=1804.3350
Step 8400: grad_norm=0.0386, loss=0.0060, param_norm=1804.3409
Step 8500: grad_norm=0.0413, loss=0.0063, param_norm=1804.3459
Step 8600: grad_norm=0.0446, loss=0.0066, param_norm=1804.3506
Step 8700: grad_norm=0.0431, loss=0.0070, param_norm=1804.3552
Step 8800: grad_norm=0.0450, loss=0.0074, param_norm=1804.3600
Step 8900: grad_norm=0.0382, loss=0.0058, param_norm=1804.3646
Step 9000: grad_norm=0.0395, loss=0.0058, param_norm=1804.3694
Step 9100: grad_norm=0.0445, loss=0.0103, param_norm=1804.3741
Step 9200: grad_norm=0.0407, loss=0.0060, param_norm=1804.3785
Step 9300: grad_norm=0.0418, loss=0.0065, param_norm=1804.3837
Step 9400: grad_norm=0.0418, loss=0.0063, param_norm=1804.3878
Step 9500: grad_norm=0.0517, loss=0.0076, param_norm=1804.3925
Step 9600: grad_norm=0.0417, loss=0.0070, param_norm=1804.3971
Step 9700: grad_norm=0.0432, loss=0.0065, param_norm=1804.4015
Step 9800: grad_norm=0.0412, loss=0.0065, param_norm=1804.4053
Step 9900: grad_norm=0.0415, loss=0.0067, param_norm=1804.4097
Step 10000: grad_norm=0.0442, loss=0.0066, param_norm=1804.4137
Step 10100: grad_norm=0.0389, loss=0.0058, param_norm=1804.4185
Step 10200: grad_norm=0.0446, loss=0.0071, param_norm=1804.4231
Step 10300: grad_norm=0.0423, loss=0.0059, param_norm=1804.4277
Step 10400: grad_norm=0.0461, loss=0.0068, param_norm=1804.4321
Step 10500: grad_norm=0.0414, loss=0.0058, param_norm=1804.4362
Step 10600: grad_norm=0.0517, loss=0.0072, param_norm=1804.4401
Step 10700: grad_norm=0.0412, loss=0.0061, param_norm=1804.4443
Step 10800: grad_norm=0.0393, loss=0.0057, param_norm=1804.4484
Step 10900: grad_norm=0.0377, loss=0.0058, param_norm=1804.4528
Step 11000: grad_norm=0.0412, loss=0.0059, param_norm=1804.4572
Step 11100: grad_norm=0.0418, loss=0.0060, param_norm=1804.4611
Step 11200: grad_norm=0.0481, loss=0.0066, param_norm=1804.4653
Step 11300: grad_norm=0.0443, loss=0.0058, param_norm=1804.4690
Step 11400: grad_norm=0.0416, loss=0.0058, param_norm=1804.4722
Step 11500: grad_norm=0.0383, loss=0.0055, param_norm=1804.4762
Step 11600: grad_norm=0.0448, loss=0.0061, param_norm=1804.4802
Step 11700: grad_norm=0.0408, loss=0.0057, param_norm=1804.4844
Step 11800: grad_norm=0.0403, loss=0.0061, param_norm=1804.4878
Step 11900: grad_norm=0.0428, loss=0.0063, param_norm=1804.4916
Step 12000: grad_norm=0.0433, loss=0.0063, param_norm=1804.4950
Step 12100: grad_norm=0.0433, loss=0.0057, param_norm=1804.4980
Step 12200: grad_norm=0.0375, loss=0.0058, param_norm=1804.5015
Step 12300: grad_norm=0.0373, loss=0.0053, param_norm=1804.5050
Step 12400: grad_norm=0.0410, loss=0.0059, param_norm=1804.5084
Step 12500: grad_norm=0.0418, loss=0.0066, param_norm=1804.5120
Step 12600: grad_norm=0.0384, loss=0.0058, param_norm=1804.5153
Step 12700: grad_norm=0.0412, loss=0.0054, param_norm=1804.5181
Step 12800: grad_norm=0.0575, loss=0.0057, param_norm=1804.5212
Step 12900: grad_norm=0.0372, loss=0.0054, param_norm=1804.5237
Step 13000: grad_norm=0.0380, loss=0.0056, param_norm=1804.5271
Step 13100: grad_norm=0.0457, loss=0.0066, param_norm=1804.5303
Step 13200: grad_norm=0.0448, loss=0.0066, param_norm=1804.5334
Step 13300: grad_norm=0.0385, loss=0.0056, param_norm=1804.5363
Step 13400: grad_norm=0.0375, loss=0.0054, param_norm=1804.5393
Step 13500: grad_norm=0.0398, loss=0.0059, param_norm=1804.5425
Step 13600: grad_norm=0.0400, loss=0.0056, param_norm=1804.5455
Step 13700: grad_norm=0.0382, loss=0.0051, param_norm=1804.5483
Step 13800: grad_norm=0.0385, loss=0.0058, param_norm=1804.5515
Step 13900: grad_norm=0.0384, loss=0.0052, param_norm=1804.5543
Step 14000: grad_norm=0.0398, loss=0.0053, param_norm=1804.5571
Step 14100: grad_norm=0.0383, loss=0.0049, param_norm=1804.5599
Step 14200: grad_norm=0.0373, loss=0.0058, param_norm=1804.5626
Step 14300: grad_norm=0.0420, loss=0.0059, param_norm=1804.5653
Step 14400: grad_norm=0.0400, loss=0.0055, param_norm=1804.5684
Step 14500: grad_norm=0.0411, loss=0.0061, param_norm=1804.5706
Step 14600: grad_norm=0.0438, loss=0.0054, param_norm=1804.5732
Step 14700: grad_norm=0.0395, loss=0.0053, param_norm=1804.5756
Step 14800: grad_norm=0.0408, loss=0.0053, param_norm=1804.5781
Step 14900: grad_norm=0.0450, loss=0.0060, param_norm=1804.5806
Step 15000: grad_norm=0.0376, loss=0.0049, param_norm=1804.5831
Step 15100: grad_norm=0.0435, loss=0.0057, param_norm=1804.5853
Step 15200: grad_norm=0.0405, loss=0.0053, param_norm=1804.5878
Step 15300: grad_norm=0.0386, loss=0.0051, param_norm=1804.5905
Step 15400: grad_norm=0.0371, loss=0.0055, param_norm=1804.5928
Step 15500: grad_norm=0.0387, loss=0.0053, param_norm=1804.5952
Step 15600: grad_norm=0.0403, loss=0.0051, param_norm=1804.5973
Step 15700: grad_norm=0.0399, loss=0.0051, param_norm=1804.5996
Step 15800: grad_norm=0.0443, loss=0.0055, param_norm=1804.6016
Step 15900: grad_norm=0.0395, loss=0.0050, param_norm=1804.6038
Step 16000: grad_norm=0.0420, loss=0.0053, param_norm=1804.6063
Step 16100: grad_norm=0.0417, loss=0.0052, param_norm=1804.6080
Step 16200: grad_norm=0.0430, loss=0.0054, param_norm=1804.6100
Step 16300: grad_norm=0.0398, loss=0.0047, param_norm=1804.6116
Step 16400: grad_norm=0.0364, loss=0.0049, param_norm=1804.6135
Step 16500: grad_norm=0.0404, loss=0.0049, param_norm=1804.6156
Step 16600: grad_norm=0.0434, loss=0.0062, param_norm=1804.6174
Step 16700: grad_norm=0.0362, loss=0.0047, param_norm=1804.6190
Step 16800: grad_norm=0.0421, loss=0.0050, param_norm=1804.6211
Step 16900: grad_norm=0.0405, loss=0.0054, param_norm=1804.6226
Step 17000: grad_norm=0.0382, loss=0.0048, param_norm=1804.6244
Step 17100: grad_norm=0.0379, loss=0.0047, param_norm=1804.6262
Step 17200: grad_norm=0.0423, loss=0.0045, param_norm=1804.6278
Step 17300: grad_norm=0.0378, loss=0.0049, param_norm=1804.6294
Step 17400: grad_norm=0.0397, loss=0.0048, param_norm=1804.6312
Step 17500: grad_norm=0.0421, loss=0.0058, param_norm=1804.6331
Step 17600: grad_norm=0.0344, loss=0.0043, param_norm=1804.6345
Step 17700: grad_norm=0.0358, loss=0.0050, param_norm=1804.6361
Step 17800: grad_norm=0.0418, loss=0.0055, param_norm=1804.6378
Step 17900: grad_norm=0.0374, loss=0.0045, param_norm=1804.6393
Step 18000: grad_norm=0.0362, loss=0.0047, param_norm=1804.6409
Step 18100: grad_norm=0.0408, loss=0.0048, param_norm=1804.6425
Step 18200: grad_norm=0.0414, loss=0.0046, param_norm=1804.6437
Step 18300: grad_norm=0.0370, loss=0.0050, param_norm=1804.6451
Step 18400: grad_norm=0.0388, loss=0.0047, param_norm=1804.6465
Step 18500: grad_norm=0.0394, loss=0.0047, param_norm=1804.6481
Step 18600: grad_norm=0.0409, loss=0.0049, param_norm=1804.6493
Step 18700: grad_norm=0.0382, loss=0.0048, param_norm=1804.6509
Step 18800: grad_norm=0.0379, loss=0.0047, param_norm=1804.6520
Step 18900: grad_norm=0.0375, loss=0.0049, param_norm=1804.6531
Step 19000: grad_norm=0.0372, loss=0.0045, param_norm=1804.6547
Step 19100: grad_norm=0.0404, loss=0.0049, param_norm=1804.6559
Step 19200: grad_norm=0.0397, loss=0.0046, param_norm=1804.6571
Step 19300: grad_norm=0.0361, loss=0.0045, param_norm=1804.6581
Step 19400: grad_norm=0.0432, loss=0.0057, param_norm=1804.6595
Step 19500: grad_norm=0.0393, loss=0.0047, param_norm=1804.6604
Step 19600: grad_norm=0.0382, loss=0.0046, param_norm=1804.6615
Step 19700: grad_norm=0.0462, loss=0.0061, param_norm=1804.6625
Step 19800: grad_norm=0.0456, loss=0.0050, param_norm=1804.6635
Step 19900: grad_norm=0.0366, loss=0.0044, param_norm=1804.6647
Step 20000: grad_norm=0.0415, loss=0.0051, param_norm=1804.6655
Step 20100: grad_norm=0.0385, loss=0.0044, param_norm=1804.6665
Step 20200: grad_norm=0.0395, loss=0.0048, param_norm=1804.6676
Step 20300: grad_norm=0.0385, loss=0.0043, param_norm=1804.6686
Step 20400: grad_norm=0.0373, loss=0.0041, param_norm=1804.6697
Step 20500: grad_norm=0.0377, loss=0.0046, param_norm=1804.6705
Step 20600: grad_norm=0.0410, loss=0.0057, param_norm=1804.6715
Step 20700: grad_norm=0.0452, loss=0.0047, param_norm=1804.6725
Step 20800: grad_norm=0.0468, loss=0.0056, param_norm=1804.6731
Step 20900: grad_norm=0.0370, loss=0.0045, param_norm=1804.6741
Step 21000: grad_norm=0.0404, loss=0.0041, param_norm=1804.6747
Step 21100: grad_norm=0.0401, loss=0.0044, param_norm=1804.6754
Step 21200: grad_norm=0.0386, loss=0.0042, param_norm=1804.6760
Step 21300: grad_norm=0.0362, loss=0.0044, param_norm=1804.6766
Step 21400: grad_norm=0.0402, loss=0.0044, param_norm=1804.6775
Step 21500: grad_norm=0.0398, loss=0.0045, param_norm=1804.6781
Step 21600: grad_norm=0.0471, loss=0.0049, param_norm=1804.6787
Step 21700: grad_norm=0.0379, loss=0.0042, param_norm=1804.6793
Step 21800: grad_norm=0.0442, loss=0.0059, param_norm=1804.6799
Step 21900: grad_norm=0.0412, loss=0.0052, param_norm=1804.6805
Step 22000: grad_norm=0.0388, loss=0.0048, param_norm=1804.6812
Step 22100: grad_norm=0.0499, loss=0.0042, param_norm=1804.6819
Step 22200: grad_norm=0.0371, loss=0.0042, param_norm=1804.6825
Step 22300: grad_norm=0.0374, loss=0.0041, param_norm=1804.6832
Step 22400: grad_norm=0.0452, loss=0.0045, param_norm=1804.6838
Step 22500: grad_norm=0.0398, loss=0.0046, param_norm=1804.6842
Step 22600: grad_norm=0.0387, loss=0.0045, param_norm=1804.6849
Step 22700: grad_norm=0.0396, loss=0.0043, param_norm=1804.6855
Step 22800: grad_norm=0.0383, loss=0.0043, param_norm=1804.6862
Step 22900: grad_norm=0.0440, loss=0.0046, param_norm=1804.6865
Step 23000: grad_norm=0.0355, loss=0.0040, param_norm=1804.6871
Step 23100: grad_norm=0.0460, loss=0.0054, param_norm=1804.6875
Step 23200: grad_norm=0.0407, loss=0.0049, param_norm=1804.6881
Step 23300: grad_norm=0.0394, loss=0.0045, param_norm=1804.6884
Step 23400: grad_norm=0.0376, loss=0.0039, param_norm=1804.6887
Step 23500: grad_norm=0.0419, loss=0.0049, param_norm=1804.6893
Step 23600: grad_norm=0.0408, loss=0.0042, param_norm=1804.6897
Step 23700: grad_norm=0.0373, loss=0.0039, param_norm=1804.6904
Step 23800: grad_norm=0.0431, loss=0.0044, param_norm=1804.6909
Step 23900: grad_norm=0.0386, loss=0.0043, param_norm=1804.6914
Step 24000: grad_norm=0.0441, loss=0.0047, param_norm=1804.6917
Step 24100: grad_norm=0.0382, loss=0.0046, param_norm=1804.6920
Step 24200: grad_norm=0.0365, loss=0.0038, param_norm=1804.6923
Step 24300: grad_norm=0.0393, loss=0.0041, param_norm=1804.6926
Step 24400: grad_norm=0.0433, loss=0.0046, param_norm=1804.6931
Step 24500: grad_norm=0.0382, loss=0.0044, param_norm=1804.6937
Step 24600: grad_norm=0.0412, loss=0.0048, param_norm=1804.6937
Step 24700: grad_norm=0.0413, loss=0.0047, param_norm=1804.6940
Step 24800: grad_norm=0.0413, loss=0.0051, param_norm=1804.6947
Step 24900: grad_norm=0.0380, loss=0.0047, param_norm=1804.6949
Step 25000: grad_norm=0.0357, loss=0.0038, param_norm=1804.6951
Step 25100: grad_norm=0.0355, loss=0.0038, param_norm=1804.6953
Step 25200: grad_norm=0.0413, loss=0.0042, param_norm=1804.6959
Step 25300: grad_norm=0.0495, loss=0.0045, param_norm=1804.6962
Step 25400: grad_norm=0.0458, loss=0.0045, param_norm=1804.6962
Step 25500: grad_norm=0.0380, loss=0.0039, param_norm=1804.6965
Step 25600: grad_norm=0.0385, loss=0.0042, param_norm=1804.6968
Step 25700: grad_norm=0.0366, loss=0.0039, param_norm=1804.6971
Step 25800: grad_norm=0.0386, loss=0.0039, param_norm=1804.6971
Step 25900: grad_norm=0.0351, loss=0.0041, param_norm=1804.6975
Step 26000: grad_norm=0.0403, loss=0.0040, param_norm=1804.6978
Step 26100: grad_norm=0.0392, loss=0.0041, param_norm=1804.6982
Step 26200: grad_norm=0.0395, loss=0.0041, param_norm=1804.6984
Step 26300: grad_norm=0.0373, loss=0.0041, param_norm=1804.6986
Step 26400: grad_norm=0.0364, loss=0.0039, param_norm=1804.6989
Step 26500: grad_norm=0.0368, loss=0.0039, param_norm=1804.6992
Step 26600: grad_norm=0.0400, loss=0.0043, param_norm=1804.6997
Step 26700: grad_norm=0.0374, loss=0.0040, param_norm=1804.6998
Step 26800: grad_norm=0.0404, loss=0.0041, param_norm=1804.7000
Step 26900: grad_norm=0.0369, loss=0.0036, param_norm=1804.7003
Step 27000: grad_norm=0.0386, loss=0.0042, param_norm=1804.7006
Step 27100: grad_norm=0.0441, loss=0.0045, param_norm=1804.7009
Step 27200: grad_norm=0.0436, loss=0.0042, param_norm=1804.7012
Step 27300: grad_norm=0.0422, loss=0.0044, param_norm=1804.7015
Step 27400: grad_norm=0.0393, loss=0.0040, param_norm=1804.7015
Step 27500: grad_norm=0.0388, loss=0.0037, param_norm=1804.7018
Step 27600: grad_norm=0.0353, loss=0.0036, param_norm=1804.7018
Step 27700: grad_norm=0.0396, loss=0.0040, param_norm=1804.7021
Step 27800: grad_norm=0.0374, loss=0.0039, param_norm=1804.7025
Step 27900: grad_norm=0.0424, loss=0.0039, param_norm=1804.7025
Step 28000: grad_norm=0.0450, loss=0.0044, param_norm=1804.7025
Step 28100: grad_norm=0.0420, loss=0.0041, param_norm=1804.7028
Step 28200: grad_norm=0.0451, loss=0.0050, param_norm=1804.7029
Step 28300: grad_norm=0.0387, loss=0.0041, param_norm=1804.7031
Step 28400: grad_norm=0.0389, loss=0.0039, param_norm=1804.7034
Step 28500: grad_norm=0.0384, loss=0.0040, param_norm=1804.7034
Step 28600: grad_norm=0.0424, loss=0.0045, param_norm=1804.7037
Step 28700: grad_norm=0.0393, loss=0.0040, param_norm=1804.7037
Step 28800: grad_norm=0.0385, loss=0.0037, param_norm=1804.7040
Step 28900: grad_norm=0.0391, loss=0.0039, param_norm=1804.7043
Step 29000: grad_norm=0.0380, loss=0.0037, param_norm=1804.7043
Step 29100: grad_norm=0.0358, loss=0.0038, param_norm=1804.7046
Step 29200: grad_norm=0.0371, loss=0.0035, param_norm=1804.7046
Step 29300: grad_norm=0.0423, loss=0.0049, param_norm=1804.7050
Step 29400: grad_norm=0.0424, loss=0.0043, param_norm=1804.7050
Step 29500: grad_norm=0.0369, loss=0.0034, param_norm=1804.7053
Step 29600: grad_norm=0.0463, loss=0.0044, param_norm=1804.7053
Step 29700: grad_norm=0.0392, loss=0.0040, param_norm=1804.7057
Step 29800: grad_norm=0.0561, loss=0.0040, param_norm=1804.7059
Step 29900: grad_norm=0.0461, loss=0.0047, param_norm=1804.7061
[1;34mwandb[0m: 
[1;34mwandb[0m: 🚀 View run [33mGRASPNET[0m at: [34mhttps://wandb.ai/mdahmad2026-northwestern-university/openpi/runs/bnaa4f0t[0m
[1;34mwandb[0m: Find logs at: [1;35mwandb/run-20260806_040939-bnaa4f0t/logs[0m
