Running on: qgpu2002
Sun Aug 16 22:20:33 2026       
+-----------------------------------------------------------------------------------------+
| NVIDIA-SMI 610.43.02              KMD Version: 610.43.02     CUDA UMD Version: 13.3     |
+-----------------------------------------+------------------------+----------------------+
| GPU  Name                 Persistence-M | Bus-Id          Disp.A | Volatile Uncorr. ECC |
| Fan  Temp   Perf          Pwr:Usage/Cap |           Memory-Usage | GPU-Util  Compute M. |
|                                         |                        |               MIG M. |
|=========================================+========================+======================|
|   0  NVIDIA A100-SXM4-80GB          On  |   00000000:4B:00.0 Off |                    0 |
| N/A   43C    P0             63W /  500W |       0MiB /  81920MiB |      0%      Default |
|                                         |                        |             Disabled |
+-----------------------------------------+------------------------+----------------------+

+-----------------------------------------------------------------------------------------+
| Processes:                                                                              |
|  GPU   GI   CI              PID   Type   Process name                        GPU Memory |
|        ID   ID                                                               Usage      |
|=========================================================================================|
|  No running processes found                                                             |
+-----------------------------------------------------------------------------------------+
Step 0: grad_norm=0.1537, loss=0.0398, param_norm=1803.7705
Step 100: grad_norm=0.1089, loss=0.0291, param_norm=1803.7709
Step 200: grad_norm=0.0940, loss=0.0157, param_norm=1803.7740
Step 300: grad_norm=0.0855, loss=0.0116, param_norm=1803.7812
Step 400: grad_norm=0.0627, loss=0.0084, param_norm=1803.7887
Step 500: grad_norm=0.0555, loss=0.0073, param_norm=1803.7965
Step 600: grad_norm=0.0478, loss=0.0062, param_norm=1803.8033
Step 700: grad_norm=0.0456, loss=0.0061, param_norm=1803.8087
Step 800: grad_norm=0.0398, loss=0.0048, param_norm=1803.8140
Step 900: grad_norm=0.0389, loss=0.0044, param_norm=1803.8187
Step 1000: grad_norm=0.0401, loss=0.0043, param_norm=1803.8228
Step 1100: grad_norm=0.0360, loss=0.0043, param_norm=1803.8259
Step 1200: grad_norm=0.0352, loss=0.0037, param_norm=1803.8284
Step 1300: grad_norm=0.0304, loss=0.0033, param_norm=1803.8306
Step 1400: grad_norm=0.0307, loss=0.0031, param_norm=1803.8323
Step 1500: grad_norm=0.0324, loss=0.0033, param_norm=1803.8334
Step 1600: grad_norm=0.0311, loss=0.0031, param_norm=1803.8346
Step 1700: grad_norm=0.0310, loss=0.0030, param_norm=1803.8353
Step 1800: grad_norm=0.0321, loss=0.0026, param_norm=1803.8356
Step 1900: grad_norm=0.0294, loss=0.0028, param_norm=1803.8362
[1;34mwandb[0m: 
[1;34mwandb[0m: 🚀 View run [33mEXP5_10_a100[0m at: [34mhttps://wandb.ai/mdahmad2026-northwestern-university/openpi/runs/lzyntr5i[0m
[1;34mwandb[0m: Find logs at: [1;35mwandb/run-20260816_222245-lzyntr5i/logs[0m
