Running on: qgpu3009
Sat Aug 22 04:04:02 2026       
+-----------------------------------------------------------------------------------------+
| NVIDIA-SMI 610.43.02              KMD Version: 610.43.02     CUDA UMD Version: 13.3     |
+-----------------------------------------+------------------------+----------------------+
| GPU  Name                 Persistence-M | Bus-Id          Disp.A | Volatile Uncorr. ECC |
| Fan  Temp   Perf          Pwr:Usage/Cap |           Memory-Usage | GPU-Util  Compute M. |
|                                         |                        |               MIG M. |
|=========================================+========================+======================|
|   0  NVIDIA H100 80GB HBM3          On  |   00000000:42:00.0 Off |                    0 |
| N/A   44C    P0             72W /  700W |       0MiB /  81559MiB |      0%      Default |
|                                         |                        |             Disabled |
+-----------------------------------------+------------------------+----------------------+

+-----------------------------------------------------------------------------------------+
| Processes:                                                                              |
|  GPU   GI   CI              PID   Type   Process name                        GPU Memory |
|        ID   ID                                                               Usage      |
|=========================================================================================|
|  No running processes found                                                             |
+-----------------------------------------------------------------------------------------+
Filesystem      Size  Used Avail Use% Mounted on
gpfs            1.0T  904G  121G  89% /gpfs
Step 0: grad_norm=0.1741, loss=0.0544, param_norm=1803.8630
Step 100: grad_norm=0.1371, loss=0.0384, param_norm=1803.8629
Step 200: grad_norm=0.1130, loss=0.0282, param_norm=1803.8630
Step 300: grad_norm=0.1203, loss=0.0234, param_norm=1803.8634
Step 400: grad_norm=0.1166, loss=0.0186, param_norm=1803.8639
Step 500: grad_norm=0.1223, loss=0.0161, param_norm=1803.8650
Step 600: grad_norm=0.1130, loss=0.0138, param_norm=1803.8658
Step 700: grad_norm=0.1133, loss=0.0129, param_norm=1803.8674
Step 800: grad_norm=0.1014, loss=0.0115, param_norm=1803.8694
Step 900: grad_norm=0.1030, loss=0.0117, param_norm=1803.8716
Step 1000: grad_norm=0.0878, loss=0.0100, param_norm=1803.8737
Step 1100: grad_norm=0.0816, loss=0.0093, param_norm=1803.8762
Step 1200: grad_norm=0.0785, loss=0.0093, param_norm=1803.8792
Step 1300: grad_norm=0.0729, loss=0.0085, param_norm=1803.8828
Step 1400: grad_norm=0.0675, loss=0.0083, param_norm=1803.8868
Step 1500: grad_norm=0.0610, loss=0.0079, param_norm=1803.8912
Step 1600: grad_norm=0.0637, loss=0.0078, param_norm=1803.8959
Step 1700: grad_norm=0.0592, loss=0.0072, param_norm=1803.9009
Step 1800: grad_norm=0.0554, loss=0.0076, param_norm=1803.9062
Step 1900: grad_norm=0.0516, loss=0.0069, param_norm=1803.9121
Step 2000: grad_norm=0.0502, loss=0.0068, param_norm=1803.9187
Step 2100: grad_norm=0.0516, loss=0.0069, param_norm=1803.9255
Step 2200: grad_norm=0.0469, loss=0.0062, param_norm=1803.9321
Step 2300: grad_norm=0.0425, loss=0.0059, param_norm=1803.9390
Step 2400: grad_norm=0.0432, loss=0.0058, param_norm=1803.9459
Step 2500: grad_norm=0.0437, loss=0.0060, param_norm=1803.9521
Step 2600: grad_norm=0.0399, loss=0.0056, param_norm=1803.9589
Step 2700: grad_norm=0.0435, loss=0.0060, param_norm=1803.9659
Step 2800: grad_norm=0.0422, loss=0.0056, param_norm=1803.9727
Step 2900: grad_norm=0.0383, loss=0.0050, param_norm=1803.9788
Step 3000: grad_norm=0.0375, loss=0.0048, param_norm=1803.9852
Step 3100: grad_norm=0.0393, loss=0.0051, param_norm=1803.9919
Step 3200: grad_norm=0.0371, loss=0.0051, param_norm=1803.9987
Step 3300: grad_norm=0.0365, loss=0.0048, param_norm=1804.0052
Step 3400: grad_norm=0.0357, loss=0.0046, param_norm=1804.0114
Step 3500: grad_norm=0.0353, loss=0.0049, param_norm=1804.0181
Step 3600: grad_norm=0.0362, loss=0.0048, param_norm=1804.0240
Step 3700: grad_norm=0.0366, loss=0.0045, param_norm=1804.0303
Step 3800: grad_norm=0.0366, loss=0.0046, param_norm=1804.0364
Step 3900: grad_norm=0.0341, loss=0.0041, param_norm=1804.0421
Step 4000: grad_norm=0.0319, loss=0.0040, param_norm=1804.0482
Step 4100: grad_norm=0.0326, loss=0.0040, param_norm=1804.0543
Step 4200: grad_norm=0.0335, loss=0.0041, param_norm=1804.0599
Step 4300: grad_norm=0.0323, loss=0.0040, param_norm=1804.0660
Step 4400: grad_norm=0.0343, loss=0.0042, param_norm=1804.0720
Step 4500: grad_norm=0.0325, loss=0.0038, param_norm=1804.0778
Step 4600: grad_norm=0.0347, loss=0.0043, param_norm=1804.0835
Step 4700: grad_norm=0.0330, loss=0.0039, param_norm=1804.0894
Step 4800: grad_norm=0.0373, loss=0.0045, param_norm=1804.0952
Step 4900: grad_norm=0.0347, loss=0.0044, param_norm=1804.1016
Step 5000: grad_norm=0.0313, loss=0.0037, param_norm=1804.1072
Step 5100: grad_norm=0.0305, loss=0.0037, param_norm=1804.1124
Step 5200: grad_norm=0.0324, loss=0.0037, param_norm=1804.1184
Step 5300: grad_norm=0.0319, loss=0.0038, param_norm=1804.1235
Step 5400: grad_norm=0.0308, loss=0.0037, param_norm=1804.1287
Step 5500: grad_norm=0.0302, loss=0.0037, param_norm=1804.1337
Step 5600: grad_norm=0.0331, loss=0.0038, param_norm=1804.1393
Step 5700: grad_norm=0.0282, loss=0.0031, param_norm=1804.1448
Step 5800: grad_norm=0.0361, loss=0.0038, param_norm=1804.1499
Step 5900: grad_norm=0.0303, loss=0.0035, param_norm=1804.1549
Step 6000: grad_norm=0.0292, loss=0.0032, param_norm=1804.1603
Step 6100: grad_norm=0.0306, loss=0.0034, param_norm=1804.1653
Step 6200: grad_norm=0.0296, loss=0.0034, param_norm=1804.1705
Step 6300: grad_norm=0.0284, loss=0.0032, param_norm=1804.1753
Step 6400: grad_norm=0.0303, loss=0.0035, param_norm=1804.1803
Step 6500: grad_norm=0.0298, loss=0.0033, param_norm=1804.1853
Step 6600: grad_norm=0.0290, loss=0.0031, param_norm=1804.1899
Step 6700: grad_norm=0.0291, loss=0.0031, param_norm=1804.1943
Step 6800: grad_norm=0.0293, loss=0.0033, param_norm=1804.1990
Step 6900: grad_norm=0.0310, loss=0.0032, param_norm=1804.2036
Step 7000: grad_norm=0.0300, loss=0.0030, param_norm=1804.2078
Step 7100: grad_norm=0.0298, loss=0.0032, param_norm=1804.2123
Step 7200: grad_norm=0.0295, loss=0.0033, param_norm=1804.2166
Step 7300: grad_norm=0.0288, loss=0.0030, param_norm=1804.2209
Step 7400: grad_norm=0.0285, loss=0.0031, param_norm=1804.2252
Step 7500: grad_norm=0.0313, loss=0.0034, param_norm=1804.2296
Step 7600: grad_norm=0.0305, loss=0.0031, param_norm=1804.2338
Step 7700: grad_norm=0.0315, loss=0.0032, param_norm=1804.2378
Step 7800: grad_norm=0.0294, loss=0.0030, param_norm=1804.2418
Step 7900: grad_norm=0.0280, loss=0.0030, param_norm=1804.2458
Step 8000: grad_norm=0.0277, loss=0.0030, param_norm=1804.2495
Step 8100: grad_norm=0.0290, loss=0.0030, param_norm=1804.2537
Step 8200: grad_norm=0.0262, loss=0.0028, param_norm=1804.2574
Step 8300: grad_norm=0.0277, loss=0.0030, param_norm=1804.2615
Step 8400: grad_norm=0.0267, loss=0.0028, param_norm=1804.2650
Step 8500: grad_norm=0.0308, loss=0.0031, param_norm=1804.2687
Step 8600: grad_norm=0.0289, loss=0.0032, param_norm=1804.2725
Step 8700: grad_norm=0.0292, loss=0.0028, param_norm=1804.2762
Step 8800: grad_norm=0.0306, loss=0.0032, param_norm=1804.2797
Step 8900: grad_norm=0.0290, loss=0.0029, param_norm=1804.2831
Step 9000: grad_norm=0.0274, loss=0.0027, param_norm=1804.2865
Step 9100: grad_norm=0.0285, loss=0.0030, param_norm=1804.2897
Step 9200: grad_norm=0.0257, loss=0.0025, param_norm=1804.2930
Step 9300: grad_norm=0.0276, loss=0.0026, param_norm=1804.2959
Step 9400: grad_norm=0.0266, loss=0.0027, param_norm=1804.2991
Step 9500: grad_norm=0.0265, loss=0.0026, param_norm=1804.3019
Step 9600: grad_norm=0.0286, loss=0.0026, param_norm=1804.3047
Step 9700: grad_norm=0.0269, loss=0.0026, param_norm=1804.3075
Step 9800: grad_norm=0.0267, loss=0.0024, param_norm=1804.3103
Step 9900: grad_norm=0.0268, loss=0.0025, param_norm=1804.3131
Step 10000: grad_norm=0.0273, loss=0.0029, param_norm=1804.3156
Step 10100: grad_norm=0.0265, loss=0.0025, param_norm=1804.3181
Step 10200: grad_norm=0.0247, loss=0.0025, param_norm=1804.3203
Step 10300: grad_norm=0.0258, loss=0.0024, param_norm=1804.3231
Step 10400: grad_norm=0.0274, loss=0.0027, param_norm=1804.3256
Step 10500: grad_norm=0.0271, loss=0.0025, param_norm=1804.3282
Step 10600: grad_norm=0.0259, loss=0.0024, param_norm=1804.3303
Step 10700: grad_norm=0.0277, loss=0.0025, param_norm=1804.3326
Step 10800: grad_norm=0.0265, loss=0.0024, param_norm=1804.3348
Step 10900: grad_norm=0.0256, loss=0.0023, param_norm=1804.3368
Step 11000: grad_norm=0.0238, loss=0.0022, param_norm=1804.3390
Step 11100: grad_norm=0.0246, loss=0.0023, param_norm=1804.3407
Step 11200: grad_norm=0.0266, loss=0.0023, param_norm=1804.3431
Step 11300: grad_norm=0.0254, loss=0.0022, param_norm=1804.3451
Step 11400: grad_norm=0.0252, loss=0.0022, param_norm=1804.3468
Step 11500: grad_norm=0.0276, loss=0.0022, param_norm=1804.3488
Step 11600: grad_norm=0.0271, loss=0.0023, param_norm=1804.3506
Step 11700: grad_norm=0.0312, loss=0.0028, param_norm=1804.3522
Step 11800: grad_norm=0.0256, loss=0.0022, param_norm=1804.3540
Step 11900: grad_norm=0.0265, loss=0.0023, param_norm=1804.3556
Step 12000: grad_norm=0.0259, loss=0.0023, param_norm=1804.3574
Step 12100: grad_norm=0.0257, loss=0.0021, param_norm=1804.3590
Step 12200: grad_norm=0.0252, loss=0.0023, param_norm=1804.3606
Step 12300: grad_norm=0.0252, loss=0.0023, param_norm=1804.3618
Step 12400: grad_norm=0.0256, loss=0.0021, param_norm=1804.3639
Step 12500: grad_norm=0.0243, loss=0.0021, param_norm=1804.3652
Step 12600: grad_norm=0.0240, loss=0.0019, param_norm=1804.3666
Step 12700: grad_norm=0.0253, loss=0.0020, param_norm=1804.3674
Step 12800: grad_norm=0.0258, loss=0.0023, param_norm=1804.3690
Step 12900: grad_norm=0.0269, loss=0.0021, param_norm=1804.3702
Step 13000: grad_norm=0.0243, loss=0.0021, param_norm=1804.3716
Step 13100: grad_norm=0.0268, loss=0.0021, param_norm=1804.3728
Step 13200: grad_norm=0.0290, loss=0.0023, param_norm=1804.3737
Step 13300: grad_norm=0.0246, loss=0.0020, param_norm=1804.3746
Step 13400: grad_norm=0.0248, loss=0.0018, param_norm=1804.3759
Step 13500: grad_norm=0.0250, loss=0.0019, param_norm=1804.3768
Step 13600: grad_norm=0.0255, loss=0.0020, param_norm=1804.3779
Step 13700: grad_norm=0.0236, loss=0.0020, param_norm=1804.3787
Step 13800: grad_norm=0.0259, loss=0.0019, param_norm=1804.3796
Step 13900: grad_norm=0.0242, loss=0.0019, param_norm=1804.3806
Step 14000: grad_norm=0.0246, loss=0.0019, param_norm=1804.3812
Step 14100: grad_norm=0.0247, loss=0.0019, param_norm=1804.3822
Step 14200: grad_norm=0.0253, loss=0.0021, param_norm=1804.3831
Step 14300: grad_norm=0.0251, loss=0.0019, param_norm=1804.3840
Step 14400: grad_norm=0.0249, loss=0.0020, param_norm=1804.3848
Step 14500: grad_norm=0.0250, loss=0.0018, param_norm=1804.3853
Step 14600: grad_norm=0.0242, loss=0.0018, param_norm=1804.3862
Step 14700: grad_norm=0.0243, loss=0.0019, param_norm=1804.3870
Step 14800: grad_norm=0.0254, loss=0.0019, param_norm=1804.3873
Step 14900: grad_norm=0.0265, loss=0.0021, param_norm=1804.3881
Step 15000: grad_norm=0.0250, loss=0.0019, param_norm=1804.3887
Step 15100: grad_norm=0.0260, loss=0.0019, param_norm=1804.3893
Step 15200: grad_norm=0.0277, loss=0.0020, param_norm=1804.3900
Step 15300: grad_norm=0.0282, loss=0.0021, param_norm=1804.3906
Step 15400: grad_norm=0.0253, loss=0.0019, param_norm=1804.3912
Step 15500: grad_norm=0.0258, loss=0.0018, param_norm=1804.3915
Step 15600: grad_norm=0.0262, loss=0.0019, param_norm=1804.3925
Step 15700: grad_norm=0.0262, loss=0.0019, param_norm=1804.3925
Step 15800: grad_norm=0.0243, loss=0.0018, param_norm=1804.3931
Step 15900: grad_norm=0.0238, loss=0.0017, param_norm=1804.3936
Step 16000: grad_norm=0.0257, loss=0.0018, param_norm=1804.3939
Step 16100: grad_norm=0.0240, loss=0.0017, param_norm=1804.3943
Step 16200: grad_norm=0.0245, loss=0.0017, param_norm=1804.3948
Step 16300: grad_norm=0.0243, loss=0.0017, param_norm=1804.3951
Step 16400: grad_norm=0.0238, loss=0.0016, param_norm=1804.3958
Step 16500: grad_norm=0.0233, loss=0.0016, param_norm=1804.3959
Step 16600: grad_norm=0.0260, loss=0.0017, param_norm=1804.3962
Step 16700: grad_norm=0.0249, loss=0.0016, param_norm=1804.3969
Step 16800: grad_norm=0.0233, loss=0.0016, param_norm=1804.3971
Step 16900: grad_norm=0.0271, loss=0.0022, param_norm=1804.3975
Step 17000: grad_norm=0.0250, loss=0.0017, param_norm=1804.3975
Step 17100: grad_norm=0.0260, loss=0.0017, param_norm=1804.3978
Step 17200: grad_norm=0.0233, loss=0.0014, param_norm=1804.3984
Step 17300: grad_norm=0.0252, loss=0.0016, param_norm=1804.3984
Step 17400: grad_norm=0.0248, loss=0.0017, param_norm=1804.3987
Step 17500: grad_norm=0.0231, loss=0.0015, param_norm=1804.3990
Step 17600: grad_norm=0.0232, loss=0.0016, param_norm=1804.3997
Step 17700: grad_norm=0.0237, loss=0.0015, param_norm=1804.3997
Step 17800: grad_norm=0.0257, loss=0.0018, param_norm=1804.3999
Step 17900: grad_norm=0.0270, loss=0.0017, param_norm=1804.4003
Step 18000: grad_norm=0.0245, loss=0.0016, param_norm=1804.4003
Step 18100: grad_norm=0.0235, loss=0.0015, param_norm=1804.4006
Step 18200: grad_norm=0.0235, loss=0.0015, param_norm=1804.4008
Step 18300: grad_norm=0.0238, loss=0.0016, param_norm=1804.4010
Step 18400: grad_norm=0.0245, loss=0.0016, param_norm=1804.4010
Step 18500: grad_norm=0.0262, loss=0.0017, param_norm=1804.4012
Step 18600: grad_norm=0.0230, loss=0.0015, param_norm=1804.4014
Step 18700: grad_norm=0.0264, loss=0.0018, param_norm=1804.4017
Step 18800: grad_norm=0.0251, loss=0.0017, param_norm=1804.4019
Step 18900: grad_norm=0.0241, loss=0.0015, param_norm=1804.4020
Step 19000: grad_norm=0.0234, loss=0.0015, param_norm=1804.4023
Step 19100: grad_norm=0.0262, loss=0.0016, param_norm=1804.4023
Step 19200: grad_norm=0.0241, loss=0.0014, param_norm=1804.4025
Step 19300: grad_norm=0.0254, loss=0.0015, param_norm=1804.4026
Step 19400: grad_norm=0.0242, loss=0.0016, param_norm=1804.4028
Step 19500: grad_norm=0.0245, loss=0.0015, param_norm=1804.4030
Step 19600: grad_norm=0.0254, loss=0.0015, param_norm=1804.4032
Step 19700: grad_norm=0.0270, loss=0.0015, param_norm=1804.4036
Step 19800: grad_norm=0.0248, loss=0.0014, param_norm=1804.4037
Step 19900: grad_norm=0.0251, loss=0.0015, param_norm=1804.4041
[1;34mwandb[0m: 
[1;34mwandb[0m: 🚀 View run [33mEXP10_ALL_h100[0m at: [34mhttps://wandb.ai/mdahmad2026-northwestern-university/openpi/runs/cy7fll9r[0m
[1;34mwandb[0m: Find logs at: [1;35mwandb/run-20260822_040543-cy7fll9r/logs[0m
