warning: The `tool.uv.dev-dependencies` field (used in `packages/openpi-client/pyproject.toml`) is deprecated and will be removed in a future release; use `dependency-groups.dev` instead
19:24:29.906 [I] Running on: qgpu2006                                                             (2121176:train.py:196)
INFO:2026-08-07 19:24:30,708:jax._src.xla_bridge:925: Unable to initialize backend 'rocm': module 'jaxlib.xla_extension' has no attribute 'GpuAllocatorConfig'
19:24:30.708 [I] Unable to initialize backend 'rocm': module 'jaxlib.xla_extension' has no attribute 'GpuAllocatorConfig' (2121176:xla_bridge.py:925)
INFO:2026-08-07 19:24:30,723:jax._src.xla_bridge:925: Unable to initialize backend 'tpu': INTERNAL: Failed to open libtpu.so: libtpu.so: cannot open shared object file: No such file or directory
19:24:30.723 [I] Unable to initialize backend 'tpu': INTERNAL: Failed to open libtpu.so: libtpu.so: cannot open shared object file: No such file or directory (2121176:xla_bridge.py:925)
19:24:32.079 [I] Wiped checkpoint directory /gpfs/projects/p53063/checkpoints/pi05_Franka_GRASPNET_abs_frozen_siglip/GRASPNET_abs_frozen_siglip (2121176:checkpoints.py:29)
19:24:32.079 [I] Created BasePyTreeCheckpointHandler: use_ocdbt=True, use_zarr3=False, pytree_metadata_options=PyTreeMetadataOptions(support_rich_types=False), array_metadata_store=<orbax.checkpoint._src.metadata.array_metadata_store.Store object at 0x14b800d8a650> (2121176:base_pytree_checkpoint_handler.py:334)
19:24:32.080 [I] Created BasePyTreeCheckpointHandler: use_ocdbt=True, use_zarr3=False, pytree_metadata_options=PyTreeMetadataOptions(support_rich_types=False), array_metadata_store=<orbax.checkpoint._src.metadata.array_metadata_store.Store object at 0x14b800d8a650> (2121176:base_pytree_checkpoint_handler.py:334)
19:24:32.080 [I] [thread=MainThread] Failed to get flag value for EXPERIMENTAL_ORBAX_USE_DISTRIBUTED_PROCESS_ID. (2121176:multihost.py:390)
19:24:32.080 [I] [process=0][thread=MainThread] CheckpointManager init: checkpointers=None, item_names=None, item_handlers={'assets': <openpi.training.checkpoints.CallbackHandler object at 0x14b6db73a750>, 'train_state': <orbax.checkpoint._src.handlers.pytree_checkpoint_handler.PyTreeCheckpointHandler object at 0x14b6db6be510>, 'params': <orbax.checkpoint._src.handlers.pytree_checkpoint_handler.PyTreeCheckpointHandler object at 0x14b6dbbabf10>}, handler_registry=None (2121176:checkpoint_manager.py:620)
19:24:32.081 [I] Deferred registration for item: "assets". Adding handler `<openpi.training.checkpoints.CallbackHandler object at 0x14b6db73a750>` for item "assets" and save args `<class 'openpi.training.checkpoints.CallbackSave'>` and restore args `<class 'openpi.training.checkpoints.CallbackRestore'>` to `_handler_registry`. (2121176:composite_checkpoint_handler.py:234)
19:24:32.081 [I] Deferred registration for item: "train_state". Adding handler `<orbax.checkpoint._src.handlers.pytree_checkpoint_handler.PyTreeCheckpointHandler object at 0x14b6db6be510>` for item "train_state" and save args `<class 'orbax.checkpoint._src.handlers.pytree_checkpoint_handler.PyTreeSaveArgs'>` and restore args `<class 'orbax.checkpoint._src.handlers.pytree_checkpoint_handler.PyTreeRestoreArgs'>` to `_handler_registry`. (2121176:composite_checkpoint_handler.py:234)
19:24:32.081 [I] Deferred registration for item: "params". Adding handler `<orbax.checkpoint._src.handlers.pytree_checkpoint_handler.PyTreeCheckpointHandler object at 0x14b6dbbabf10>` for item "params" and save args `<class 'orbax.checkpoint._src.handlers.pytree_checkpoint_handler.PyTreeSaveArgs'>` and restore args `<class 'orbax.checkpoint._src.handlers.pytree_checkpoint_handler.PyTreeRestoreArgs'>` to `_handler_registry`. (2121176:composite_checkpoint_handler.py:234)
19:24:32.082 [I] Deferred registration for item: "metrics". Adding handler `<orbax.checkpoint._src.handlers.json_checkpoint_handler.JsonCheckpointHandler object at 0x14b6db6c0ed0>` for item "metrics" and save args `<class 'orbax.checkpoint._src.handlers.json_checkpoint_handler.JsonSaveArgs'>` and restore args `<class 'orbax.checkpoint._src.handlers.json_checkpoint_handler.JsonRestoreArgs'>` to `_handler_registry`. (2121176:composite_checkpoint_handler.py:234)
19:24:32.084 [I] Initialized registry DefaultCheckpointHandlerRegistry({('assets', <class 'openpi.training.checkpoints.CallbackSave'>): <openpi.training.checkpoints.CallbackHandler object at 0x14b6db73a750>, ('assets', <class 'openpi.training.checkpoints.CallbackRestore'>): <openpi.training.checkpoints.CallbackHandler object at 0x14b6db73a750>, ('train_state', <class 'orbax.checkpoint._src.handlers.pytree_checkpoint_handler.PyTreeSaveArgs'>): <orbax.checkpoint._src.handlers.pytree_checkpoint_handler.PyTreeCheckpointHandler object at 0x14b6db6be510>, ('train_state', <class 'orbax.checkpoint._src.handlers.pytree_checkpoint_handler.PyTreeRestoreArgs'>): <orbax.checkpoint._src.handlers.pytree_checkpoint_handler.PyTreeCheckpointHandler object at 0x14b6db6be510>, ('params', <class 'orbax.checkpoint._src.handlers.pytree_checkpoint_handler.PyTreeSaveArgs'>): <orbax.checkpoint._src.handlers.pytree_checkpoint_handler.PyTreeCheckpointHandler object at 0x14b6dbbabf10>, ('params', <class 'orbax.checkpoint._src.handlers.pytree_checkpoint_handler.PyTreeRestoreArgs'>): <orbax.checkpoint._src.handlers.pytree_checkpoint_handler.PyTreeCheckpointHandler object at 0x14b6dbbabf10>, ('metrics', <class 'orbax.checkpoint._src.handlers.json_checkpoint_handler.JsonSaveArgs'>): <orbax.checkpoint._src.handlers.json_checkpoint_handler.JsonCheckpointHandler object at 0x14b6db6c0ed0>, ('metrics', <class 'orbax.checkpoint._src.handlers.json_checkpoint_handler.JsonRestoreArgs'>): <orbax.checkpoint._src.handlers.json_checkpoint_handler.JsonCheckpointHandler object at 0x14b6db6c0ed0>}). (2121176:composite_checkpoint_handler.py:502)
19:24:32.085 [I] orbax-checkpoint version: 0.11.13                                                (2121176:abstract_checkpointer.py:35)
19:24:32.086 [I] [process=0][thread=MainThread] Using barrier_sync_fn: <function get_barrier_sync_fn.<locals>.<lambda> at 0x14b6daf831a0> timeout: 7200 secs and primary_host=0 for async checkpoint writes (2121176:async_checkpointer.py:170)
19:24:32.086 [I] Found 0 checkpoint steps in /gpfs/projects/p53063/checkpoints/pi05_Franka_GRASPNET_abs_frozen_siglip/GRASPNET_abs_frozen_siglip (2121176:checkpoint_manager.py:1701)
19:24:32.087 [I] [process=0][thread=MainThread] CheckpointManager created,  primary_host=0, CheckpointManagerOptions=CheckpointManagerOptions(save_interval_steps=1, max_to_keep=1, keep_time_interval=None, keep_period=5000, should_keep_fn=None, best_fn=None, best_mode='max', keep_checkpoints_without_metrics=True, step_prefix=None, step_format_fixed_length=None, step_name_format=None, create=False, cleanup_tmp_directories=False, save_on_steps=frozenset(), single_host_load_and_broadcast=False, todelete_subdir=None, enable_background_delete=False, read_only=False, enable_async_checkpointing=True, async_options=AsyncOptions(timeout_secs=7200, barrier_sync_fn=None, post_finalization_callback=None, create_directories_asynchronously=True), multiprocessing_options=MultiprocessingOptions(primary_host=0, active_processes=None, barrier_sync_key_prefix=None), should_save_fn=None, file_options=FileOptions(path_permission_mode=None), save_root_metadata=True, temporary_path_class=None, save_decision_policy=None, prevent_write_metrics=False), root_directory=/gpfs/projects/p53063/checkpoints/pi05_Franka_GRASPNET_abs_frozen_siglip/GRASPNET_abs_frozen_siglip: <orbax.checkpoint.checkpoint_manager.CheckpointManager object at 0x14b6db160050> (2121176:checkpoint_manager.py:801)
wandb: [wandb.login()] Loaded credentials for https://api.wandb.ai from /home/wgk1727/.netrc.
wandb: Currently logged in as: mdahmad2026 (mdahmad2026-northwestern-university) to https://api.wandb.ai. Use `wandb login --relogin` to force relogin
wandb: Tracking run with wandb version 0.28.0
wandb: Run data is saved locally in /gpfs/home/wgk1727/openpi_franka/wandb/run-20260807_192433-q1bfqt86
wandb: Run `wandb offline` to turn off syncing.
wandb: Syncing run GRASPNET_abs_frozen_siglip
wandb: ⭐️ View project at https://wandb.ai/mdahmad2026-northwestern-university/openpi
wandb: 🚀 View run at https://wandb.ai/mdahmad2026-northwestern-university/openpi/runs/q1bfqt86
19:24:34.908 [I] Loaded norm stats from /gpfs/home/wgk1727/openpi_franka/assets/pi05_Franka_GRASPNET_abs_frozen_siglip/saifahmad123/Franka_GRASPNET (2121176:config.py:198)
Returning existing local_dir `/projects/p53063/data/lerobot/saifahmad123/Franka_GRASPNET` as remote repo cannot be accessed in `snapshot_download` (Cannot reach https://huggingface.co/api/datasets/saifahmad123/Franka_GRASPNET/revision/main: offline mode is enabled. To disable it, please unset the `HF_HUB_OFFLINE` environment variable.).
19:24:34.926 [W] Returning existing local_dir `/projects/p53063/data/lerobot/saifahmad123/Franka_GRASPNET` as remote repo cannot be accessed in `snapshot_download` (Cannot reach https://huggingface.co/api/datasets/saifahmad123/Franka_GRASPNET/revision/main: offline mode is enabled. To disable it, please unset the `HF_HUB_OFFLINE` environment variable.). (2121176:_snapshot_download.py:224)
19:24:34.927 [I] Dataset fully cached at /projects/p53063/data/lerobot/saifahmad123/Franka_GRASPNET (2121176:train.py:242)
19:24:35.035 [I] Loaded norm stats from /gpfs/home/wgk1727/openpi_franka/assets/pi05_Franka_GRASPNET_abs_frozen_siglip/saifahmad123/Franka_GRASPNET (2121176:config.py:198)
19:24:35.037 [I] data_config: DataConfig(repo_id='saifahmad123/Franka_GRASPNET', asset_id='saifahmad123/Franka_GRASPNET', norm_stats={'state': NormStats(mean=array([ 0.00790341, -0.31686634,  0.02302417, -2.26753163, -0.03321141,
        2.02855253,  0.82557899,  0.03756678,  0.03789237]), std=array([0.51340437, 0.51749909, 0.71167481, 0.46531281, 0.40393639,
       0.62538135, 0.8765325 , 0.00479961, 0.0044709 ]), q01=array([-1.53897546, -1.46198817, -1.91679809, -3.07209992, -1.09714113,
        1.10376036, -1.33985732,  0.02339684,  0.024296  ]), q99=array([ 1.53463947,  0.78471532,  1.9708948 , -1.08337645,  1.1668546 ,
        3.75047393,  2.78621298,  0.03999212,  0.039992  ])), 'actions': NormStats(mean=array([ 0.01244288, -0.29289192,  0.02373731, -2.25491285, -0.01061977,
        2.04731488,  0.8254317 ,  0.02678639]), std=array([0.54096222, 0.52210343, 0.73759729, 0.47686458, 0.40383178,
       0.63548672, 0.90357572, 0.01881333]), q01=array([-1.56106524, -1.50015406, -1.92496612, -3.07179999, -1.02216744,
        1.08560202, -1.33971152,  0.        ]), q99=array([ 1.59119716,  0.78898533,  1.98522996, -1.0793498 ,  1.19832328,
        3.75174606,  2.79415612,  0.039992  ]))}, repack_transforms=Group(inputs=[RepackTransform(structure={'images': {'cam_high': 'observation.images.wrist', 'cam_left_wrist': 'observation.images.front_1', 'cam_right_wrist': 'observation.images.front_2'}, 'state': 'observation.state', 'actions': 'action', 'prompt': 'prompt'})], outputs=()), data_transforms=Group(inputs=[AlohaInputs(adapt_to_pi=False)], outputs=[AlohaOutputs(adapt_to_pi=False)]), model_transforms=Group(inputs=[InjectDefaultPrompt(prompt=None), ResizeImages(height=224, width=224), TokenizePrompt(tokenizer=<openpi.models.tokenizer.PaligemmaTokenizer object at 0x14b6b00f89d0>, discrete_state_input=True), PadStatesAndActions(model_action_dim=32)], outputs=()), use_quantile_norm=True, action_sequence_keys=('action',), prompt_from_task=True, rlds_data_dir=None, action_space=None, datasets=()) (2121176:data_loader.py:247)
19:25:23.044 [I] local_batch_size: 32                                                             (2121176:data_loader.py:328)
[2026-08-07T19:26:03.108] error: *** JOB 8809798 ON qgpu2006 CANCELLED AT 2026-08-07T19:26:03 DUE to SIGNAL Terminated ***
