Running on: qgpu3009
Sat Aug 22 02:20:16 2026       
+-----------------------------------------------------------------------------------------+
| NVIDIA-SMI 610.43.02              KMD Version: 610.43.02     CUDA UMD Version: 13.3     |
+-----------------------------------------+------------------------+----------------------+
| GPU  Name                 Persistence-M | Bus-Id          Disp.A | Volatile Uncorr. ECC |
| Fan  Temp   Perf          Pwr:Usage/Cap |           Memory-Usage | GPU-Util  Compute M. |
|                                         |                        |               MIG M. |
|=========================================+========================+======================|
|   0  NVIDIA H100 80GB HBM3          On  |   00000000:D4:00.0 Off |                    0 |
| N/A   45C    P0             80W /  700W |       0MiB /  81559MiB |      0%      Default |
|                                         |                        |             Disabled |
+-----------------------------------------+------------------------+----------------------+

+-----------------------------------------------------------------------------------------+
| Processes:                                                                              |
|  GPU   GI   CI              PID   Type   Process name                        GPU Memory |
|        ID   ID                                                               Usage      |
|=========================================================================================|
|  No running processes found                                                             |
+-----------------------------------------------------------------------------------------+
Filesystem      Size  Used Avail Use% Mounted on
gpfs            1.0T  903G  122G  89% /gpfs
Step 0: grad_norm=0.1262, loss=0.0378, param_norm=1803.8630
Step 100: grad_norm=0.1486, loss=0.0405, param_norm=1803.8629
Step 200: grad_norm=0.1110, loss=0.0310, param_norm=1803.8630
Step 300: grad_norm=0.1023, loss=0.0245, param_norm=1803.8635
Step 400: grad_norm=0.0997, loss=0.0200, param_norm=1803.8640
Step 500: grad_norm=0.0981, loss=0.0176, param_norm=1803.8650
Step 600: grad_norm=0.0986, loss=0.0154, param_norm=1803.8658
Step 700: grad_norm=0.0905, loss=0.0133, param_norm=1803.8678
Step 800: grad_norm=0.0889, loss=0.0124, param_norm=1803.8696
Step 900: grad_norm=0.0852, loss=0.0111, param_norm=1803.8718
Step 1000: grad_norm=0.0796, loss=0.0108, param_norm=1803.8744
Step 1100: grad_norm=0.0762, loss=0.0101, param_norm=1803.8772
Step 1200: grad_norm=0.0740, loss=0.0093, param_norm=1803.8802
Step 1300: grad_norm=0.0650, loss=0.0085, param_norm=1803.8837
Step 1400: grad_norm=0.0649, loss=0.0085, param_norm=1803.8875
Step 1500: grad_norm=0.0642, loss=0.0081, param_norm=1803.8918
Step 1600: grad_norm=0.0572, loss=0.0076, param_norm=1803.8967
Step 1700: grad_norm=0.0548, loss=0.0076, param_norm=1803.9019
Step 1800: grad_norm=0.0526, loss=0.0072, param_norm=1803.9077
Step 1900: grad_norm=0.0527, loss=0.0072, param_norm=1803.9138
Step 2000: grad_norm=0.0503, loss=0.0067, param_norm=1803.9205
Step 2100: grad_norm=0.0481, loss=0.0063, param_norm=1803.9277
Step 2200: grad_norm=0.0477, loss=0.0063, param_norm=1803.9349
Step 2300: grad_norm=0.0493, loss=0.0069, param_norm=1803.9421
Step 2400: grad_norm=0.0467, loss=0.0067, param_norm=1803.9493
Step 2500: grad_norm=0.0433, loss=0.0059, param_norm=1803.9570
Step 2600: grad_norm=0.0447, loss=0.0062, param_norm=1803.9637
Step 2700: grad_norm=0.0400, loss=0.0056, param_norm=1803.9702
Step 2800: grad_norm=0.0407, loss=0.0054, param_norm=1803.9777
Step 2900: grad_norm=0.0386, loss=0.0053, param_norm=1803.9846
Step 3000: grad_norm=0.0449, loss=0.0057, param_norm=1803.9908
Step 3100: grad_norm=0.0378, loss=0.0051, param_norm=1803.9978
Step 3200: grad_norm=0.0382, loss=0.0051, param_norm=1804.0040
Step 3300: grad_norm=0.0384, loss=0.0049, param_norm=1804.0109
Step 3400: grad_norm=0.0375, loss=0.0050, param_norm=1804.0176
Step 3500: grad_norm=0.0360, loss=0.0048, param_norm=1804.0243
Step 3600: grad_norm=0.0356, loss=0.0048, param_norm=1804.0312
Step 3700: grad_norm=0.0356, loss=0.0046, param_norm=1804.0377
Step 3800: grad_norm=0.0363, loss=0.0046, param_norm=1804.0441
Step 3900: grad_norm=0.0368, loss=0.0044, param_norm=1804.0508
Step 4000: grad_norm=0.0372, loss=0.0046, param_norm=1804.0565
Step 4100: grad_norm=0.0346, loss=0.0045, param_norm=1804.0627
Step 4200: grad_norm=0.0353, loss=0.0043, param_norm=1804.0693
Step 4300: grad_norm=0.0342, loss=0.0044, param_norm=1804.0760
Step 4400: grad_norm=0.0365, loss=0.0044, param_norm=1804.0818
Step 4500: grad_norm=0.0333, loss=0.0041, param_norm=1804.0874
Step 4600: grad_norm=0.0325, loss=0.0039, param_norm=1804.0929
Step 4700: grad_norm=0.0334, loss=0.0040, param_norm=1804.0990
Step 4800: grad_norm=0.0304, loss=0.0036, param_norm=1804.1046
Step 4900: grad_norm=0.0324, loss=0.0039, param_norm=1804.1102
Step 5000: grad_norm=0.0320, loss=0.0037, param_norm=1804.1162
Step 5100: grad_norm=0.0302, loss=0.0035, param_norm=1804.1219
Step 5200: grad_norm=0.0314, loss=0.0036, param_norm=1804.1274
Step 5300: grad_norm=0.0315, loss=0.0038, param_norm=1804.1328
Step 5400: grad_norm=0.0298, loss=0.0036, param_norm=1804.1382
Step 5500: grad_norm=0.0317, loss=0.0037, param_norm=1804.1436
Step 5600: grad_norm=0.0298, loss=0.0034, param_norm=1804.1497
Step 5700: grad_norm=0.0304, loss=0.0034, param_norm=1804.1553
Step 5800: grad_norm=0.0322, loss=0.0037, param_norm=1804.1603
Step 5900: grad_norm=0.0307, loss=0.0034, param_norm=1804.1654
Step 6000: grad_norm=0.0300, loss=0.0033, param_norm=1804.1714
Step 6100: grad_norm=0.0307, loss=0.0034, param_norm=1804.1765
Step 6200: grad_norm=0.0311, loss=0.0036, param_norm=1804.1814
Step 6300: grad_norm=0.0282, loss=0.0031, param_norm=1804.1864
Step 6400: grad_norm=0.0289, loss=0.0033, param_norm=1804.1914
Step 6500: grad_norm=0.0301, loss=0.0034, param_norm=1804.1959
Step 6600: grad_norm=0.0280, loss=0.0030, param_norm=1804.2003
Step 6700: grad_norm=0.0274, loss=0.0030, param_norm=1804.2056
Step 6800: grad_norm=0.0309, loss=0.0034, param_norm=1804.2103
Step 6900: grad_norm=0.0276, loss=0.0029, param_norm=1804.2146
Step 7000: grad_norm=0.0279, loss=0.0029, param_norm=1804.2194
Step 7100: grad_norm=0.0293, loss=0.0031, param_norm=1804.2241
Step 7200: grad_norm=0.0282, loss=0.0030, param_norm=1804.2284
Step 7300: grad_norm=0.0314, loss=0.0032, param_norm=1804.2330
Step 7400: grad_norm=0.0284, loss=0.0030, param_norm=1804.2372
Step 7500: grad_norm=0.0295, loss=0.0031, param_norm=1804.2408
Step 7600: grad_norm=0.0290, loss=0.0030, param_norm=1804.2452
Step 7700: grad_norm=0.0286, loss=0.0031, param_norm=1804.2496
Step 7800: grad_norm=0.0268, loss=0.0030, param_norm=1804.2534
Step 7900: grad_norm=0.0297, loss=0.0029, param_norm=1804.2573
Step 8000: grad_norm=0.0280, loss=0.0027, param_norm=1804.2609
Step 8100: grad_norm=0.0288, loss=0.0029, param_norm=1804.2643
Step 8200: grad_norm=0.0279, loss=0.0027, param_norm=1804.2679
Step 8300: grad_norm=0.0292, loss=0.0029, param_norm=1804.2719
Step 8400: grad_norm=0.0280, loss=0.0028, param_norm=1804.2756
Step 8500: grad_norm=0.0288, loss=0.0029, param_norm=1804.2791
Step 8600: grad_norm=0.0280, loss=0.0028, param_norm=1804.2825
Step 8700: grad_norm=0.0289, loss=0.0029, param_norm=1804.2865
Step 8800: grad_norm=0.0274, loss=0.0027, param_norm=1804.2899
Step 8900: grad_norm=0.0300, loss=0.0027, param_norm=1804.2931
Step 9000: grad_norm=0.0271, loss=0.0026, param_norm=1804.2963
Step 9100: grad_norm=0.0297, loss=0.0027, param_norm=1804.2993
Step 9200: grad_norm=0.0258, loss=0.0024, param_norm=1804.3025
Step 9300: grad_norm=0.0299, loss=0.0028, param_norm=1804.3053
Step 9400: grad_norm=0.0273, loss=0.0025, param_norm=1804.3083
Step 9500: grad_norm=0.0274, loss=0.0027, param_norm=1804.3112
Step 9600: grad_norm=0.0255, loss=0.0024, param_norm=1804.3137
Step 9700: grad_norm=0.0251, loss=0.0022, param_norm=1804.3162
Step 9800: grad_norm=0.0258, loss=0.0023, param_norm=1804.3190
Step 9900: grad_norm=0.0271, loss=0.0025, param_norm=1804.3218
Step 10000: grad_norm=0.0279, loss=0.0028, param_norm=1804.3247
Step 10100: grad_norm=0.0255, loss=0.0024, param_norm=1804.3268
Step 10200: grad_norm=0.0261, loss=0.0025, param_norm=1804.3293
Step 10300: grad_norm=0.0280, loss=0.0032, param_norm=1804.3322
Step 10400: grad_norm=0.0279, loss=0.0024, param_norm=1804.3346
Step 10500: grad_norm=0.0254, loss=0.0024, param_norm=1804.3368
Step 10600: grad_norm=0.0249, loss=0.0022, param_norm=1804.3392
Step 10700: grad_norm=0.0270, loss=0.0025, param_norm=1804.3418
Step 10800: grad_norm=0.0258, loss=0.0023, param_norm=1804.3440
Step 10900: grad_norm=0.0242, loss=0.0023, param_norm=1804.3462
Step 11000: grad_norm=0.0236, loss=0.0021, param_norm=1804.3485
Step 11100: grad_norm=0.0252, loss=0.0023, param_norm=1804.3506
Step 11200: grad_norm=0.0257, loss=0.0022, param_norm=1804.3524
Step 11300: grad_norm=0.0251, loss=0.0023, param_norm=1804.3545
Step 11400: grad_norm=0.0262, loss=0.0024, param_norm=1804.3566
Step 11500: grad_norm=0.0239, loss=0.0021, param_norm=1804.3580
Step 11600: grad_norm=0.0261, loss=0.0022, param_norm=1804.3600
Step 11700: grad_norm=0.0266, loss=0.0022, param_norm=1804.3618
Step 11800: grad_norm=0.0248, loss=0.0021, param_norm=1804.3635
Step 11900: grad_norm=0.0256, loss=0.0022, param_norm=1804.3652
Step 12000: grad_norm=0.0260, loss=0.0022, param_norm=1804.3668
Step 12100: grad_norm=0.0237, loss=0.0020, param_norm=1804.3684
Step 12200: grad_norm=0.0264, loss=0.0024, param_norm=1804.3698
Step 12300: grad_norm=0.0254, loss=0.0022, param_norm=1804.3712
Step 12400: grad_norm=0.0235, loss=0.0020, param_norm=1804.3726
Step 12500: grad_norm=0.0232, loss=0.0019, param_norm=1804.3740
Step 12600: grad_norm=0.0255, loss=0.0021, param_norm=1804.3756
Step 12700: grad_norm=0.0282, loss=0.0023, param_norm=1804.3768
Step 12800: grad_norm=0.0255, loss=0.0021, param_norm=1804.3783
Step 12900: grad_norm=0.0244, loss=0.0020, param_norm=1804.3792
Step 13000: grad_norm=0.0241, loss=0.0020, param_norm=1804.3802
Step 13100: grad_norm=0.0245, loss=0.0020, param_norm=1804.3815
Step 13200: grad_norm=0.0252, loss=0.0019, param_norm=1804.3831
Step 13300: grad_norm=0.0232, loss=0.0019, param_norm=1804.3840
Step 13400: grad_norm=0.0262, loss=0.0020, param_norm=1804.3854
Step 13500: grad_norm=0.0237, loss=0.0019, param_norm=1804.3864
Step 13600: grad_norm=0.0262, loss=0.0022, param_norm=1804.3873
Step 13700: grad_norm=0.0279, loss=0.0022, param_norm=1804.3884
Step 13800: grad_norm=0.0261, loss=0.0019, param_norm=1804.3893
Step 13900: grad_norm=0.0240, loss=0.0019, param_norm=1804.3900
Step 14000: grad_norm=0.0234, loss=0.0018, param_norm=1804.3909
Step 14100: grad_norm=0.0233, loss=0.0017, param_norm=1804.3918
Step 14200: grad_norm=0.0228, loss=0.0018, param_norm=1804.3925
Step 14300: grad_norm=0.0271, loss=0.0021, param_norm=1804.3934
Step 14400: grad_norm=0.0228, loss=0.0018, param_norm=1804.3940
Step 14500: grad_norm=0.0241, loss=0.0019, param_norm=1804.3945
Step 14600: grad_norm=0.0235, loss=0.0019, param_norm=1804.3954
Step 14700: grad_norm=0.0256, loss=0.0019, param_norm=1804.3962
Step 14800: grad_norm=0.0239, loss=0.0017, param_norm=1804.3971
Step 14900: grad_norm=0.0248, loss=0.0019, param_norm=1804.3978
Step 15000: grad_norm=0.0231, loss=0.0017, param_norm=1804.3984
Step 15100: grad_norm=0.0235, loss=0.0018, param_norm=1804.3990
Step 15200: grad_norm=0.0236, loss=0.0017, param_norm=1804.3993
Step 15300: grad_norm=0.0238, loss=0.0017, param_norm=1804.4003
Step 15400: grad_norm=0.0271, loss=0.0020, param_norm=1804.4009
Step 15500: grad_norm=0.0233, loss=0.0017, param_norm=1804.4014
Step 15600: grad_norm=0.0242, loss=0.0017, param_norm=1804.4017
Step 15700: grad_norm=0.0243, loss=0.0017, param_norm=1804.4023
Step 15800: grad_norm=0.0231, loss=0.0019, param_norm=1804.4026
Step 15900: grad_norm=0.0263, loss=0.0018, param_norm=1804.4030
Step 16000: grad_norm=0.0234, loss=0.0016, param_norm=1804.4036
Step 16100: grad_norm=0.0245, loss=0.0017, param_norm=1804.4041
Step 16200: grad_norm=0.0240, loss=0.0016, param_norm=1804.4043
Step 16300: grad_norm=0.0227, loss=0.0016, param_norm=1804.4047
Step 16400: grad_norm=0.0249, loss=0.0017, param_norm=1804.4049
Step 16500: grad_norm=0.0247, loss=0.0018, param_norm=1804.4053
Step 16600: grad_norm=0.0247, loss=0.0016, param_norm=1804.4056
Step 16700: grad_norm=0.0234, loss=0.0015, param_norm=1804.4059
Step 16800: grad_norm=0.0233, loss=0.0016, param_norm=1804.4062
Step 16900: grad_norm=0.0249, loss=0.0017, param_norm=1804.4065
Step 17000: grad_norm=0.0254, loss=0.0018, param_norm=1804.4069
Step 17100: grad_norm=0.0240, loss=0.0016, param_norm=1804.4071
Step 17200: grad_norm=0.0221, loss=0.0014, param_norm=1804.4075
Step 17300: grad_norm=0.0226, loss=0.0014, param_norm=1804.4077
Step 17400: grad_norm=0.0228, loss=0.0015, param_norm=1804.4081
Step 17500: grad_norm=0.0240, loss=0.0015, param_norm=1804.4084
Step 17600: grad_norm=0.0234, loss=0.0015, param_norm=1804.4084
Step 17700: grad_norm=0.0239, loss=0.0017, param_norm=1804.4087
Step 17800: grad_norm=0.0234, loss=0.0015, param_norm=1804.4092
Step 17900: grad_norm=0.0244, loss=0.0016, param_norm=1804.4092
Step 18000: grad_norm=0.0230, loss=0.0015, param_norm=1804.4095
Step 18100: grad_norm=0.0260, loss=0.0015, param_norm=1804.4098
Step 18200: grad_norm=0.0232, loss=0.0014, param_norm=1804.4099
Step 18300: grad_norm=0.0258, loss=0.0016, param_norm=1804.4102
Step 18400: grad_norm=0.0232, loss=0.0015, param_norm=1804.4102
Step 18500: grad_norm=0.0248, loss=0.0016, param_norm=1804.4104
Step 18600: grad_norm=0.0236, loss=0.0015, param_norm=1804.4106
Step 18700: grad_norm=0.0278, loss=0.0018, param_norm=1804.4108
Step 18800: grad_norm=0.0252, loss=0.0015, param_norm=1804.4110
Step 18900: grad_norm=0.0248, loss=0.0014, param_norm=1804.4114
Step 19000: grad_norm=0.0260, loss=0.0016, param_norm=1804.4115
Step 19100: grad_norm=0.0236, loss=0.0015, param_norm=1804.4119
Step 19200: grad_norm=0.0244, loss=0.0014, param_norm=1804.4119
Step 19300: grad_norm=0.0237, loss=0.0014, param_norm=1804.4121
Step 19400: grad_norm=0.0238, loss=0.0015, param_norm=1804.4121
Step 19500: grad_norm=0.0249, loss=0.0014, param_norm=1804.4125
Step 19600: grad_norm=0.0244, loss=0.0015, param_norm=1804.4125
Step 19700: grad_norm=0.0231, loss=0.0014, param_norm=1804.4125
Step 19800: grad_norm=0.0251, loss=0.0015, param_norm=1804.4127
Step 19900: grad_norm=0.0239, loss=0.0014, param_norm=1804.4127
[1;34mwandb[0m: 
[1;34mwandb[0m: 🚀 View run [33mEXP9_ALL_h100[0m at: [34mhttps://wandb.ai/mdahmad2026-northwestern-university/openpi/runs/i0hsv1ut[0m
[1;34mwandb[0m: Find logs at: [1;35mwandb/run-20260822_022203-i0hsv1ut/logs[0m
