Running on: qgpu3015
Sun Aug  2 15:27:01 2026       
+-----------------------------------------------------------------------------------------+
| NVIDIA-SMI 610.43.02              KMD Version: 610.43.02     CUDA UMD Version: 13.3     |
+-----------------------------------------+------------------------+----------------------+
| GPU  Name                 Persistence-M | Bus-Id          Disp.A | Volatile Uncorr. ECC |
| Fan  Temp   Perf          Pwr:Usage/Cap |           Memory-Usage | GPU-Util  Compute M. |
|                                         |                        |               MIG M. |
|=========================================+========================+======================|
|   0  NVIDIA H100 80GB HBM3          On  |   00000000:E6:00.0 Off |                    0 |
| N/A   43C    P0             68W /  700W |       0MiB /  81559MiB |      0%      Default |
|                                         |                        |             Disabled |
+-----------------------------------------+------------------------+----------------------+

+-----------------------------------------------------------------------------------------+
| Processes:                                                                              |
|  GPU   GI   CI              PID   Type   Process name                        GPU Memory |
|        ID   ID                                                               Usage      |
|=========================================================================================|
|  No running processes found                                                             |
+-----------------------------------------------------------------------------------------+
Step 0: grad_norm=0.2305, loss=0.0442, param_norm=1803.8630
Step 100: grad_norm=0.1982, loss=0.0462, param_norm=1803.8629
Step 200: grad_norm=0.1288, loss=0.0319, param_norm=1803.8633
Step 300: grad_norm=0.1087, loss=0.0225, param_norm=1803.8639
Step 400: grad_norm=0.1166, loss=0.0205, param_norm=1803.8650
Step 500: grad_norm=0.1124, loss=0.0191, param_norm=1803.8666
Step 600: grad_norm=0.1019, loss=0.0175, param_norm=1803.8690
Step 700: grad_norm=0.0917, loss=0.0183, param_norm=1803.8724
Step 800: grad_norm=0.0864, loss=0.0145, param_norm=1803.8768
Step 900: grad_norm=0.0736, loss=0.0121, param_norm=1803.8822
Step 1000: grad_norm=0.0760, loss=0.0137, param_norm=1803.8890
Step 1100: grad_norm=0.0663, loss=0.0119, param_norm=1803.8965
Step 1200: grad_norm=0.0837, loss=0.0138, param_norm=1803.9038
Step 1300: grad_norm=0.0595, loss=0.0122, param_norm=1803.9109
Step 1400: grad_norm=0.0593, loss=0.0107, param_norm=1803.9182
Step 1500: grad_norm=0.0607, loss=0.0110, param_norm=1803.9255
Step 1600: grad_norm=0.0744, loss=0.0103, param_norm=1803.9323
Step 1700: grad_norm=0.0616, loss=0.0127, param_norm=1803.9387
Step 1800: grad_norm=0.0663, loss=0.0110, param_norm=1803.9459
Step 1900: grad_norm=0.0575, loss=0.0100, param_norm=1803.9531
Step 2000: grad_norm=0.0523, loss=0.0100, param_norm=1803.9601
Step 2100: grad_norm=0.0564, loss=0.0099, param_norm=1803.9674
Step 2200: grad_norm=0.0498, loss=0.0099, param_norm=1803.9746
Step 2300: grad_norm=0.0654, loss=0.0116, param_norm=1803.9818
Step 2400: grad_norm=0.0500, loss=0.0086, param_norm=1803.9891
Step 2500: grad_norm=0.0508, loss=0.0095, param_norm=1803.9962
Step 2600: grad_norm=0.0555, loss=0.0107, param_norm=1804.0024
Step 2700: grad_norm=0.0626, loss=0.0097, param_norm=1804.0093
Step 2800: grad_norm=0.0571, loss=0.0093, param_norm=1804.0165
Step 2900: grad_norm=0.0474, loss=0.0086, param_norm=1804.0231
Step 3000: grad_norm=0.0766, loss=0.0103, param_norm=1804.0297
Step 3100: grad_norm=0.0481, loss=0.0083, param_norm=1804.0359
Step 3200: grad_norm=0.0547, loss=0.0091, param_norm=1804.0426
Step 3300: grad_norm=0.0517, loss=0.0092, param_norm=1804.0491
Step 3400: grad_norm=0.0485, loss=0.0087, param_norm=1804.0553
Step 3500: grad_norm=0.0441, loss=0.0073, param_norm=1804.0616
Step 3600: grad_norm=0.0476, loss=0.0076, param_norm=1804.0679
Step 3700: grad_norm=0.0465, loss=0.0076, param_norm=1804.0748
Step 3800: grad_norm=0.0564, loss=0.0080, param_norm=1804.0814
Step 3900: grad_norm=0.0429, loss=0.0073, param_norm=1804.0878
Step 4000: grad_norm=0.0406, loss=0.0065, param_norm=1804.0940
Step 4100: grad_norm=0.0484, loss=0.0091, param_norm=1804.1010
Step 4200: grad_norm=0.0440, loss=0.0070, param_norm=1804.1068
Step 4300: grad_norm=0.0467, loss=0.0087, param_norm=1804.1134
Step 4400: grad_norm=0.0450, loss=0.0072, param_norm=1804.1194
Step 4500: grad_norm=0.0590, loss=0.0102, param_norm=1804.1263
Step 4600: grad_norm=0.0496, loss=0.0085, param_norm=1804.1328
Step 4700: grad_norm=0.0460, loss=0.0067, param_norm=1804.1387
Step 4800: grad_norm=0.0414, loss=0.0065, param_norm=1804.1450
Step 4900: grad_norm=0.0477, loss=0.0083, param_norm=1804.1515
Step 5000: grad_norm=0.0557, loss=0.0088, param_norm=1804.1575
Step 5100: grad_norm=0.0471, loss=0.0066, param_norm=1804.1625
Step 5200: grad_norm=0.0541, loss=0.0084, param_norm=1804.1685
Step 5300: grad_norm=0.0469, loss=0.0074, param_norm=1804.1747
Step 5400: grad_norm=0.0429, loss=0.0063, param_norm=1804.1797
Step 5500: grad_norm=0.0462, loss=0.0072, param_norm=1804.1855
Step 5600: grad_norm=0.0504, loss=0.0085, param_norm=1804.1914
Step 5700: grad_norm=0.0384, loss=0.0056, param_norm=1804.1975
Step 5800: grad_norm=0.0407, loss=0.0060, param_norm=1804.2036
Step 5900: grad_norm=0.0404, loss=0.0069, param_norm=1804.2096
Step 6000: grad_norm=0.0384, loss=0.0059, param_norm=1804.2156
Step 6100: grad_norm=0.0455, loss=0.0072, param_norm=1804.2216
Step 6200: grad_norm=0.0391, loss=0.0057, param_norm=1804.2278
Step 6300: grad_norm=0.0382, loss=0.0057, param_norm=1804.2335
Step 6400: grad_norm=0.0519, loss=0.0092, param_norm=1804.2396
Step 6500: grad_norm=0.0398, loss=0.0061, param_norm=1804.2455
Step 6600: grad_norm=0.0373, loss=0.0059, param_norm=1804.2511
Step 6700: grad_norm=0.0473, loss=0.0062, param_norm=1804.2563
Step 6800: grad_norm=0.0438, loss=0.0057, param_norm=1804.2618
Step 6900: grad_norm=0.0381, loss=0.0072, param_norm=1804.2675
Step 7000: grad_norm=0.0469, loss=0.0057, param_norm=1804.2734
Step 7100: grad_norm=0.0406, loss=0.0057, param_norm=1804.2787
Step 7200: grad_norm=0.0419, loss=0.0064, param_norm=1804.2843
Step 7300: grad_norm=0.0485, loss=0.0060, param_norm=1804.2896
Step 7400: grad_norm=0.0799, loss=0.0116, param_norm=1804.2942
Step 7500: grad_norm=0.0418, loss=0.0064, param_norm=1804.2993
Step 7600: grad_norm=0.0402, loss=0.0057, param_norm=1804.3041
Step 7700: grad_norm=0.0419, loss=0.0059, param_norm=1804.3093
Step 7800: grad_norm=0.0429, loss=0.0061, param_norm=1804.3149
Step 7900: grad_norm=0.0440, loss=0.0057, param_norm=1804.3203
Step 8000: grad_norm=0.0444, loss=0.0062, param_norm=1804.3253
Step 8100: grad_norm=0.0479, loss=0.0078, param_norm=1804.3306
Step 8200: grad_norm=0.0646, loss=0.0068, param_norm=1804.3362
Step 8300: grad_norm=0.0727, loss=0.0077, param_norm=1804.3406
Step 8400: grad_norm=0.0412, loss=0.0058, param_norm=1804.3445
Step 8500: grad_norm=0.0388, loss=0.0054, param_norm=1804.3494
Step 8600: grad_norm=0.0447, loss=0.0055, param_norm=1804.3544
Step 8700: grad_norm=0.0434, loss=0.0064, param_norm=1804.3589
Step 8800: grad_norm=0.0389, loss=0.0065, param_norm=1804.3638
Step 8900: grad_norm=0.0369, loss=0.0049, param_norm=1804.3684
Step 9000: grad_norm=0.0462, loss=0.0057, param_norm=1804.3734
Step 9100: grad_norm=0.0456, loss=0.0054, param_norm=1804.3778
Step 9200: grad_norm=0.0455, loss=0.0068, param_norm=1804.3813
Step 9300: grad_norm=0.0390, loss=0.0046, param_norm=1804.3865
Step 9400: grad_norm=0.0423, loss=0.0059, param_norm=1804.3915
Step 9500: grad_norm=0.0416, loss=0.0052, param_norm=1804.3956
Step 9600: grad_norm=0.0428, loss=0.0056, param_norm=1804.4004
Step 9700: grad_norm=0.0446, loss=0.0054, param_norm=1804.4047
Step 9800: grad_norm=0.0397, loss=0.0054, param_norm=1804.4091
Step 9900: grad_norm=0.0434, loss=0.0062, param_norm=1804.4131
Step 10000: grad_norm=0.0421, loss=0.0066, param_norm=1804.4175
Step 10100: grad_norm=0.0477, loss=0.0057, param_norm=1804.4219
Step 10200: grad_norm=0.0457, loss=0.0059, param_norm=1804.4263
Step 10300: grad_norm=0.0380, loss=0.0052, param_norm=1804.4303
Step 10400: grad_norm=0.0403, loss=0.0055, param_norm=1804.4343
Step 10500: grad_norm=0.0506, loss=0.0072, param_norm=1804.4387
Step 10600: grad_norm=0.0415, loss=0.0060, param_norm=1804.4432
Step 10700: grad_norm=0.0410, loss=0.0049, param_norm=1804.4475
Step 10800: grad_norm=0.0455, loss=0.0074, param_norm=1804.4512
Step 10900: grad_norm=0.0443, loss=0.0077, param_norm=1804.4553
Step 11000: grad_norm=0.0380, loss=0.0048, param_norm=1804.4587
Step 11100: grad_norm=0.0439, loss=0.0063, param_norm=1804.4624
Step 11200: grad_norm=0.0555, loss=0.0066, param_norm=1804.4662
Step 11300: grad_norm=0.0386, loss=0.0053, param_norm=1804.4700
Step 11400: grad_norm=0.0358, loss=0.0047, param_norm=1804.4734
Step 11500: grad_norm=0.0361, loss=0.0046, param_norm=1804.4772
Step 11600: grad_norm=0.0374, loss=0.0049, param_norm=1804.4812
Step 11700: grad_norm=0.0396, loss=0.0048, param_norm=1804.4846
Step 11800: grad_norm=0.0397, loss=0.0047, param_norm=1804.4888
Step 11900: grad_norm=0.0444, loss=0.0055, param_norm=1804.4922
Step 12000: grad_norm=0.0343, loss=0.0046, param_norm=1804.4952
Step 12100: grad_norm=0.0416, loss=0.0052, param_norm=1804.4987
Step 12200: grad_norm=0.0338, loss=0.0044, param_norm=1804.5018
Step 12300: grad_norm=0.0443, loss=0.0060, param_norm=1804.5056
Step 12400: grad_norm=0.0343, loss=0.0046, param_norm=1804.5087
Step 12500: grad_norm=0.0474, loss=0.0071, param_norm=1804.5128
Step 12600: grad_norm=0.0382, loss=0.0048, param_norm=1804.5159
Step 12700: grad_norm=0.0392, loss=0.0055, param_norm=1804.5190
Step 12800: grad_norm=0.0341, loss=0.0059, param_norm=1804.5225
Step 12900: grad_norm=0.0373, loss=0.0046, param_norm=1804.5259
Step 13000: grad_norm=0.0502, loss=0.0056, param_norm=1804.5295
Step 13100: grad_norm=0.0379, loss=0.0047, param_norm=1804.5319
Step 13200: grad_norm=0.0403, loss=0.0057, param_norm=1804.5349
Step 13300: grad_norm=0.0360, loss=0.0048, param_norm=1804.5377
Step 13400: grad_norm=0.0352, loss=0.0041, param_norm=1804.5405
Step 13500: grad_norm=0.0406, loss=0.0052, param_norm=1804.5436
Step 13600: grad_norm=0.0584, loss=0.0088, param_norm=1804.5469
Step 13700: grad_norm=0.0401, loss=0.0049, param_norm=1804.5493
Step 13800: grad_norm=0.0347, loss=0.0043, param_norm=1804.5516
Step 13900: grad_norm=0.0456, loss=0.0053, param_norm=1804.5549
Step 14000: grad_norm=0.0397, loss=0.0056, param_norm=1804.5571
Step 14100: grad_norm=0.0420, loss=0.0052, param_norm=1804.5597
Step 14200: grad_norm=0.0373, loss=0.0046, param_norm=1804.5627
Step 14300: grad_norm=0.0370, loss=0.0046, param_norm=1804.5654
Step 14400: grad_norm=0.0364, loss=0.0043, param_norm=1804.5681
Step 14500: grad_norm=0.1026, loss=0.0076, param_norm=1804.5706
Step 14600: grad_norm=0.0413, loss=0.0045, param_norm=1804.5731
Step 14700: grad_norm=0.0337, loss=0.0041, param_norm=1804.5750
Step 14800: grad_norm=0.0436, loss=0.0051, param_norm=1804.5775
Step 14900: grad_norm=0.0372, loss=0.0044, param_norm=1804.5803
Step 15000: grad_norm=0.0338, loss=0.0043, param_norm=1804.5828
Step 15100: grad_norm=0.0333, loss=0.0041, param_norm=1804.5850
Step 15200: grad_norm=0.0336, loss=0.0045, param_norm=1804.5872
Step 15300: grad_norm=0.0389, loss=0.0045, param_norm=1804.5895
Step 15400: grad_norm=0.0337, loss=0.0043, param_norm=1804.5916
Step 15500: grad_norm=0.0423, loss=0.0046, param_norm=1804.5938
Step 15600: grad_norm=0.0464, loss=0.0060, param_norm=1804.5962
Step 15700: grad_norm=0.0504, loss=0.0049, param_norm=1804.5985
Step 15800: grad_norm=0.0450, loss=0.0068, param_norm=1804.6002
Step 15900: grad_norm=0.0447, loss=0.0050, param_norm=1804.6028
Step 16000: grad_norm=0.0417, loss=0.0046, param_norm=1804.6050
Step 16100: grad_norm=0.0348, loss=0.0042, param_norm=1804.6072
Step 16200: grad_norm=0.0368, loss=0.0044, param_norm=1804.6094
Step 16300: grad_norm=0.0398, loss=0.0054, param_norm=1804.6108
Step 16400: grad_norm=0.0379, loss=0.0050, param_norm=1804.6129
Step 16500: grad_norm=0.0396, loss=0.0053, param_norm=1804.6145
Step 16600: grad_norm=0.0401, loss=0.0045, param_norm=1804.6166
Step 16700: grad_norm=0.0365, loss=0.0056, param_norm=1804.6184
Step 16800: grad_norm=0.0426, loss=0.0052, param_norm=1804.6205
Step 16900: grad_norm=0.0389, loss=0.0046, param_norm=1804.6218
Step 17000: grad_norm=0.0390, loss=0.0046, param_norm=1804.6237
Step 17100: grad_norm=0.0472, loss=0.0053, param_norm=1804.6256
Step 17200: grad_norm=0.0427, loss=0.0045, param_norm=1804.6272
Step 17300: grad_norm=0.0394, loss=0.0041, param_norm=1804.6289
Step 17400: grad_norm=0.0404, loss=0.0044, param_norm=1804.6302
Step 17500: grad_norm=0.0358, loss=0.0042, param_norm=1804.6318
Step 17600: grad_norm=0.0335, loss=0.0040, param_norm=1804.6334
Step 17700: grad_norm=0.0333, loss=0.0039, param_norm=1804.6346
Step 17800: grad_norm=0.0398, loss=0.0062, param_norm=1804.6361
Step 17900: grad_norm=0.0485, loss=0.0057, param_norm=1804.6376
Step 18000: grad_norm=0.0376, loss=0.0041, param_norm=1804.6389
Step 18100: grad_norm=0.0440, loss=0.0047, param_norm=1804.6403
Step 18200: grad_norm=0.0418, loss=0.0075, param_norm=1804.6415
Step 18300: grad_norm=0.0344, loss=0.0038, param_norm=1804.6428
Step 18400: grad_norm=0.0364, loss=0.0042, param_norm=1804.6442
Step 18500: grad_norm=0.0405, loss=0.0047, param_norm=1804.6459
Step 18600: grad_norm=0.0360, loss=0.0037, param_norm=1804.6471
Step 18700: grad_norm=0.0362, loss=0.0041, param_norm=1804.6487
Step 18800: grad_norm=0.0310, loss=0.0035, param_norm=1804.6497
Step 18900: grad_norm=0.0397, loss=0.0044, param_norm=1804.6510
Step 19000: grad_norm=0.0332, loss=0.0038, param_norm=1804.6523
Step 19100: grad_norm=0.0327, loss=0.0037, param_norm=1804.6537
Step 19200: grad_norm=0.0370, loss=0.0040, param_norm=1804.6549
Step 19300: grad_norm=0.0414, loss=0.0044, param_norm=1804.6559
Step 19400: grad_norm=0.0341, loss=0.0039, param_norm=1804.6571
Step 19500: grad_norm=0.0366, loss=0.0040, param_norm=1804.6584
Step 19600: grad_norm=0.0362, loss=0.0040, param_norm=1804.6598
Step 19700: grad_norm=0.0323, loss=0.0035, param_norm=1804.6606
Step 19800: grad_norm=0.0349, loss=0.0048, param_norm=1804.6616
Step 19900: grad_norm=0.0355, loss=0.0038, param_norm=1804.6627
Step 20000: grad_norm=0.0345, loss=0.0039, param_norm=1804.6635
Step 20100: grad_norm=0.0324, loss=0.0039, param_norm=1804.6647
Step 20200: grad_norm=0.0535, loss=0.0069, param_norm=1804.6654
Step 20300: grad_norm=0.0376, loss=0.0045, param_norm=1804.6663
Step 20400: grad_norm=0.0421, loss=0.0047, param_norm=1804.6671
Step 20500: grad_norm=0.0454, loss=0.0042, param_norm=1804.6680
Step 20600: grad_norm=0.0339, loss=0.0037, param_norm=1804.6688
Step 20700: grad_norm=0.0375, loss=0.0039, param_norm=1804.6697
Step 20800: grad_norm=0.0352, loss=0.0039, param_norm=1804.6705
Step 20900: grad_norm=0.0392, loss=0.0039, param_norm=1804.6714
Step 21000: grad_norm=0.0361, loss=0.0041, param_norm=1804.6721
Step 21100: grad_norm=0.0325, loss=0.0035, param_norm=1804.6727
Step 21200: grad_norm=0.0303, loss=0.0033, param_norm=1804.6733
Step 21300: grad_norm=0.0383, loss=0.0083, param_norm=1804.6742
Step 21400: grad_norm=0.0416, loss=0.0044, param_norm=1804.6748
Step 21500: grad_norm=0.0332, loss=0.0039, param_norm=1804.6754
Step 21600: grad_norm=0.0518, loss=0.0039, param_norm=1804.6760
Step 21700: grad_norm=0.0452, loss=0.0044, param_norm=1804.6769
Step 21800: grad_norm=0.0389, loss=0.0045, param_norm=1804.6775
Step 21900: grad_norm=0.0358, loss=0.0055, param_norm=1804.6781
Step 22000: grad_norm=0.0407, loss=0.0036, param_norm=1804.6791
Step 22100: grad_norm=0.0440, loss=0.0042, param_norm=1804.6797
Step 22200: grad_norm=0.0340, loss=0.0037, param_norm=1804.6799
Step 22300: grad_norm=0.0357, loss=0.0035, param_norm=1804.6805
Step 22400: grad_norm=0.0643, loss=0.0053, param_norm=1804.6812
Step 22500: grad_norm=0.0322, loss=0.0032, param_norm=1804.6819
Step 22600: grad_norm=0.0380, loss=0.0037, param_norm=1804.6823
Step 22700: grad_norm=0.0445, loss=0.0050, param_norm=1804.6827
Step 22800: grad_norm=0.0368, loss=0.0036, param_norm=1804.6832
Step 22900: grad_norm=0.0321, loss=0.0032, param_norm=1804.6836
Step 23000: grad_norm=0.0329, loss=0.0032, param_norm=1804.6838
Step 23100: grad_norm=0.0409, loss=0.0045, param_norm=1804.6844
Step 23200: grad_norm=0.0592, loss=0.0064, param_norm=1804.6849
Step 23300: grad_norm=0.0364, loss=0.0033, param_norm=1804.6853
Step 23400: grad_norm=0.0486, loss=0.0058, param_norm=1804.6859
Step 23500: grad_norm=0.0353, loss=0.0036, param_norm=1804.6862
Step 23600: grad_norm=0.0359, loss=0.0035, param_norm=1804.6865
Step 23700: grad_norm=0.0671, loss=0.0039, param_norm=1804.6869
Step 23800: grad_norm=0.0783, loss=0.0043, param_norm=1804.6875
Step 23900: grad_norm=0.0356, loss=0.0039, param_norm=1804.6875
Step 24000: grad_norm=0.0361, loss=0.0033, param_norm=1804.6877
Step 24100: grad_norm=0.0326, loss=0.0031, param_norm=1804.6884
Step 24200: grad_norm=0.0385, loss=0.0033, param_norm=1804.6887
Step 24300: grad_norm=0.0362, loss=0.0035, param_norm=1804.6890
Step 24400: grad_norm=0.0368, loss=0.0036, param_norm=1804.6893
Step 24500: grad_norm=0.0377, loss=0.0042, param_norm=1804.6899
Step 24600: grad_norm=0.0346, loss=0.0037, param_norm=1804.6903
Step 24700: grad_norm=0.0319, loss=0.0033, param_norm=1804.6904
Step 24800: grad_norm=0.0409, loss=0.0040, param_norm=1804.6908
Step 24900: grad_norm=0.0366, loss=0.0034, param_norm=1804.6910
Step 25000: grad_norm=0.0330, loss=0.0029, param_norm=1804.6914
Step 25100: grad_norm=0.0351, loss=0.0040, param_norm=1804.6917
Step 25200: grad_norm=0.0333, loss=0.0032, param_norm=1804.6920
Step 25300: grad_norm=0.0400, loss=0.0042, param_norm=1804.6923
Step 25400: grad_norm=0.0323, loss=0.0033, param_norm=1804.6926
Step 25500: grad_norm=0.0322, loss=0.0029, param_norm=1804.6927
Step 25600: grad_norm=0.0360, loss=0.0035, param_norm=1804.6931
Step 25700: grad_norm=0.0356, loss=0.0037, param_norm=1804.6934
Step 25800: grad_norm=0.0386, loss=0.0036, param_norm=1804.6937
Step 25900: grad_norm=0.0308, loss=0.0032, param_norm=1804.6940
Step 26000: grad_norm=0.0552, loss=0.0082, param_norm=1804.6940
Step 26100: grad_norm=0.0330, loss=0.0030, param_norm=1804.6943
Step 26200: grad_norm=0.0532, loss=0.0033, param_norm=1804.6947
Step 26300: grad_norm=0.0370, loss=0.0068, param_norm=1804.6949
Step 26400: grad_norm=0.0434, loss=0.0042, param_norm=1804.6953
Step 26500: grad_norm=0.0293, loss=0.0027, param_norm=1804.6956
Step 26600: grad_norm=0.0366, loss=0.0034, param_norm=1804.6956
Step 26700: grad_norm=0.0354, loss=0.0034, param_norm=1804.6959
Step 26800: grad_norm=0.0415, loss=0.0045, param_norm=1804.6962
Step 26900: grad_norm=0.0338, loss=0.0031, param_norm=1804.6965
Step 27000: grad_norm=0.0305, loss=0.0030, param_norm=1804.6965
Step 27100: grad_norm=0.0406, loss=0.0034, param_norm=1804.6968
Step 27200: grad_norm=0.0330, loss=0.0030, param_norm=1804.6971
Step 27300: grad_norm=0.0333, loss=0.0036, param_norm=1804.6971
Step 27400: grad_norm=0.0375, loss=0.0036, param_norm=1804.6975
Step 27500: grad_norm=0.0373, loss=0.0032, param_norm=1804.6975
Step 27600: grad_norm=0.0329, loss=0.0029, param_norm=1804.6978
Step 27700: grad_norm=0.0329, loss=0.0032, param_norm=1804.6981
Step 27800: grad_norm=0.0304, loss=0.0029, param_norm=1804.6982
Step 27900: grad_norm=0.0330, loss=0.0048, param_norm=1804.6986
Step 28000: grad_norm=0.0345, loss=0.0031, param_norm=1804.6986
Step 28100: grad_norm=0.0316, loss=0.0030, param_norm=1804.6987
Step 28200: grad_norm=0.0507, loss=0.0041, param_norm=1804.6989
Step 28300: grad_norm=0.0421, loss=0.0038, param_norm=1804.6992
Step 28400: grad_norm=0.0360, loss=0.0033, param_norm=1804.6993
Step 28500: grad_norm=0.0371, loss=0.0030, param_norm=1804.6995
Step 28600: grad_norm=0.0347, loss=0.0029, param_norm=1804.6997
Step 28700: grad_norm=0.0410, loss=0.0035, param_norm=1804.6998
Step 28800: grad_norm=0.0432, loss=0.0035, param_norm=1804.7001
Step 28900: grad_norm=0.0389, loss=0.0102, param_norm=1804.7003
Step 29000: grad_norm=0.0357, loss=0.0032, param_norm=1804.7004
Step 29100: grad_norm=0.0419, loss=0.0035, param_norm=1804.7004
Step 29200: grad_norm=0.0320, loss=0.0029, param_norm=1804.7006
Step 29300: grad_norm=0.0326, loss=0.0030, param_norm=1804.7007
Step 29400: grad_norm=0.0429, loss=0.0040, param_norm=1804.7009
Step 29500: grad_norm=0.0347, loss=0.0037, param_norm=1804.7012
Step 29600: grad_norm=0.0369, loss=0.0032, param_norm=1804.7012
Step 29700: grad_norm=0.0336, loss=0.0031, param_norm=1804.7012
Step 29800: grad_norm=0.0344, loss=0.0032, param_norm=1804.7015
Step 29900: grad_norm=0.0318, loss=0.0030, param_norm=1804.7015
[1;34mwandb[0m: 
[1;34mwandb[0m: 🚀 View run [33mgraspnet_texture[0m at: [34mhttps://wandb.ai/mdahmad2026-northwestern-university/openpi/runs/sj7580rx[0m
[1;34mwandb[0m: Find logs at: [1;35mwandb/run-20260802_152837-sj7580rx/logs[0m
