Running on: qgpu3012
Thu Aug  6 04:24:58 2026       
+-----------------------------------------------------------------------------------------+
| NVIDIA-SMI 610.43.02              KMD Version: 610.43.02     CUDA UMD Version: 13.3     |
+-----------------------------------------+------------------------+----------------------+
| GPU  Name                 Persistence-M | Bus-Id          Disp.A | Volatile Uncorr. ECC |
| Fan  Temp   Perf          Pwr:Usage/Cap |           Memory-Usage | GPU-Util  Compute M. |
|                                         |                        |               MIG M. |
|=========================================+========================+======================|
|   0  NVIDIA H100 80GB HBM3          On  |   00000000:42:00.0 Off |                    0 |
| N/A   46C    P0             72W /  700W |       0MiB /  81559MiB |      0%      Default |
|                                         |                        |             Disabled |
+-----------------------------------------+------------------------+----------------------+

+-----------------------------------------------------------------------------------------+
| Processes:                                                                              |
|  GPU   GI   CI              PID   Type   Process name                        GPU Memory |
|        ID   ID                                                               Usage      |
|=========================================================================================|
|  No running processes found                                                             |
+-----------------------------------------------------------------------------------------+
[1;34mwandb[0m: 
[1;34mwandb[0m: 🚀 View run [33mGRASPNET_abs[0m at: [34mhttps://wandb.ai/mdahmad2026-northwestern-university/openpi/runs/3nszvd0h[0m
[1;34mwandb[0m: Find logs at: [1;35mwandb/run-20260806_042631-3nszvd0h/logs[0m
