Running on: qgpu3010
Wed Aug 19 00:53:08 2026       
+-----------------------------------------------------------------------------------------+
| NVIDIA-SMI 610.43.02              KMD Version: 610.43.02     CUDA UMD Version: 13.3     |
+-----------------------------------------+------------------------+----------------------+
| GPU  Name                 Persistence-M | Bus-Id          Disp.A | Volatile Uncorr. ECC |
| Fan  Temp   Perf          Pwr:Usage/Cap |           Memory-Usage | GPU-Util  Compute M. |
|                                         |                        |               MIG M. |
|=========================================+========================+======================|
|   0  NVIDIA H100 80GB HBM3          On  |   00000000:55:00.0 Off |                    0 |
| N/A   44C    P0             72W /  700W |       0MiB /  81559MiB |      0%      Default |
|                                         |                        |             Disabled |
+-----------------------------------------+------------------------+----------------------+

+-----------------------------------------------------------------------------------------+
| Processes:                                                                              |
|  GPU   GI   CI              PID   Type   Process name                        GPU Memory |
|        ID   ID                                                               Usage      |
|=========================================================================================|
|  No running processes found                                                             |
+-----------------------------------------------------------------------------------------+
Filesystem      Size  Used Avail Use% Mounted on
gpfs            1.0T  860G  165G  84% /gpfs
Step 0: grad_norm=0.1482, loss=0.0417, param_norm=1803.8630
Step 100: grad_norm=0.1463, loss=0.0373, param_norm=1803.8629
Step 200: grad_norm=0.1138, loss=0.0315, param_norm=1803.8629
Step 300: grad_norm=0.1055, loss=0.0279, param_norm=1803.8630
Step 400: grad_norm=0.1002, loss=0.0254, param_norm=1803.8633
Step 500: grad_norm=0.1033, loss=0.0218, param_norm=1803.8635
Step 600: grad_norm=0.1059, loss=0.0206, param_norm=1803.8641
Step 700: grad_norm=0.1020, loss=0.0192, param_norm=1803.8646
Step 800: grad_norm=0.1001, loss=0.0171, param_norm=1803.8652
Step 900: grad_norm=0.1063, loss=0.0179, param_norm=1803.8658
Step 1000: grad_norm=0.0893, loss=0.0150, param_norm=1803.8672
Step 1100: grad_norm=0.0950, loss=0.0165, param_norm=1803.8687
Step 1200: grad_norm=0.0860, loss=0.0144, param_norm=1803.8701
Step 1300: grad_norm=0.0821, loss=0.0141, param_norm=1803.8718
Step 1400: grad_norm=0.0782, loss=0.0131, param_norm=1803.8737
Step 1500: grad_norm=0.0772, loss=0.0132, param_norm=1803.8759
Step 1600: grad_norm=0.0755, loss=0.0135, param_norm=1803.8784
Step 1700: grad_norm=0.0754, loss=0.0130, param_norm=1803.8806
Step 1800: grad_norm=0.0768, loss=0.0138, param_norm=1803.8837
Step 1900: grad_norm=0.0630, loss=0.0135, param_norm=1803.8870
Step 2000: grad_norm=0.0627, loss=0.0122, param_norm=1803.8900
Step 2100: grad_norm=0.0658, loss=0.0124, param_norm=1803.8934
Step 2200: grad_norm=0.0559, loss=0.0110, param_norm=1803.8971
Step 2300: grad_norm=0.0568, loss=0.0110, param_norm=1803.9012
Step 2400: grad_norm=0.0533, loss=0.0111, param_norm=1803.9056
Step 2500: grad_norm=0.0534, loss=0.0107, param_norm=1803.9099
Step 2600: grad_norm=0.0539, loss=0.0108, param_norm=1803.9149
Step 2700: grad_norm=0.0535, loss=0.0114, param_norm=1803.9199
Step 2800: grad_norm=0.0523, loss=0.0109, param_norm=1803.9253
Step 2900: grad_norm=0.0502, loss=0.0109, param_norm=1803.9319
Step 3000: grad_norm=0.0500, loss=0.0104, param_norm=1803.9381
Step 3100: grad_norm=0.0480, loss=0.0102, param_norm=1803.9447
Step 3200: grad_norm=0.0531, loss=0.0108, param_norm=1803.9518
Step 3300: grad_norm=0.0488, loss=0.0112, param_norm=1803.9584
Step 3400: grad_norm=0.0520, loss=0.0111, param_norm=1803.9648
Step 3500: grad_norm=0.0485, loss=0.0103, param_norm=1803.9712
Step 3600: grad_norm=0.0462, loss=0.0096, param_norm=1803.9780
Step 3700: grad_norm=0.0444, loss=0.0099, param_norm=1803.9844
Step 3800: grad_norm=0.0459, loss=0.0100, param_norm=1803.9907
Step 3900: grad_norm=0.0425, loss=0.0089, param_norm=1803.9974
Step 4000: grad_norm=0.0431, loss=0.0089, param_norm=1804.0034
Step 4100: grad_norm=0.0423, loss=0.0094, param_norm=1804.0101
Step 4200: grad_norm=0.0437, loss=0.0088, param_norm=1804.0168
Step 4300: grad_norm=0.0477, loss=0.0095, param_norm=1804.0231
Step 4400: grad_norm=0.0455, loss=0.0090, param_norm=1804.0291
Step 4500: grad_norm=0.0447, loss=0.0093, param_norm=1804.0347
Step 4600: grad_norm=0.0453, loss=0.0099, param_norm=1804.0409
Step 4700: grad_norm=0.0456, loss=0.0097, param_norm=1804.0474
Step 4800: grad_norm=0.0407, loss=0.0087, param_norm=1804.0533
Step 4900: grad_norm=0.0422, loss=0.0085, param_norm=1804.0599
Step 5000: grad_norm=0.0454, loss=0.0097, param_norm=1804.0664
Step 5100: grad_norm=0.0413, loss=0.0088, param_norm=1804.0728
Step 5200: grad_norm=0.0428, loss=0.0090, param_norm=1804.0790
Step 5300: grad_norm=0.0388, loss=0.0087, param_norm=1804.0853
Step 5400: grad_norm=0.0445, loss=0.0094, param_norm=1804.0918
Step 5500: grad_norm=0.0421, loss=0.0087, param_norm=1804.0973
Step 5600: grad_norm=0.0404, loss=0.0085, param_norm=1804.1038
Step 5700: grad_norm=0.0408, loss=0.0081, param_norm=1804.1100
Step 5800: grad_norm=0.0449, loss=0.0097, param_norm=1804.1162
Step 5900: grad_norm=0.0419, loss=0.0085, param_norm=1804.1226
Step 6000: grad_norm=0.0445, loss=0.0091, param_norm=1804.1289
Step 6100: grad_norm=0.0436, loss=0.0084, param_norm=1804.1346
Step 6200: grad_norm=0.0421, loss=0.0083, param_norm=1804.1403
Step 6300: grad_norm=0.0380, loss=0.0079, param_norm=1804.1465
Step 6400: grad_norm=0.0408, loss=0.0084, param_norm=1804.1521
Step 6500: grad_norm=0.0382, loss=0.0078, param_norm=1804.1581
Step 6600: grad_norm=0.0387, loss=0.0080, param_norm=1804.1641
Step 6700: grad_norm=0.0397, loss=0.0080, param_norm=1804.1702
Step 6800: grad_norm=0.0416, loss=0.0084, param_norm=1804.1763
Step 6900: grad_norm=0.0381, loss=0.0077, param_norm=1804.1827
Step 7000: grad_norm=0.0410, loss=0.0083, param_norm=1804.1887
Step 7100: grad_norm=0.0423, loss=0.0087, param_norm=1804.1947
Step 7200: grad_norm=0.0392, loss=0.0078, param_norm=1804.2012
Step 7300: grad_norm=0.0384, loss=0.0078, param_norm=1804.2073
Step 7400: grad_norm=0.0413, loss=0.0087, param_norm=1804.2134
Step 7500: grad_norm=0.0402, loss=0.0083, param_norm=1804.2194
Step 7600: grad_norm=0.0428, loss=0.0083, param_norm=1804.2256
Step 7700: grad_norm=0.0390, loss=0.0081, param_norm=1804.2312
Step 7800: grad_norm=0.0423, loss=0.0080, param_norm=1804.2378
Step 7900: grad_norm=0.0408, loss=0.0076, param_norm=1804.2434
Step 8000: grad_norm=0.0370, loss=0.0072, param_norm=1804.2496
Step 8100: grad_norm=0.0370, loss=0.0075, param_norm=1804.2551
Step 8200: grad_norm=0.0365, loss=0.0076, param_norm=1804.2614
Step 8300: grad_norm=0.0383, loss=0.0075, param_norm=1804.2668
Step 8400: grad_norm=0.0358, loss=0.0074, param_norm=1804.2720
Step 8500: grad_norm=0.0417, loss=0.0079, param_norm=1804.2781
Step 8600: grad_norm=0.0381, loss=0.0076, param_norm=1804.2843
Step 8700: grad_norm=0.0403, loss=0.0078, param_norm=1804.2904
Step 8800: grad_norm=0.0381, loss=0.0074, param_norm=1804.2969
Step 8900: grad_norm=0.0448, loss=0.0097, param_norm=1804.3027
Step 9000: grad_norm=0.0442, loss=0.0082, param_norm=1804.3087
Step 9100: grad_norm=0.0382, loss=0.0082, param_norm=1804.3138
Step 9200: grad_norm=0.0379, loss=0.0074, param_norm=1804.3197
Step 9300: grad_norm=0.0392, loss=0.0079, param_norm=1804.3259
Step 9400: grad_norm=0.0379, loss=0.0074, param_norm=1804.3312
Step 9500: grad_norm=0.0395, loss=0.0077, param_norm=1804.3372
Step 9600: grad_norm=0.0370, loss=0.0073, param_norm=1804.3427
Step 9700: grad_norm=0.0364, loss=0.0075, param_norm=1804.3479
Step 9800: grad_norm=0.0397, loss=0.0077, param_norm=1804.3534
Step 9900: grad_norm=0.0377, loss=0.0074, param_norm=1804.3590
Step 10000: grad_norm=0.0396, loss=0.0083, param_norm=1804.3650
Step 10100: grad_norm=0.0411, loss=0.0091, param_norm=1804.3711
Step 10200: grad_norm=0.0366, loss=0.0077, param_norm=1804.3774
Step 10300: grad_norm=0.0358, loss=0.0072, param_norm=1804.3837
Step 10400: grad_norm=0.0366, loss=0.0072, param_norm=1804.3893
Step 10500: grad_norm=0.0367, loss=0.0073, param_norm=1804.3943
Step 10600: grad_norm=0.0362, loss=0.0069, param_norm=1804.4006
Step 10700: grad_norm=0.0413, loss=0.0073, param_norm=1804.4065
Step 10800: grad_norm=0.0362, loss=0.0073, param_norm=1804.4115
Step 10900: grad_norm=0.0355, loss=0.0069, param_norm=1804.4171
Step 11000: grad_norm=0.0360, loss=0.0073, param_norm=1804.4231
Step 11100: grad_norm=0.0379, loss=0.0076, param_norm=1804.4287
Step 11200: grad_norm=0.0447, loss=0.0082, param_norm=1804.4349
Step 11300: grad_norm=0.0371, loss=0.0071, param_norm=1804.4406
Step 11400: grad_norm=0.0368, loss=0.0077, param_norm=1804.4453
Step 11500: grad_norm=0.0354, loss=0.0069, param_norm=1804.4515
Step 11600: grad_norm=0.0385, loss=0.0072, param_norm=1804.4575
Step 11700: grad_norm=0.0386, loss=0.0072, param_norm=1804.4631
Step 11800: grad_norm=0.0345, loss=0.0069, param_norm=1804.4690
Step 11900: grad_norm=0.0374, loss=0.0074, param_norm=1804.4751
Step 12000: grad_norm=0.0422, loss=0.0078, param_norm=1804.4812
Step 12100: grad_norm=0.0333, loss=0.0066, param_norm=1804.4866
Step 12200: grad_norm=0.0366, loss=0.0070, param_norm=1804.4916
Step 12300: grad_norm=0.0383, loss=0.0084, param_norm=1804.4968
Step 12400: grad_norm=0.0363, loss=0.0073, param_norm=1804.5024
Step 12500: grad_norm=0.0350, loss=0.0071, param_norm=1804.5084
Step 12600: grad_norm=0.0374, loss=0.0088, param_norm=1804.5140
Step 12700: grad_norm=0.0378, loss=0.0071, param_norm=1804.5197
Step 12800: grad_norm=0.0356, loss=0.0069, param_norm=1804.5256
Step 12900: grad_norm=0.0364, loss=0.0070, param_norm=1804.5309
Step 13000: grad_norm=0.0365, loss=0.0068, param_norm=1804.5369
Step 13100: grad_norm=0.0395, loss=0.0077, param_norm=1804.5426
Step 13200: grad_norm=0.0378, loss=0.0071, param_norm=1804.5480
Step 13300: grad_norm=0.0366, loss=0.0072, param_norm=1804.5537
Step 13400: grad_norm=0.0356, loss=0.0068, param_norm=1804.5593
Step 13500: grad_norm=0.0388, loss=0.0076, param_norm=1804.5642
Step 13600: grad_norm=0.0372, loss=0.0077, param_norm=1804.5693
Step 13700: grad_norm=0.0345, loss=0.0065, param_norm=1804.5753
Step 13800: grad_norm=0.0399, loss=0.0079, param_norm=1804.5806
Step 13900: grad_norm=0.0343, loss=0.0068, param_norm=1804.5867
Step 14000: grad_norm=0.0345, loss=0.0069, param_norm=1804.5916
Step 14100: grad_norm=0.0382, loss=0.0075, param_norm=1804.5974
Step 14200: grad_norm=0.0342, loss=0.0067, param_norm=1804.6034
Step 14300: grad_norm=0.0370, loss=0.0069, param_norm=1804.6094
Step 14400: grad_norm=0.0378, loss=0.0075, param_norm=1804.6146
Step 14500: grad_norm=0.0415, loss=0.0077, param_norm=1804.6208
Step 14600: grad_norm=0.0366, loss=0.0074, param_norm=1804.6259
Step 14700: grad_norm=0.0370, loss=0.0067, param_norm=1804.6312
Step 14800: grad_norm=0.0557, loss=0.0086, param_norm=1804.6365
Step 14900: grad_norm=0.0387, loss=0.0072, param_norm=1804.6418
Step 15000: grad_norm=0.0365, loss=0.0068, param_norm=1804.6470
Step 15100: grad_norm=0.0364, loss=0.0069, param_norm=1804.6531
Step 15200: grad_norm=0.0359, loss=0.0066, param_norm=1804.6587
Step 15300: grad_norm=0.0337, loss=0.0064, param_norm=1804.6635
Step 15400: grad_norm=0.0369, loss=0.0071, param_norm=1804.6685
Step 15500: grad_norm=0.0357, loss=0.0069, param_norm=1804.6743
Step 15600: grad_norm=0.0355, loss=0.0065, param_norm=1804.6793
Step 15700: grad_norm=0.0419, loss=0.0071, param_norm=1804.6844
Step 15800: grad_norm=0.0359, loss=0.0065, param_norm=1804.6897
Step 15900: grad_norm=0.0340, loss=0.0063, param_norm=1804.6947
Step 16000: grad_norm=0.0391, loss=0.0070, param_norm=1804.7000
Step 16100: grad_norm=0.0387, loss=0.0070, param_norm=1804.7056
Step 16200: grad_norm=0.0342, loss=0.0065, param_norm=1804.7106
Step 16300: grad_norm=0.0345, loss=0.0069, param_norm=1804.7162
Step 16400: grad_norm=0.0352, loss=0.0072, param_norm=1804.7216
Step 16500: grad_norm=0.0357, loss=0.0067, param_norm=1804.7272
Step 16600: grad_norm=0.0358, loss=0.0068, param_norm=1804.7324
Step 16700: grad_norm=0.0358, loss=0.0069, param_norm=1804.7374
Step 16800: grad_norm=0.0364, loss=0.0068, param_norm=1804.7430
Step 16900: grad_norm=0.0348, loss=0.0065, param_norm=1804.7478
Step 17000: grad_norm=0.0345, loss=0.0066, param_norm=1804.7531
Step 17100: grad_norm=0.0358, loss=0.0067, param_norm=1804.7590
Step 17200: grad_norm=0.0379, loss=0.0071, param_norm=1804.7646
Step 17300: grad_norm=0.0362, loss=0.0064, param_norm=1804.7703
Step 17400: grad_norm=0.0339, loss=0.0064, param_norm=1804.7749
Step 17500: grad_norm=0.0352, loss=0.0069, param_norm=1804.7799
Step 17600: grad_norm=0.0352, loss=0.0066, param_norm=1804.7859
Step 17700: grad_norm=0.0349, loss=0.0066, param_norm=1804.7915
Step 17800: grad_norm=0.0366, loss=0.0089, param_norm=1804.7959
Step 17900: grad_norm=0.0345, loss=0.0064, param_norm=1804.8013
Step 18000: grad_norm=0.0367, loss=0.0070, param_norm=1804.8059
Step 18100: grad_norm=0.0387, loss=0.0073, param_norm=1804.8112
Step 18200: grad_norm=0.0373, loss=0.0067, param_norm=1804.8162
Step 18300: grad_norm=0.0346, loss=0.0066, param_norm=1804.8214
Step 18400: grad_norm=0.0360, loss=0.0066, param_norm=1804.8265
Step 18500: grad_norm=0.0400, loss=0.0074, param_norm=1804.8322
Step 18600: grad_norm=0.0366, loss=0.0072, param_norm=1804.8373
Step 18700: grad_norm=0.0403, loss=0.0072, param_norm=1804.8427
Step 18800: grad_norm=0.0383, loss=0.0065, param_norm=1804.8474
Step 18900: grad_norm=0.0400, loss=0.0064, param_norm=1804.8528
Step 19000: grad_norm=0.0333, loss=0.0065, param_norm=1804.8578
Step 19100: grad_norm=0.0342, loss=0.0065, param_norm=1804.8629
Step 19200: grad_norm=0.0359, loss=0.0062, param_norm=1804.8674
Step 19300: grad_norm=0.0355, loss=0.0069, param_norm=1804.8724
Step 19400: grad_norm=0.0362, loss=0.0065, param_norm=1804.8778
Step 19500: grad_norm=0.0367, loss=0.0068, param_norm=1804.8824
Step 19600: grad_norm=0.0352, loss=0.0070, param_norm=1804.8875
Step 19700: grad_norm=0.0348, loss=0.0064, param_norm=1804.8931
Step 19800: grad_norm=0.0385, loss=0.0068, param_norm=1804.8984
Step 19900: grad_norm=0.0354, loss=0.0063, param_norm=1804.9037
Step 20000: grad_norm=0.0336, loss=0.0062, param_norm=1804.9088
Step 20100: grad_norm=0.0332, loss=0.0061, param_norm=1804.9137
Step 20200: grad_norm=0.0376, loss=0.0067, param_norm=1804.9197
Step 20300: grad_norm=0.0359, loss=0.0065, param_norm=1804.9243
Step 20400: grad_norm=0.0364, loss=0.0065, param_norm=1804.9291
Step 20500: grad_norm=0.0365, loss=0.0072, param_norm=1804.9337
Step 20600: grad_norm=0.0331, loss=0.0060, param_norm=1804.9388
Step 20700: grad_norm=0.0362, loss=0.0065, param_norm=1804.9437
Step 20800: grad_norm=0.0378, loss=0.0069, param_norm=1804.9484
Step 20900: grad_norm=0.0349, loss=0.0063, param_norm=1804.9531
Step 21000: grad_norm=0.0353, loss=0.0067, param_norm=1804.9587
Step 21100: grad_norm=0.0366, loss=0.0064, param_norm=1804.9640
Step 21200: grad_norm=0.0349, loss=0.0062, param_norm=1804.9690
Step 21300: grad_norm=0.0348, loss=0.0063, param_norm=1804.9744
Step 21400: grad_norm=0.0313, loss=0.0061, param_norm=1804.9794
Step 21500: grad_norm=0.0369, loss=0.0064, param_norm=1804.9846
Step 21600: grad_norm=0.0370, loss=0.0068, param_norm=1804.9894
Step 21700: grad_norm=0.0339, loss=0.0061, param_norm=1804.9946
Step 21800: grad_norm=0.0338, loss=0.0061, param_norm=1804.9996
Step 21900: grad_norm=0.0343, loss=0.0064, param_norm=1805.0046
Step 22000: grad_norm=0.0348, loss=0.0062, param_norm=1805.0100
Step 22100: grad_norm=0.0337, loss=0.0062, param_norm=1805.0150
Step 22200: grad_norm=0.0338, loss=0.0060, param_norm=1805.0197
Step 22300: grad_norm=0.0362, loss=0.0061, param_norm=1805.0249
Step 22400: grad_norm=0.0340, loss=0.0062, param_norm=1805.0293
Step 22500: grad_norm=0.0413, loss=0.0071, param_norm=1805.0347
Step 22600: grad_norm=0.0336, loss=0.0062, param_norm=1805.0391
Step 22700: grad_norm=0.0361, loss=0.0063, param_norm=1805.0438
Step 22800: grad_norm=0.0339, loss=0.0061, param_norm=1805.0493
Step 22900: grad_norm=0.0359, loss=0.0063, param_norm=1805.0541
Step 23000: grad_norm=0.0396, loss=0.0060, param_norm=1805.0591
Step 23100: grad_norm=0.0353, loss=0.0063, param_norm=1805.0638
Step 23200: grad_norm=0.0400, loss=0.0067, param_norm=1805.0687
Step 23300: grad_norm=0.0427, loss=0.0070, param_norm=1805.0739
Step 23400: grad_norm=0.0363, loss=0.0065, param_norm=1805.0790
Step 23500: grad_norm=0.0343, loss=0.0059, param_norm=1805.0831
Step 23600: grad_norm=0.0407, loss=0.0071, param_norm=1805.0874
Step 23700: grad_norm=0.0323, loss=0.0062, param_norm=1805.0922
Step 23800: grad_norm=0.0355, loss=0.0062, param_norm=1805.0968
Step 23900: grad_norm=0.0403, loss=0.0068, param_norm=1805.1012
Step 24000: grad_norm=0.0384, loss=0.0069, param_norm=1805.1062
Step 24100: grad_norm=0.0426, loss=0.0071, param_norm=1805.1108
Step 24200: grad_norm=0.0379, loss=0.0064, param_norm=1805.1152
Step 24300: grad_norm=0.0317, loss=0.0059, param_norm=1805.1202
Step 24400: grad_norm=0.0371, loss=0.0062, param_norm=1805.1251
Step 24500: grad_norm=0.0369, loss=0.0062, param_norm=1805.1300
Step 24600: grad_norm=0.0335, loss=0.0060, param_norm=1805.1346
Step 24700: grad_norm=0.0362, loss=0.0063, param_norm=1805.1396
Step 24800: grad_norm=0.0337, loss=0.0064, param_norm=1805.1443
Step 24900: grad_norm=0.0355, loss=0.0064, param_norm=1805.1487
Step 25000: grad_norm=0.0432, loss=0.0067, param_norm=1805.1534
Step 25100: grad_norm=0.0414, loss=0.0066, param_norm=1805.1577
Step 25200: grad_norm=0.0306, loss=0.0058, param_norm=1805.1621
Step 25300: grad_norm=0.0350, loss=0.0062, param_norm=1805.1669
Step 25400: grad_norm=0.0365, loss=0.0066, param_norm=1805.1714
Step 25500: grad_norm=0.0336, loss=0.0059, param_norm=1805.1760
Step 25600: grad_norm=0.0333, loss=0.0061, param_norm=1805.1815
Step 25700: grad_norm=0.0319, loss=0.0063, param_norm=1805.1864
Step 25800: grad_norm=0.0351, loss=0.0063, param_norm=1805.1912
Step 25900: grad_norm=0.0370, loss=0.0065, param_norm=1805.1953
Step 26000: grad_norm=0.0319, loss=0.0056, param_norm=1805.1995
Step 26100: grad_norm=0.0341, loss=0.0061, param_norm=1805.2043
Step 26200: grad_norm=0.0324, loss=0.0061, param_norm=1805.2087
Step 26300: grad_norm=0.0317, loss=0.0057, param_norm=1805.2129
Step 26400: grad_norm=0.0330, loss=0.0059, param_norm=1805.2174
Step 26500: grad_norm=0.0355, loss=0.0060, param_norm=1805.2222
Step 26600: grad_norm=0.0352, loss=0.0062, param_norm=1805.2268
Step 26700: grad_norm=0.0333, loss=0.0059, param_norm=1805.2312
Step 26800: grad_norm=0.0338, loss=0.0059, param_norm=1805.2362
Step 26900: grad_norm=0.0318, loss=0.0059, param_norm=1805.2402
Step 27000: grad_norm=0.0314, loss=0.0059, param_norm=1805.2446
Step 27100: grad_norm=0.0384, loss=0.0062, param_norm=1805.2490
Step 27200: grad_norm=0.0342, loss=0.0061, param_norm=1805.2531
Step 27300: grad_norm=0.0361, loss=0.0064, param_norm=1805.2578
Step 27400: grad_norm=0.0338, loss=0.0063, param_norm=1805.2622
Step 27500: grad_norm=0.0344, loss=0.0058, param_norm=1805.2667
Step 27600: grad_norm=0.0342, loss=0.0060, param_norm=1805.2709
Step 27700: grad_norm=0.0372, loss=0.0066, param_norm=1805.2753
Step 27800: grad_norm=0.0367, loss=0.0062, param_norm=1805.2799
Step 27900: grad_norm=0.0356, loss=0.0065, param_norm=1805.2841
Step 28000: grad_norm=0.0347, loss=0.0060, param_norm=1805.2885
Step 28100: grad_norm=0.0351, loss=0.0069, param_norm=1805.2927
Step 28200: grad_norm=0.0375, loss=0.0063, param_norm=1805.2971
Step 28300: grad_norm=0.0323, loss=0.0060, param_norm=1805.3009
Step 28400: grad_norm=0.0373, loss=0.0059, param_norm=1805.3052
Step 28500: grad_norm=0.0336, loss=0.0063, param_norm=1805.3097
Step 28600: grad_norm=0.0368, loss=0.0069, param_norm=1805.3143
Step 28700: grad_norm=0.0332, loss=0.0060, param_norm=1805.3186
Step 28800: grad_norm=0.0350, loss=0.0060, param_norm=1805.3225
Step 28900: grad_norm=0.0379, loss=0.0062, param_norm=1805.3271
Step 29000: grad_norm=0.0343, loss=0.0060, param_norm=1805.3315
Step 29100: grad_norm=0.0345, loss=0.0062, param_norm=1805.3362
Step 29200: grad_norm=0.0324, loss=0.0059, param_norm=1805.3405
Step 29300: grad_norm=0.0343, loss=0.0062, param_norm=1805.3450
Step 29400: grad_norm=0.0357, loss=0.0068, param_norm=1805.3496
Step 29500: grad_norm=0.0317, loss=0.0057, param_norm=1805.3538
Step 29600: grad_norm=0.0361, loss=0.0066, param_norm=1805.3578
Step 29700: grad_norm=0.0336, loss=0.0062, param_norm=1805.3618
Step 29800: grad_norm=0.0334, loss=0.0058, param_norm=1805.3658
Step 29900: grad_norm=0.0344, loss=0.0060, param_norm=1805.3705
Step 30000: grad_norm=0.0341, loss=0.0057, param_norm=1805.3746
Step 30100: grad_norm=0.0340, loss=0.0059, param_norm=1805.3794
Step 30200: grad_norm=0.0334, loss=0.0055, param_norm=1805.3834
Step 30300: grad_norm=0.0383, loss=0.0059, param_norm=1805.3872
Step 30400: grad_norm=0.0338, loss=0.0057, param_norm=1805.3909
Step 30500: grad_norm=0.0328, loss=0.0056, param_norm=1805.3947
Step 30600: grad_norm=0.0353, loss=0.0059, param_norm=1805.3987
Step 30700: grad_norm=0.0358, loss=0.0060, param_norm=1805.4028
Step 30800: grad_norm=0.0328, loss=0.0057, param_norm=1805.4065
Step 30900: grad_norm=0.0358, loss=0.0059, param_norm=1805.4106
Step 31000: grad_norm=0.0348, loss=0.0062, param_norm=1805.4147
Step 31100: grad_norm=0.0367, loss=0.0061, param_norm=1805.4187
Step 31200: grad_norm=0.0380, loss=0.0061, param_norm=1805.4231
Step 31300: grad_norm=0.0358, loss=0.0060, param_norm=1805.4275
Step 31400: grad_norm=0.0344, loss=0.0058, param_norm=1805.4315
Step 31500: grad_norm=0.0330, loss=0.0060, param_norm=1805.4359
Step 31600: grad_norm=0.0348, loss=0.0061, param_norm=1805.4403
Step 31700: grad_norm=0.0320, loss=0.0058, param_norm=1805.4445
Step 31800: grad_norm=0.0348, loss=0.0059, param_norm=1805.4484
Step 31900: grad_norm=0.0348, loss=0.0060, param_norm=1805.4528
Step 32000: grad_norm=0.0319, loss=0.0056, param_norm=1805.4565
Step 32100: grad_norm=0.0354, loss=0.0061, param_norm=1805.4604
Step 32200: grad_norm=0.0348, loss=0.0057, param_norm=1805.4646
Step 32300: grad_norm=0.0340, loss=0.0061, param_norm=1805.4684
Step 32400: grad_norm=0.0391, loss=0.0064, param_norm=1805.4724
Step 32500: grad_norm=0.0365, loss=0.0060, param_norm=1805.4762
Step 32600: grad_norm=0.0333, loss=0.0059, param_norm=1805.4806
Step 32700: grad_norm=0.0309, loss=0.0056, param_norm=1805.4846
Step 32800: grad_norm=0.0329, loss=0.0057, param_norm=1805.4884
Step 32900: grad_norm=0.0343, loss=0.0063, param_norm=1805.4923
Step 33000: grad_norm=0.0324, loss=0.0056, param_norm=1805.4966
Step 33100: grad_norm=0.0318, loss=0.0056, param_norm=1805.5000
Step 33200: grad_norm=0.0326, loss=0.0057, param_norm=1805.5040
Step 33300: grad_norm=0.0319, loss=0.0057, param_norm=1805.5076
Step 33400: grad_norm=0.0336, loss=0.0059, param_norm=1805.5115
Step 33500: grad_norm=0.0308, loss=0.0058, param_norm=1805.5156
Step 33600: grad_norm=0.0306, loss=0.0052, param_norm=1805.5193
Step 33700: grad_norm=0.0315, loss=0.0054, param_norm=1805.5231
Step 33800: grad_norm=0.0329, loss=0.0058, param_norm=1805.5271
Step 33900: grad_norm=0.0333, loss=0.0057, param_norm=1805.5319
Step 34000: grad_norm=0.0330, loss=0.0060, param_norm=1805.5359
Step 34100: grad_norm=0.0375, loss=0.0062, param_norm=1805.5396
Step 34200: grad_norm=0.0340, loss=0.0056, param_norm=1805.5430
Step 34300: grad_norm=0.0328, loss=0.0055, param_norm=1805.5469
Step 34400: grad_norm=0.0389, loss=0.0070, param_norm=1805.5499
Step 34500: grad_norm=0.0345, loss=0.0059, param_norm=1805.5537
Step 34600: grad_norm=0.0352, loss=0.0072, param_norm=1805.5577
Step 34700: grad_norm=0.0317, loss=0.0056, param_norm=1805.5619
Step 34800: grad_norm=0.0399, loss=0.0062, param_norm=1805.5659
Step 34900: grad_norm=0.0314, loss=0.0054, param_norm=1805.5692
Step 35000: grad_norm=0.0345, loss=0.0057, param_norm=1805.5723
Step 35100: grad_norm=0.0343, loss=0.0057, param_norm=1805.5759
Step 35200: grad_norm=0.0319, loss=0.0056, param_norm=1805.5790
Step 35300: grad_norm=0.0354, loss=0.0059, param_norm=1805.5826
Step 35400: grad_norm=0.0331, loss=0.0057, param_norm=1805.5862
Step 35500: grad_norm=0.0326, loss=0.0055, param_norm=1805.5900
Step 35600: grad_norm=0.0362, loss=0.0065, param_norm=1805.5935
Step 35700: grad_norm=0.0369, loss=0.0058, param_norm=1805.5974
Step 35800: grad_norm=0.0323, loss=0.0054, param_norm=1805.6006
Step 35900: grad_norm=0.0342, loss=0.0059, param_norm=1805.6038
Step 36000: grad_norm=0.0379, loss=0.0058, param_norm=1805.6074
Step 36100: grad_norm=0.0353, loss=0.0056, param_norm=1805.6108
Step 36200: grad_norm=0.0367, loss=0.0062, param_norm=1805.6146
Step 36300: grad_norm=0.0320, loss=0.0056, param_norm=1805.6184
Step 36400: grad_norm=0.0352, loss=0.0056, param_norm=1805.6216
Step 36500: grad_norm=0.0368, loss=0.0060, param_norm=1805.6246
Step 36600: grad_norm=0.0329, loss=0.0057, param_norm=1805.6278
Step 36700: grad_norm=0.0324, loss=0.0053, param_norm=1805.6315
Step 36800: grad_norm=0.0309, loss=0.0054, param_norm=1805.6353
Step 36900: grad_norm=0.0336, loss=0.0057, param_norm=1805.6387
Step 37000: grad_norm=0.0312, loss=0.0056, param_norm=1805.6425
Step 37100: grad_norm=0.0316, loss=0.0054, param_norm=1805.6453
Step 37200: grad_norm=0.0351, loss=0.0058, param_norm=1805.6487
Step 37300: grad_norm=0.0323, loss=0.0053, param_norm=1805.6521
Step 37400: grad_norm=0.0347, loss=0.0056, param_norm=1805.6559
Step 37500: grad_norm=0.0342, loss=0.0056, param_norm=1805.6591
Step 37600: grad_norm=0.0336, loss=0.0058, param_norm=1805.6621
Step 37700: grad_norm=0.0358, loss=0.0059, param_norm=1805.6653
Step 37800: grad_norm=0.0342, loss=0.0056, param_norm=1805.6687
Step 37900: grad_norm=0.0363, loss=0.0055, param_norm=1805.6719
Step 38000: grad_norm=0.0354, loss=0.0055, param_norm=1805.6753
Step 38100: grad_norm=0.0329, loss=0.0056, param_norm=1805.6781
Step 38200: grad_norm=0.0329, loss=0.0057, param_norm=1805.6819
Step 38300: grad_norm=0.0354, loss=0.0061, param_norm=1805.6848
Step 38400: grad_norm=0.0326, loss=0.0056, param_norm=1805.6881
Step 38500: grad_norm=0.0355, loss=0.0067, param_norm=1805.6915
Step 38600: grad_norm=0.0318, loss=0.0055, param_norm=1805.6949
Step 38700: grad_norm=0.0333, loss=0.0055, param_norm=1805.6982
Step 38800: grad_norm=0.0369, loss=0.0061, param_norm=1805.7015
Step 38900: grad_norm=0.0408, loss=0.0065, param_norm=1805.7051
Step 39000: grad_norm=0.0360, loss=0.0062, param_norm=1805.7085
Step 39100: grad_norm=0.0332, loss=0.0056, param_norm=1805.7122
Step 39200: grad_norm=0.0349, loss=0.0056, param_norm=1805.7153
Step 39300: grad_norm=0.0336, loss=0.0076, param_norm=1805.7184
Step 39400: grad_norm=0.0343, loss=0.0054, param_norm=1805.7218
Step 39500: grad_norm=0.0369, loss=0.0056, param_norm=1805.7255
Step 39600: grad_norm=0.0338, loss=0.0057, param_norm=1805.7288
Step 39700: grad_norm=0.0307, loss=0.0053, param_norm=1805.7322
Step 39800: grad_norm=0.0338, loss=0.0055, param_norm=1805.7352
Step 39900: grad_norm=0.0304, loss=0.0051, param_norm=1805.7383
Step 40000: grad_norm=0.0324, loss=0.0052, param_norm=1805.7412
Step 40100: grad_norm=0.0324, loss=0.0055, param_norm=1805.7444
Step 40200: grad_norm=0.0353, loss=0.0059, param_norm=1805.7479
Step 40300: grad_norm=0.0416, loss=0.0066, param_norm=1805.7509
Step 40400: grad_norm=0.0369, loss=0.0076, param_norm=1805.7540
Step 40500: grad_norm=0.0365, loss=0.0059, param_norm=1805.7573
Step 40600: grad_norm=0.0347, loss=0.0056, param_norm=1805.7606
Step 40700: grad_norm=0.0363, loss=0.0056, param_norm=1805.7637
Step 40800: grad_norm=0.0354, loss=0.0058, param_norm=1805.7668
Step 40900: grad_norm=0.0342, loss=0.0057, param_norm=1805.7700
Step 41000: grad_norm=0.0425, loss=0.0059, param_norm=1805.7731
Step 41100: grad_norm=0.0328, loss=0.0058, param_norm=1805.7754
Step 41200: grad_norm=0.0371, loss=0.0061, param_norm=1805.7784
Step 41300: grad_norm=0.0330, loss=0.0055, param_norm=1805.7815
Step 41400: grad_norm=0.0349, loss=0.0057, param_norm=1805.7843
Step 41500: grad_norm=0.0336, loss=0.0056, param_norm=1805.7875
Step 41600: grad_norm=0.0351, loss=0.0064, param_norm=1805.7903
Step 41700: grad_norm=0.0321, loss=0.0056, param_norm=1805.7931
Step 41800: grad_norm=0.0402, loss=0.0065, param_norm=1805.7963
Step 41900: grad_norm=0.0326, loss=0.0054, param_norm=1805.7991
Step 42000: grad_norm=0.0334, loss=0.0051, param_norm=1805.8021
Step 42100: grad_norm=0.0370, loss=0.0059, param_norm=1805.8053
Step 42200: grad_norm=0.0328, loss=0.0053, param_norm=1805.8081
Step 42300: grad_norm=0.0359, loss=0.0055, param_norm=1805.8109
Step 42400: grad_norm=0.0340, loss=0.0059, param_norm=1805.8137
Step 42500: grad_norm=0.0319, loss=0.0053, param_norm=1805.8162
Step 42600: grad_norm=0.0348, loss=0.0056, param_norm=1805.8190
Step 42700: grad_norm=0.0360, loss=0.0055, param_norm=1805.8223
Step 42800: grad_norm=0.0331, loss=0.0049, param_norm=1805.8250
Step 42900: grad_norm=0.0318, loss=0.0053, param_norm=1805.8278
Step 43000: grad_norm=0.0333, loss=0.0053, param_norm=1805.8303
Step 43100: grad_norm=0.0336, loss=0.0055, param_norm=1805.8331
Step 43200: grad_norm=0.0332, loss=0.0054, param_norm=1805.8359
Step 43300: grad_norm=0.0351, loss=0.0055, param_norm=1805.8384
Step 43400: grad_norm=0.0341, loss=0.0052, param_norm=1805.8411
Step 43500: grad_norm=0.0363, loss=0.0057, param_norm=1805.8438
Step 43600: grad_norm=0.0338, loss=0.0053, param_norm=1805.8468
Step 43700: grad_norm=0.0315, loss=0.0052, param_norm=1805.8496
Step 43800: grad_norm=0.0331, loss=0.0055, param_norm=1805.8524
Step 43900: grad_norm=0.0311, loss=0.0051, param_norm=1805.8549
Step 44000: grad_norm=0.0395, loss=0.0055, param_norm=1805.8578
Step 44100: grad_norm=0.0337, loss=0.0053, param_norm=1805.8606
Step 44200: grad_norm=0.0373, loss=0.0057, param_norm=1805.8633
Step 44300: grad_norm=0.0346, loss=0.0055, param_norm=1805.8658
Step 44400: grad_norm=0.0323, loss=0.0054, param_norm=1805.8687
Step 44500: grad_norm=0.0334, loss=0.0058, param_norm=1805.8711
Step 44600: grad_norm=0.0373, loss=0.0060, param_norm=1805.8737
Step 44700: grad_norm=0.0312, loss=0.0053, param_norm=1805.8762
Step 44800: grad_norm=0.0331, loss=0.0055, param_norm=1805.8787
Step 44900: grad_norm=0.0329, loss=0.0055, param_norm=1805.8815
Step 45000: grad_norm=0.0304, loss=0.0051, param_norm=1805.8843
Step 45100: grad_norm=0.0348, loss=0.0054, param_norm=1805.8872
Step 45200: grad_norm=0.0346, loss=0.0059, param_norm=1805.8903
Step 45300: grad_norm=0.0392, loss=0.0057, param_norm=1805.8934
Step 45400: grad_norm=0.0324, loss=0.0054, param_norm=1805.8962
Step 45500: grad_norm=0.0372, loss=0.0055, param_norm=1805.8984
Step 45600: grad_norm=0.0375, loss=0.0055, param_norm=1805.9008
Step 45700: grad_norm=0.0315, loss=0.0051, param_norm=1805.9032
Step 45800: grad_norm=0.0341, loss=0.0049, param_norm=1805.9059
Step 45900: grad_norm=0.0322, loss=0.0051, param_norm=1805.9084
Step 46000: grad_norm=0.0325, loss=0.0052, param_norm=1805.9110
Step 46100: grad_norm=0.0330, loss=0.0056, param_norm=1805.9135
Step 46200: grad_norm=0.0333, loss=0.0054, param_norm=1805.9159
Step 46300: grad_norm=0.0315, loss=0.0052, param_norm=1805.9186
Step 46400: grad_norm=0.0318, loss=0.0052, param_norm=1805.9213
Step 46500: grad_norm=0.0381, loss=0.0056, param_norm=1805.9238
Step 46600: grad_norm=0.0340, loss=0.0053, param_norm=1805.9265
Step 46700: grad_norm=0.0335, loss=0.0053, param_norm=1805.9287
Step 46800: grad_norm=0.0353, loss=0.0060, param_norm=1805.9315
Step 46900: grad_norm=0.0349, loss=0.0056, param_norm=1805.9341
Step 47000: grad_norm=0.0328, loss=0.0053, param_norm=1805.9365
Step 47100: grad_norm=0.0377, loss=0.0055, param_norm=1805.9392
Step 47200: grad_norm=0.0358, loss=0.0054, param_norm=1805.9419
Step 47300: grad_norm=0.0342, loss=0.0054, param_norm=1805.9443
Step 47400: grad_norm=0.0352, loss=0.0056, param_norm=1805.9465
Step 47500: grad_norm=0.0355, loss=0.0056, param_norm=1805.9487
Step 47600: grad_norm=0.0344, loss=0.0054, param_norm=1805.9509
Step 47700: grad_norm=0.0351, loss=0.0053, param_norm=1805.9531
Step 47800: grad_norm=0.0367, loss=0.0058, param_norm=1805.9556
Step 47900: grad_norm=0.0325, loss=0.0052, param_norm=1805.9581
Step 48000: grad_norm=0.0380, loss=0.0061, param_norm=1805.9609
Step 48100: grad_norm=0.0400, loss=0.0059, param_norm=1805.9634
Step 48200: grad_norm=0.0342, loss=0.0053, param_norm=1805.9653
Step 48300: grad_norm=0.0374, loss=0.0057, param_norm=1805.9673
Step 48400: grad_norm=0.0352, loss=0.0052, param_norm=1805.9700
Step 48500: grad_norm=0.0314, loss=0.0051, param_norm=1805.9717
Step 48600: grad_norm=0.0335, loss=0.0053, param_norm=1805.9740
Step 48700: grad_norm=0.0389, loss=0.0055, param_norm=1805.9766
Step 48800: grad_norm=0.0347, loss=0.0055, param_norm=1805.9790
Step 48900: grad_norm=0.0339, loss=0.0053, param_norm=1805.9813
Step 49000: grad_norm=0.0339, loss=0.0050, param_norm=1805.9834
Step 49100: grad_norm=0.0421, loss=0.0058, param_norm=1805.9858
Step 49200: grad_norm=0.0366, loss=0.0051, param_norm=1805.9879
Step 49300: grad_norm=0.0316, loss=0.0049, param_norm=1805.9900
Step 49400: grad_norm=0.0321, loss=0.0051, param_norm=1805.9924
Step 49500: grad_norm=0.0323, loss=0.0051, param_norm=1805.9946
Step 49600: grad_norm=0.0355, loss=0.0054, param_norm=1805.9973
Step 49700: grad_norm=0.0331, loss=0.0052, param_norm=1805.9994
Step 49800: grad_norm=0.0318, loss=0.0049, param_norm=1806.0012
Step 49900: grad_norm=0.0352, loss=0.0052, param_norm=1806.0035
Step 50000: grad_norm=0.0321, loss=0.0047, param_norm=1806.0059
Step 50100: grad_norm=0.0343, loss=0.0053, param_norm=1806.0081
Step 50200: grad_norm=0.0410, loss=0.0057, param_norm=1806.0103
Step 50300: grad_norm=0.0370, loss=0.0050, param_norm=1806.0118
Step 50400: grad_norm=0.0379, loss=0.0056, param_norm=1806.0140
Step 50500: grad_norm=0.0367, loss=0.0054, param_norm=1806.0162
Step 50600: grad_norm=0.0338, loss=0.0052, param_norm=1806.0184
Step 50700: grad_norm=0.0375, loss=0.0053, param_norm=1806.0204
Step 50800: grad_norm=0.0319, loss=0.0050, param_norm=1806.0225
Step 50900: grad_norm=0.0330, loss=0.0052, param_norm=1806.0243
Step 51000: grad_norm=0.0337, loss=0.0054, param_norm=1806.0262
Step 51100: grad_norm=0.0317, loss=0.0048, param_norm=1806.0282
Step 51200: grad_norm=0.0336, loss=0.0049, param_norm=1806.0302
Step 51300: grad_norm=0.0369, loss=0.0057, param_norm=1806.0321
Step 51400: grad_norm=0.0320, loss=0.0052, param_norm=1806.0343
Step 51500: grad_norm=0.0366, loss=0.0057, param_norm=1806.0369
Step 51600: grad_norm=0.0351, loss=0.0052, param_norm=1806.0391
Step 51700: grad_norm=0.0305, loss=0.0047, param_norm=1806.0409
Step 51800: grad_norm=0.0482, loss=0.0060, param_norm=1806.0432
Step 51900: grad_norm=0.0352, loss=0.0053, param_norm=1806.0449
Step 52000: grad_norm=0.0349, loss=0.0051, param_norm=1806.0470
Step 52100: grad_norm=0.0316, loss=0.0050, param_norm=1806.0487
Step 52200: grad_norm=0.0382, loss=0.0051, param_norm=1806.0508
Step 52300: grad_norm=0.0351, loss=0.0053, param_norm=1806.0525
Step 52400: grad_norm=0.0317, loss=0.0048, param_norm=1806.0547
Step 52500: grad_norm=0.0337, loss=0.0056, param_norm=1806.0562
Step 52600: grad_norm=0.0351, loss=0.0051, param_norm=1806.0583
Step 52700: grad_norm=0.0355, loss=0.0054, param_norm=1806.0605
Step 52800: grad_norm=0.0334, loss=0.0050, param_norm=1806.0621
Step 52900: grad_norm=0.0319, loss=0.0050, param_norm=1806.0640
Step 53000: grad_norm=0.0349, loss=0.0054, param_norm=1806.0660
Step 53100: grad_norm=0.0336, loss=0.0052, param_norm=1806.0684
Step 53200: grad_norm=0.0364, loss=0.0065, param_norm=1806.0703
Step 53300: grad_norm=0.0364, loss=0.0051, param_norm=1806.0718
Step 53400: grad_norm=0.0403, loss=0.0052, param_norm=1806.0737
Step 53500: grad_norm=0.0348, loss=0.0061, param_norm=1806.0753
Step 53600: grad_norm=0.0346, loss=0.0051, param_norm=1806.0768
Step 53700: grad_norm=0.0325, loss=0.0053, param_norm=1806.0787
Step 53800: grad_norm=0.0322, loss=0.0049, param_norm=1806.0806
Step 53900: grad_norm=0.0316, loss=0.0050, param_norm=1806.0825
Step 54000: grad_norm=0.0319, loss=0.0050, param_norm=1806.0846
Step 54100: grad_norm=0.0346, loss=0.0052, param_norm=1806.0865
Step 54200: grad_norm=0.0343, loss=0.0048, param_norm=1806.0887
Step 54300: grad_norm=0.0304, loss=0.0046, param_norm=1806.0906
Step 54400: grad_norm=0.0333, loss=0.0050, param_norm=1806.0924
Step 54500: grad_norm=0.0377, loss=0.0053, param_norm=1806.0944
Step 54600: grad_norm=0.0346, loss=0.0048, param_norm=1806.0962
Step 54700: grad_norm=0.0380, loss=0.0050, param_norm=1806.0978
Step 54800: grad_norm=0.0354, loss=0.0048, param_norm=1806.1000
Step 54900: grad_norm=0.0320, loss=0.0049, param_norm=1806.1012
Step 55000: grad_norm=0.0344, loss=0.0050, param_norm=1806.1030
Step 55100: grad_norm=0.0359, loss=0.0054, param_norm=1806.1050
Step 55200: grad_norm=0.0389, loss=0.0060, param_norm=1806.1067
Step 55300: grad_norm=0.0343, loss=0.0049, param_norm=1806.1088
Step 55400: grad_norm=0.0339, loss=0.0054, param_norm=1806.1102
Step 55500: grad_norm=0.0368, loss=0.0050, param_norm=1806.1118
Step 55600: grad_norm=0.0317, loss=0.0047, param_norm=1806.1135
Step 55700: grad_norm=0.0350, loss=0.0052, param_norm=1806.1152
Step 55800: grad_norm=0.0363, loss=0.0050, param_norm=1806.1168
Step 55900: grad_norm=0.0343, loss=0.0050, param_norm=1806.1184
Step 56000: grad_norm=0.0329, loss=0.0049, param_norm=1806.1196
Step 56100: grad_norm=0.0346, loss=0.0049, param_norm=1806.1213
Step 56200: grad_norm=0.0319, loss=0.0050, param_norm=1806.1228
Step 56300: grad_norm=0.0337, loss=0.0050, param_norm=1806.1244
Step 56400: grad_norm=0.0308, loss=0.0049, param_norm=1806.1259
Step 56500: grad_norm=0.0319, loss=0.0048, param_norm=1806.1274
Step 56600: grad_norm=0.0324, loss=0.0049, param_norm=1806.1295
Step 56700: grad_norm=0.0317, loss=0.0048, param_norm=1806.1312
Step 56800: grad_norm=0.0322, loss=0.0049, param_norm=1806.1324
Step 56900: grad_norm=0.0318, loss=0.0045, param_norm=1806.1340
Step 57000: grad_norm=0.0326, loss=0.0048, param_norm=1806.1359
Step 57100: grad_norm=0.0334, loss=0.0046, param_norm=1806.1373
Step 57200: grad_norm=0.0345, loss=0.0050, param_norm=1806.1390
Step 57300: grad_norm=0.0336, loss=0.0048, param_norm=1806.1400
Step 57400: grad_norm=0.0312, loss=0.0046, param_norm=1806.1414
Step 57500: grad_norm=0.0344, loss=0.0048, param_norm=1806.1431
Step 57600: grad_norm=0.0363, loss=0.0048, param_norm=1806.1448
Step 57700: grad_norm=0.0360, loss=0.0051, param_norm=1806.1465
Step 57800: grad_norm=0.0313, loss=0.0046, param_norm=1806.1481
Step 57900: grad_norm=0.0365, loss=0.0052, param_norm=1806.1490
Step 58000: grad_norm=0.0322, loss=0.0047, param_norm=1806.1503
Step 58100: grad_norm=0.0358, loss=0.0055, param_norm=1806.1519
Step 58200: grad_norm=0.0309, loss=0.0045, param_norm=1806.1532
Step 58300: grad_norm=0.0353, loss=0.0049, param_norm=1806.1547
Step 58400: grad_norm=0.0323, loss=0.0049, param_norm=1806.1565
Step 58500: grad_norm=0.0322, loss=0.0047, param_norm=1806.1581
Step 58600: grad_norm=0.0316, loss=0.0046, param_norm=1806.1597
Step 58700: grad_norm=0.0334, loss=0.0049, param_norm=1806.1614
Step 58800: grad_norm=0.0330, loss=0.0049, param_norm=1806.1627
Step 58900: grad_norm=0.0376, loss=0.0049, param_norm=1806.1643
Step 59000: grad_norm=0.0323, loss=0.0048, param_norm=1806.1655
Step 59100: grad_norm=0.0362, loss=0.0050, param_norm=1806.1671
Step 59200: grad_norm=0.0314, loss=0.0046, param_norm=1806.1686
Step 59300: grad_norm=0.0350, loss=0.0051, param_norm=1806.1699
Step 59400: grad_norm=0.0337, loss=0.0046, param_norm=1806.1715
Step 59500: grad_norm=0.0345, loss=0.0052, param_norm=1806.1727
Step 59600: grad_norm=0.0328, loss=0.0047, param_norm=1806.1741
Step 59700: grad_norm=0.0343, loss=0.0047, param_norm=1806.1754
Step 59800: grad_norm=0.0396, loss=0.0052, param_norm=1806.1770
Step 59900: grad_norm=0.0347, loss=0.0051, param_norm=1806.1781
Step 60000: grad_norm=0.0422, loss=0.0051, param_norm=1806.1794
Step 60100: grad_norm=0.0338, loss=0.0045, param_norm=1806.1805
Step 60200: grad_norm=0.0359, loss=0.0051, param_norm=1806.1821
Step 60300: grad_norm=0.0314, loss=0.0046, param_norm=1806.1836
Step 60400: grad_norm=0.0379, loss=0.0050, param_norm=1806.1847
Step 60500: grad_norm=0.0352, loss=0.0048, param_norm=1806.1859
Step 60600: grad_norm=0.0368, loss=0.0053, param_norm=1806.1871
Step 60700: grad_norm=0.0330, loss=0.0045, param_norm=1806.1881
Step 60800: grad_norm=0.0331, loss=0.0046, param_norm=1806.1893
Step 60900: grad_norm=0.0391, loss=0.0049, param_norm=1806.1909
Step 61000: grad_norm=0.0352, loss=0.0048, param_norm=1806.1920
Step 61100: grad_norm=0.0338, loss=0.0046, param_norm=1806.1934
Step 61200: grad_norm=0.0305, loss=0.0045, param_norm=1806.1943
Step 61300: grad_norm=0.0335, loss=0.0047, param_norm=1806.1959
Step 61400: grad_norm=0.0323, loss=0.0047, param_norm=1806.1971
Step 61500: grad_norm=0.0379, loss=0.0047, param_norm=1806.1984
Step 61600: grad_norm=0.0350, loss=0.0048, param_norm=1806.1997
Step 61700: grad_norm=0.0364, loss=0.0046, param_norm=1806.2010
Step 61800: grad_norm=0.0325, loss=0.0043, param_norm=1806.2018
Step 61900: grad_norm=0.0354, loss=0.0050, param_norm=1806.2031
Step 62000: grad_norm=0.0373, loss=0.0050, param_norm=1806.2043
Step 62100: grad_norm=0.0330, loss=0.0047, param_norm=1806.2053
Step 62200: grad_norm=0.0353, loss=0.0049, param_norm=1806.2068
Step 62300: grad_norm=0.0394, loss=0.0052, param_norm=1806.2083
Step 62400: grad_norm=0.0395, loss=0.0052, param_norm=1806.2094
Step 62500: grad_norm=0.0348, loss=0.0048, param_norm=1806.2103
Step 62600: grad_norm=0.0365, loss=0.0047, param_norm=1806.2115
Step 62700: grad_norm=0.0369, loss=0.0052, param_norm=1806.2128
Step 62800: grad_norm=0.0335, loss=0.0047, param_norm=1806.2142
Step 62900: grad_norm=0.0322, loss=0.0046, param_norm=1806.2155
Step 63000: grad_norm=0.0334, loss=0.0047, param_norm=1806.2163
Step 63100: grad_norm=0.0363, loss=0.0046, param_norm=1806.2174
Step 63200: grad_norm=0.0332, loss=0.0047, param_norm=1806.2184
Step 63300: grad_norm=0.0477, loss=0.0052, param_norm=1806.2196
Step 63400: grad_norm=0.0350, loss=0.0049, param_norm=1806.2209
Step 63500: grad_norm=0.0365, loss=0.0051, param_norm=1806.2220
Step 63600: grad_norm=0.0370, loss=0.0047, param_norm=1806.2229
Step 63700: grad_norm=0.0358, loss=0.0047, param_norm=1806.2239
Step 63800: grad_norm=0.0353, loss=0.0050, param_norm=1806.2250
Step 63900: grad_norm=0.0315, loss=0.0046, param_norm=1806.2262
Step 64000: grad_norm=0.0346, loss=0.0049, param_norm=1806.2272
Step 64100: grad_norm=0.0424, loss=0.0053, param_norm=1806.2284
Step 64200: grad_norm=0.0329, loss=0.0044, param_norm=1806.2296
Step 64300: grad_norm=0.0358, loss=0.0048, param_norm=1806.2305
Step 64400: grad_norm=0.0342, loss=0.0047, param_norm=1806.2313
Step 64500: grad_norm=0.0343, loss=0.0046, param_norm=1806.2328
Step 64600: grad_norm=0.0363, loss=0.0046, param_norm=1806.2338
Step 64700: grad_norm=0.0338, loss=0.0049, param_norm=1806.2346
Step 64800: grad_norm=0.0375, loss=0.0047, param_norm=1806.2358
Step 64900: grad_norm=0.0321, loss=0.0044, param_norm=1806.2368
Step 65000: grad_norm=0.0352, loss=0.0048, param_norm=1806.2379
Step 65100: grad_norm=0.0360, loss=0.0046, param_norm=1806.2390
Step 65200: grad_norm=0.0388, loss=0.0054, param_norm=1806.2400
Step 65300: grad_norm=0.0335, loss=0.0045, param_norm=1806.2408
Step 65400: grad_norm=0.0353, loss=0.0046, param_norm=1806.2418
Step 65500: grad_norm=0.0390, loss=0.0050, param_norm=1806.2428
Step 65600: grad_norm=0.0339, loss=0.0050, param_norm=1806.2437
Step 65700: grad_norm=0.0336, loss=0.0045, param_norm=1806.2450
Step 65800: grad_norm=0.0403, loss=0.0049, param_norm=1806.2461
Step 65900: grad_norm=0.0384, loss=0.0048, param_norm=1806.2469
Step 66000: grad_norm=0.0349, loss=0.0048, param_norm=1806.2478
Step 66100: grad_norm=0.0334, loss=0.0045, param_norm=1806.2487
Step 66200: grad_norm=0.0354, loss=0.0046, param_norm=1806.2496
Step 66300: grad_norm=0.0396, loss=0.0048, param_norm=1806.2506
Step 66400: grad_norm=0.0358, loss=0.0047, param_norm=1806.2515
Step 66500: grad_norm=0.0351, loss=0.0045, param_norm=1806.2522
Step 66600: grad_norm=0.0398, loss=0.0049, param_norm=1806.2529
Step 66700: grad_norm=0.0331, loss=0.0047, param_norm=1806.2537
Step 66800: grad_norm=0.0366, loss=0.0049, param_norm=1806.2546
Step 66900: grad_norm=0.0362, loss=0.0048, param_norm=1806.2559
Step 67000: grad_norm=0.0315, loss=0.0045, param_norm=1806.2572
Step 67100: grad_norm=0.0357, loss=0.0045, param_norm=1806.2578
Step 67200: grad_norm=0.0345, loss=0.0045, param_norm=1806.2584
Step 67300: grad_norm=0.0341, loss=0.0043, param_norm=1806.2593
Step 67400: grad_norm=0.0320, loss=0.0043, param_norm=1806.2603
Step 67500: grad_norm=0.0371, loss=0.0045, param_norm=1806.2611
Step 67600: grad_norm=0.0404, loss=0.0047, param_norm=1806.2620
Step 67700: grad_norm=0.0357, loss=0.0048, param_norm=1806.2626
Step 67800: grad_norm=0.0377, loss=0.0053, param_norm=1806.2637
Step 67900: grad_norm=0.0337, loss=0.0046, param_norm=1806.2643
Step 68000: grad_norm=0.0317, loss=0.0045, param_norm=1806.2653
Step 68100: grad_norm=0.0384, loss=0.0048, param_norm=1806.2659
Step 68200: grad_norm=0.0358, loss=0.0046, param_norm=1806.2668
Step 68300: grad_norm=0.0343, loss=0.0046, param_norm=1806.2678
Step 68400: grad_norm=0.0359, loss=0.0045, param_norm=1806.2686
Step 68500: grad_norm=0.0382, loss=0.0047, param_norm=1806.2695
Step 68600: grad_norm=0.0344, loss=0.0062, param_norm=1806.2704
Step 68700: grad_norm=0.0422, loss=0.0049, param_norm=1806.2712
Step 68800: grad_norm=0.0353, loss=0.0045, param_norm=1806.2721
Step 68900: grad_norm=0.0360, loss=0.0045, param_norm=1806.2728
Step 69000: grad_norm=0.0342, loss=0.0045, param_norm=1806.2737
Step 69100: grad_norm=0.0382, loss=0.0048, param_norm=1806.2740
Step 69200: grad_norm=0.0346, loss=0.0043, param_norm=1806.2749
Step 69300: grad_norm=0.0379, loss=0.0047, param_norm=1806.2756
Step 69400: grad_norm=0.0346, loss=0.0044, param_norm=1806.2764
Step 69500: grad_norm=0.0380, loss=0.0045, param_norm=1806.2770
Step 69600: grad_norm=0.0406, loss=0.0051, param_norm=1806.2776
Step 69700: grad_norm=0.0346, loss=0.0045, param_norm=1806.2782
Step 69800: grad_norm=0.0323, loss=0.0042, param_norm=1806.2791
Step 69900: grad_norm=0.0332, loss=0.0044, param_norm=1806.2799
Step 70000: grad_norm=0.0330, loss=0.0044, param_norm=1806.2806
Step 70100: grad_norm=0.0334, loss=0.0048, param_norm=1806.2815
Step 70200: grad_norm=0.0347, loss=0.0043, param_norm=1806.2821
Step 70300: grad_norm=0.0339, loss=0.0047, param_norm=1806.2827
Step 70400: grad_norm=0.0353, loss=0.0045, param_norm=1806.2837
Step 70500: grad_norm=0.0365, loss=0.0048, param_norm=1806.2845
Step 70600: grad_norm=0.0409, loss=0.0049, param_norm=1806.2852
Step 70700: grad_norm=0.0340, loss=0.0043, param_norm=1806.2858
Step 70800: grad_norm=0.0356, loss=0.0045, param_norm=1806.2865
Step 70900: grad_norm=0.0353, loss=0.0044, param_norm=1806.2871
Step 71000: grad_norm=0.0339, loss=0.0046, param_norm=1806.2877
Step 71100: grad_norm=0.0367, loss=0.0047, param_norm=1806.2885
Step 71200: grad_norm=0.0352, loss=0.0048, param_norm=1806.2893
Step 71300: grad_norm=0.0322, loss=0.0044, param_norm=1806.2897
Step 71400: grad_norm=0.0416, loss=0.0048, param_norm=1806.2905
Step 71500: grad_norm=0.0342, loss=0.0046, param_norm=1806.2913
Step 71600: grad_norm=0.0351, loss=0.0047, param_norm=1806.2920
Step 71700: grad_norm=0.0368, loss=0.0043, param_norm=1806.2926
Step 71800: grad_norm=0.0379, loss=0.0043, param_norm=1806.2932
Step 71900: grad_norm=0.0380, loss=0.0049, param_norm=1806.2942
Step 72000: grad_norm=0.0374, loss=0.0044, param_norm=1806.2947
Step 72100: grad_norm=0.0339, loss=0.0044, param_norm=1806.2953
Step 72200: grad_norm=0.0407, loss=0.0048, param_norm=1806.2959
Step 72300: grad_norm=0.0383, loss=0.0047, param_norm=1806.2965
Step 72400: grad_norm=0.0382, loss=0.0045, param_norm=1806.2971
Step 72500: grad_norm=0.0372, loss=0.0045, param_norm=1806.2977
Step 72600: grad_norm=0.0341, loss=0.0043, param_norm=1806.2981
Step 72700: grad_norm=0.0338, loss=0.0044, param_norm=1806.2991
Step 72800: grad_norm=0.0375, loss=0.0046, param_norm=1806.2993
Step 72900: grad_norm=0.0372, loss=0.0046, param_norm=1806.3002
Step 73000: grad_norm=0.0350, loss=0.0044, param_norm=1806.3008
Step 73100: grad_norm=0.0357, loss=0.0046, param_norm=1806.3014
Step 73200: grad_norm=0.0332, loss=0.0043, param_norm=1806.3020
Step 73300: grad_norm=0.0361, loss=0.0043, param_norm=1806.3027
Step 73400: grad_norm=0.0346, loss=0.0042, param_norm=1806.3033
Step 73500: grad_norm=0.0351, loss=0.0045, param_norm=1806.3041
Step 73600: grad_norm=0.0377, loss=0.0045, param_norm=1806.3047
Step 73700: grad_norm=0.0378, loss=0.0044, param_norm=1806.3053
Step 73800: grad_norm=0.0365, loss=0.0044, param_norm=1806.3059
Step 73900: grad_norm=0.0377, loss=0.0044, param_norm=1806.3062
Step 74000: grad_norm=0.0366, loss=0.0041, param_norm=1806.3069
Step 74100: grad_norm=0.0345, loss=0.0044, param_norm=1806.3076
Step 74200: grad_norm=0.0326, loss=0.0041, param_norm=1806.3077
Step 74300: grad_norm=0.0382, loss=0.0044, param_norm=1806.3086
Step 74400: grad_norm=0.0417, loss=0.0047, param_norm=1806.3088
Step 74500: grad_norm=0.0371, loss=0.0044, param_norm=1806.3092
Step 74600: grad_norm=0.0389, loss=0.0045, param_norm=1806.3099
Step 74700: grad_norm=0.0330, loss=0.0040, param_norm=1806.3103
Step 74800: grad_norm=0.0397, loss=0.0047, param_norm=1806.3109
Step 74900: grad_norm=0.0387, loss=0.0047, param_norm=1806.3115
Step 75000: grad_norm=0.0383, loss=0.0044, param_norm=1806.3119
Step 75100: grad_norm=0.0339, loss=0.0040, param_norm=1806.3125
Step 75200: grad_norm=0.0387, loss=0.0048, param_norm=1806.3131
Step 75300: grad_norm=0.0360, loss=0.0046, param_norm=1806.3137
Step 75400: grad_norm=0.0364, loss=0.0042, param_norm=1806.3143
Step 75500: grad_norm=0.0405, loss=0.0046, param_norm=1806.3143
Step 75600: grad_norm=0.0347, loss=0.0042, param_norm=1806.3151
Step 75700: grad_norm=0.0375, loss=0.0045, param_norm=1806.3158
Step 75800: grad_norm=0.0351, loss=0.0044, param_norm=1806.3160
Step 75900: grad_norm=0.0349, loss=0.0045, param_norm=1806.3167
Step 76000: grad_norm=0.0327, loss=0.0042, param_norm=1806.3170
Step 76100: grad_norm=0.0358, loss=0.0044, param_norm=1806.3176
Step 76200: grad_norm=0.0345, loss=0.0043, param_norm=1806.3181
Step 76300: grad_norm=0.0413, loss=0.0047, param_norm=1806.3187
Step 76400: grad_norm=0.0331, loss=0.0044, param_norm=1806.3190
Step 76500: grad_norm=0.0358, loss=0.0044, param_norm=1806.3195
Step 76600: grad_norm=0.0364, loss=0.0045, param_norm=1806.3199
Step 76700: grad_norm=0.0396, loss=0.0048, param_norm=1806.3203
Step 76800: grad_norm=0.0364, loss=0.0043, param_norm=1806.3209
Step 76900: grad_norm=0.0325, loss=0.0042, param_norm=1806.3212
Step 77000: grad_norm=0.0367, loss=0.0045, param_norm=1806.3215
Step 77100: grad_norm=0.0352, loss=0.0046, param_norm=1806.3221
Step 77200: grad_norm=0.0410, loss=0.0043, param_norm=1806.3228
Step 77300: grad_norm=0.0327, loss=0.0040, param_norm=1806.3229
Step 77400: grad_norm=0.0341, loss=0.0042, param_norm=1806.3234
Step 77500: grad_norm=0.0333, loss=0.0041, param_norm=1806.3239
Step 77600: grad_norm=0.0376, loss=0.0042, param_norm=1806.3245
Step 77700: grad_norm=0.0347, loss=0.0041, param_norm=1806.3248
Step 77800: grad_norm=0.0390, loss=0.0044, param_norm=1806.3253
Step 77900: grad_norm=0.0356, loss=0.0043, param_norm=1806.3259
Step 78000: grad_norm=0.0390, loss=0.0041, param_norm=1806.3262
Step 78100: grad_norm=0.0418, loss=0.0046, param_norm=1806.3265
Step 78200: grad_norm=0.0452, loss=0.0045, param_norm=1806.3271
Step 78300: grad_norm=0.0406, loss=0.0064, param_norm=1806.3275
Step 78400: grad_norm=0.0360, loss=0.0041, param_norm=1806.3278
Step 78500: grad_norm=0.0348, loss=0.0044, param_norm=1806.3284
Step 78600: grad_norm=0.0381, loss=0.0041, param_norm=1806.3287
Step 78700: grad_norm=0.0343, loss=0.0040, param_norm=1806.3293
Step 78800: grad_norm=0.0387, loss=0.0045, param_norm=1806.3296
Step 78900: grad_norm=0.0340, loss=0.0041, param_norm=1806.3300
Step 79000: grad_norm=0.0357, loss=0.0044, param_norm=1806.3303
Step 79100: grad_norm=0.0384, loss=0.0044, param_norm=1806.3309
Step 79200: grad_norm=0.0426, loss=0.0046, param_norm=1806.3311
Step 79300: grad_norm=0.0325, loss=0.0038, param_norm=1806.3317
Step 79400: grad_norm=0.0347, loss=0.0040, param_norm=1806.3320
Step 79500: grad_norm=0.0349, loss=0.0043, param_norm=1806.3323
Step 79600: grad_norm=0.0373, loss=0.0045, param_norm=1806.3326
Step 79700: grad_norm=0.0356, loss=0.0042, param_norm=1806.3333
Step 79800: grad_norm=0.0354, loss=0.0039, param_norm=1806.3335
Step 79900: grad_norm=0.0383, loss=0.0044, param_norm=1806.3340
Step 80000: grad_norm=0.0371, loss=0.0041, param_norm=1806.3344
Step 80100: grad_norm=0.0347, loss=0.0041, param_norm=1806.3346
Step 80200: grad_norm=0.0332, loss=0.0039, param_norm=1806.3350
Step 80300: grad_norm=0.0336, loss=0.0041, param_norm=1806.3356
Step 80400: grad_norm=0.0397, loss=0.0046, param_norm=1806.3359
Step 80500: grad_norm=0.0331, loss=0.0039, param_norm=1806.3362
Step 80600: grad_norm=0.0352, loss=0.0042, param_norm=1806.3368
Step 80700: grad_norm=0.0416, loss=0.0046, param_norm=1806.3372
Step 80800: grad_norm=0.0340, loss=0.0042, param_norm=1806.3372
Step 80900: grad_norm=0.0395, loss=0.0043, param_norm=1806.3378
Step 81000: grad_norm=0.0358, loss=0.0042, param_norm=1806.3381
Step 81100: grad_norm=0.0366, loss=0.0046, param_norm=1806.3384
Step 81200: grad_norm=0.0369, loss=0.0044, param_norm=1806.3392
Step 81300: grad_norm=0.0371, loss=0.0043, param_norm=1806.3395
Step 81400: grad_norm=0.0377, loss=0.0043, param_norm=1806.3398
Step 81500: grad_norm=0.0322, loss=0.0040, param_norm=1806.3401
Step 81600: grad_norm=0.0343, loss=0.0042, param_norm=1806.3403
Step 81700: grad_norm=0.0356, loss=0.0040, param_norm=1806.3406
Step 81800: grad_norm=0.0350, loss=0.0040, param_norm=1806.3409
Step 81900: grad_norm=0.0383, loss=0.0041, param_norm=1806.3416
Step 82000: grad_norm=0.0385, loss=0.0046, param_norm=1806.3418
Step 82100: grad_norm=0.0379, loss=0.0044, param_norm=1806.3422
Step 82200: grad_norm=0.0375, loss=0.0043, param_norm=1806.3424
Step 82300: grad_norm=0.0365, loss=0.0039, param_norm=1806.3428
Step 82400: grad_norm=0.0389, loss=0.0040, param_norm=1806.3431
Step 82500: grad_norm=0.0361, loss=0.0043, param_norm=1806.3434
Step 82600: grad_norm=0.0448, loss=0.0061, param_norm=1806.3438
Step 82700: grad_norm=0.0408, loss=0.0038, param_norm=1806.3440
Step 82800: grad_norm=0.0391, loss=0.0042, param_norm=1806.3444
Step 82900: grad_norm=0.0372, loss=0.0041, param_norm=1806.3446
Step 83000: grad_norm=0.0350, loss=0.0042, param_norm=1806.3450
Step 83100: grad_norm=0.0499, loss=0.0046, param_norm=1806.3455
Step 83200: grad_norm=0.0448, loss=0.0046, param_norm=1806.3456
Step 83300: grad_norm=0.0375, loss=0.0043, param_norm=1806.3461
Step 83400: grad_norm=0.0354, loss=0.0043, param_norm=1806.3463
Step 83500: grad_norm=0.0353, loss=0.0043, param_norm=1806.3467
Step 83600: grad_norm=0.0385, loss=0.0052, param_norm=1806.3470
Step 83700: grad_norm=0.0358, loss=0.0041, param_norm=1806.3473
Step 83800: grad_norm=0.0351, loss=0.0040, param_norm=1806.3477
Step 83900: grad_norm=0.0343, loss=0.0040, param_norm=1806.3478
Step 84000: grad_norm=0.0403, loss=0.0043, param_norm=1806.3481
Step 84100: grad_norm=0.0386, loss=0.0044, param_norm=1806.3484
Step 84200: grad_norm=0.0357, loss=0.0041, param_norm=1806.3485
Step 84300: grad_norm=0.0387, loss=0.0039, param_norm=1806.3490
Step 84400: grad_norm=0.0365, loss=0.0042, param_norm=1806.3494
Step 84500: grad_norm=0.0386, loss=0.0040, param_norm=1806.3496
Step 84600: grad_norm=0.0358, loss=0.0042, param_norm=1806.3500
Step 84700: grad_norm=0.0374, loss=0.0042, param_norm=1806.3500
Step 84800: grad_norm=0.0381, loss=0.0044, param_norm=1806.3502
Step 84900: grad_norm=0.0371, loss=0.0041, param_norm=1806.3510
Step 85000: grad_norm=0.0370, loss=0.0042, param_norm=1806.3510
Step 85100: grad_norm=0.0376, loss=0.0041, param_norm=1806.3512
Step 85200: grad_norm=0.0404, loss=0.0041, param_norm=1806.3516
Step 85300: grad_norm=0.0357, loss=0.0040, param_norm=1806.3516
Step 85400: grad_norm=0.0363, loss=0.0039, param_norm=1806.3518
Step 85500: grad_norm=0.0399, loss=0.0047, param_norm=1806.3522
Step 85600: grad_norm=0.0381, loss=0.0042, param_norm=1806.3522
Step 85700: grad_norm=0.0362, loss=0.0040, param_norm=1806.3524
Step 85800: grad_norm=0.0493, loss=0.0047, param_norm=1806.3524
Step 85900: grad_norm=0.0361, loss=0.0041, param_norm=1806.3528
Step 86000: grad_norm=0.0407, loss=0.0042, param_norm=1806.3530
Step 86100: grad_norm=0.0448, loss=0.0044, param_norm=1806.3534
Step 86200: grad_norm=0.0412, loss=0.0043, param_norm=1806.3534
Step 86300: grad_norm=0.0374, loss=0.0040, param_norm=1806.3538
Step 86400: grad_norm=0.0384, loss=0.0042, param_norm=1806.3539
Step 86500: grad_norm=0.0424, loss=0.0044, param_norm=1806.3541
Step 86600: grad_norm=0.0335, loss=0.0037, param_norm=1806.3545
Step 86700: grad_norm=0.0379, loss=0.0043, param_norm=1806.3549
Step 86800: grad_norm=0.0403, loss=0.0043, param_norm=1806.3550
Step 86900: grad_norm=0.0426, loss=0.0041, param_norm=1806.3551
Step 87000: grad_norm=0.0358, loss=0.0041, param_norm=1806.3555
Step 87100: grad_norm=0.0424, loss=0.0043, param_norm=1806.3557
Step 87200: grad_norm=0.0362, loss=0.0041, param_norm=1806.3560
Step 87300: grad_norm=0.0378, loss=0.0042, param_norm=1806.3561
Step 87400: grad_norm=0.0342, loss=0.0041, param_norm=1806.3563
Step 87500: grad_norm=0.0369, loss=0.0040, param_norm=1806.3567
Step 87600: grad_norm=0.0361, loss=0.0041, param_norm=1806.3568
Step 87700: grad_norm=0.0372, loss=0.0039, param_norm=1806.3572
Step 87800: grad_norm=0.0347, loss=0.0040, param_norm=1806.3574
Step 87900: grad_norm=0.0419, loss=0.0040, param_norm=1806.3578
Step 88000: grad_norm=0.0382, loss=0.0039, param_norm=1806.3578
Step 88100: grad_norm=0.0344, loss=0.0039, param_norm=1806.3580
Step 88200: grad_norm=0.0346, loss=0.0038, param_norm=1806.3584
Step 88300: grad_norm=0.0336, loss=0.0040, param_norm=1806.3588
Step 88400: grad_norm=0.0379, loss=0.0044, param_norm=1806.3588
Step 88500: grad_norm=0.0401, loss=0.0045, param_norm=1806.3590
Step 88600: grad_norm=0.0354, loss=0.0037, param_norm=1806.3591
Step 88700: grad_norm=0.0370, loss=0.0040, param_norm=1806.3594
Step 88800: grad_norm=0.0397, loss=0.0043, param_norm=1806.3594
Step 88900: grad_norm=0.0417, loss=0.0041, param_norm=1806.3596
Step 89000: grad_norm=0.0351, loss=0.0038, param_norm=1806.3596
Step 89100: grad_norm=0.0395, loss=0.0045, param_norm=1806.3600
Step 89200: grad_norm=0.0497, loss=0.0041, param_norm=1806.3602
Step 89300: grad_norm=0.0397, loss=0.0041, param_norm=1806.3602
Step 89400: grad_norm=0.0378, loss=0.0040, param_norm=1806.3606
Step 89500: grad_norm=0.0383, loss=0.0038, param_norm=1806.3608
Step 89600: grad_norm=0.0596, loss=0.0047, param_norm=1806.3608
Step 89700: grad_norm=0.0345, loss=0.0040, param_norm=1806.3612
Step 89800: grad_norm=0.0364, loss=0.0041, param_norm=1806.3616
Step 89900: grad_norm=0.0353, loss=0.0039, param_norm=1806.3616
Step 90000: grad_norm=0.0358, loss=0.0039, param_norm=1806.3618
Step 90100: grad_norm=0.0379, loss=0.0041, param_norm=1806.3619
Step 90200: grad_norm=0.0396, loss=0.0040, param_norm=1806.3623
Step 90300: grad_norm=0.0377, loss=0.0039, param_norm=1806.3623
Step 90400: grad_norm=0.0355, loss=0.0040, param_norm=1806.3627
Step 90500: grad_norm=0.0350, loss=0.0038, param_norm=1806.3629
Step 90600: grad_norm=0.0346, loss=0.0039, param_norm=1806.3629
Step 90700: grad_norm=0.0403, loss=0.0046, param_norm=1806.3633
Step 90800: grad_norm=0.0365, loss=0.0040, param_norm=1806.3634
Step 90900: grad_norm=0.0380, loss=0.0038, param_norm=1806.3635
Step 91000: grad_norm=0.0376, loss=0.0040, param_norm=1806.3639
Step 91100: grad_norm=0.0404, loss=0.0040, param_norm=1806.3640
Step 91200: grad_norm=0.0340, loss=0.0038, param_norm=1806.3641
Step 91300: grad_norm=0.0356, loss=0.0040, param_norm=1806.3645
Step 91400: grad_norm=0.0374, loss=0.0039, param_norm=1806.3646
Step 91500: grad_norm=0.0406, loss=0.0042, param_norm=1806.3650
Step 91600: grad_norm=0.0356, loss=0.0039, param_norm=1806.3652
Step 91700: grad_norm=0.0372, loss=0.0038, param_norm=1806.3652
Step 91800: grad_norm=0.0415, loss=0.0045, param_norm=1806.3656
Step 91900: grad_norm=0.0396, loss=0.0039, param_norm=1806.3656
Step 92000: grad_norm=0.0376, loss=0.0047, param_norm=1806.3658
Step 92100: grad_norm=0.0333, loss=0.0037, param_norm=1806.3658
Step 92200: grad_norm=0.0465, loss=0.0049, param_norm=1806.3662
Step 92300: grad_norm=0.0398, loss=0.0045, param_norm=1806.3662
Step 92400: grad_norm=0.0378, loss=0.0041, param_norm=1806.3666
Step 92500: grad_norm=0.0363, loss=0.0042, param_norm=1806.3668
Step 92600: grad_norm=0.0372, loss=0.0040, param_norm=1806.3668
Step 92700: grad_norm=0.0402, loss=0.0040, param_norm=1806.3672
Step 92800: grad_norm=0.0374, loss=0.0041, param_norm=1806.3672
Step 92900: grad_norm=0.0357, loss=0.0039, param_norm=1806.3674
Step 93000: grad_norm=0.0347, loss=0.0038, param_norm=1806.3678
Step 93100: grad_norm=0.0398, loss=0.0043, param_norm=1806.3680
Step 93200: grad_norm=0.0386, loss=0.0041, param_norm=1806.3680
Step 93300: grad_norm=0.0422, loss=0.0041, param_norm=1806.3684
Step 93400: grad_norm=0.0400, loss=0.0041, param_norm=1806.3687
Step 93500: grad_norm=0.0405, loss=0.0040, param_norm=1806.3687
Step 93600: grad_norm=0.0356, loss=0.0040, param_norm=1806.3687
Step 93700: grad_norm=0.0380, loss=0.0043, param_norm=1806.3690
Step 93800: grad_norm=0.0366, loss=0.0039, param_norm=1806.3694
Step 93900: grad_norm=0.0345, loss=0.0038, param_norm=1806.3694
Step 94000: grad_norm=0.0422, loss=0.0040, param_norm=1806.3694
Step 94100: grad_norm=0.0417, loss=0.0040, param_norm=1806.3695
Step 94200: grad_norm=0.0394, loss=0.0040, param_norm=1806.3698
Step 94300: grad_norm=0.0368, loss=0.0037, param_norm=1806.3700
Step 94400: grad_norm=0.0424, loss=0.0046, param_norm=1806.3701
Step 94500: grad_norm=0.0382, loss=0.0040, param_norm=1806.3705
Step 94600: grad_norm=0.0369, loss=0.0038, param_norm=1806.3705
Step 94700: grad_norm=0.0419, loss=0.0039, param_norm=1806.3706
Step 94800: grad_norm=0.0429, loss=0.0046, param_norm=1806.3708
Step 94900: grad_norm=0.0349, loss=0.0041, param_norm=1806.3711
Step 95000: grad_norm=0.0369, loss=0.0042, param_norm=1806.3713
Step 95100: grad_norm=0.0380, loss=0.0041, param_norm=1806.3713
Step 95200: grad_norm=0.0420, loss=0.0042, param_norm=1806.3716
Step 95300: grad_norm=0.0356, loss=0.0040, param_norm=1806.3717
Step 95400: grad_norm=0.0345, loss=0.0036, param_norm=1806.3719
Step 95500: grad_norm=0.0378, loss=0.0040, param_norm=1806.3722
Step 95600: grad_norm=0.0480, loss=0.0042, param_norm=1806.3724
Step 95700: grad_norm=0.0388, loss=0.0039, param_norm=1806.3724
Step 95800: grad_norm=0.0407, loss=0.0041, param_norm=1806.3724
Step 95900: grad_norm=0.0417, loss=0.0043, param_norm=1806.3724
Step 96000: grad_norm=0.0352, loss=0.0041, param_norm=1806.3728
Step 96100: grad_norm=0.0389, loss=0.0043, param_norm=1806.3730
Step 96200: grad_norm=0.0384, loss=0.0043, param_norm=1806.3730
Step 96300: grad_norm=0.0437, loss=0.0040, param_norm=1806.3734
Step 96400: grad_norm=0.0389, loss=0.0038, param_norm=1806.3734
Step 96500: grad_norm=0.0429, loss=0.0041, param_norm=1806.3734
Step 96600: grad_norm=0.0371, loss=0.0040, param_norm=1806.3737
Step 96700: grad_norm=0.0346, loss=0.0039, param_norm=1806.3737
Step 96800: grad_norm=0.0383, loss=0.0039, param_norm=1806.3741
Step 96900: grad_norm=0.0436, loss=0.0043, param_norm=1806.3744
Step 97000: grad_norm=0.0454, loss=0.0043, param_norm=1806.3744
Step 97100: grad_norm=0.0359, loss=0.0037, param_norm=1806.3746
Step 97200: grad_norm=0.0359, loss=0.0038, param_norm=1806.3746
Step 97300: grad_norm=0.0371, loss=0.0038, param_norm=1806.3748
Step 97400: grad_norm=0.0373, loss=0.0039, param_norm=1806.3750
Step 97500: grad_norm=0.0433, loss=0.0040, param_norm=1806.3750
Step 97600: grad_norm=0.0379, loss=0.0037, param_norm=1806.3752
Step 97700: grad_norm=0.0378, loss=0.0040, param_norm=1806.3752
Step 97800: grad_norm=0.0395, loss=0.0040, param_norm=1806.3752
Step 97900: grad_norm=0.0380, loss=0.0039, param_norm=1806.3756
Step 98000: grad_norm=0.0363, loss=0.0038, param_norm=1806.3756
Step 98100: grad_norm=0.0408, loss=0.0039, param_norm=1806.3759
Step 98200: grad_norm=0.0382, loss=0.0038, param_norm=1806.3762
Step 98300: grad_norm=0.0441, loss=0.0039, param_norm=1806.3762
Step 98400: grad_norm=0.0390, loss=0.0042, param_norm=1806.3765
Step 98500: grad_norm=0.0431, loss=0.0039, param_norm=1806.3765
Step 98600: grad_norm=0.0388, loss=0.0038, param_norm=1806.3765
Step 98700: grad_norm=0.0440, loss=0.0039, param_norm=1806.3768
Step 98800: grad_norm=0.0381, loss=0.0039, param_norm=1806.3768
Step 98900: grad_norm=0.0372, loss=0.0040, param_norm=1806.3772
Step 99000: grad_norm=0.0378, loss=0.0037, param_norm=1806.3772
Step 99100: grad_norm=0.0372, loss=0.0039, param_norm=1806.3774
Step 99200: grad_norm=0.0345, loss=0.0037, param_norm=1806.3774
Step 99300: grad_norm=0.0340, loss=0.0036, param_norm=1806.3776
Step 99400: grad_norm=0.0392, loss=0.0038, param_norm=1806.3778
Step 99500: grad_norm=0.0349, loss=0.0038, param_norm=1806.3779
Step 99600: grad_norm=0.0377, loss=0.0037, param_norm=1806.3779
Step 99700: grad_norm=0.0414, loss=0.0043, param_norm=1806.3783
Step 99800: grad_norm=0.0422, loss=0.0040, param_norm=1806.3783
Step 99900: grad_norm=0.0389, loss=0.0040, param_norm=1806.3784
[1;34mwandb[0m: 
[1;34mwandb[0m: 🚀 View run [33mGRASPNET_FINAL_moreData_h100[0m at: [34mhttps://wandb.ai/mdahmad2026-northwestern-university/openpi/runs/nxiaj0m1[0m
[1;34mwandb[0m: Find logs at: [1;35mwandb/run-20260819_005349-nxiaj0m1/logs[0m
