Running on: qgpu2002
Sun Aug 16 16:42:36 2026       
+-----------------------------------------------------------------------------------------+
| NVIDIA-SMI 610.43.02              KMD Version: 610.43.02     CUDA UMD Version: 13.3     |
+-----------------------------------------+------------------------+----------------------+
| GPU  Name                 Persistence-M | Bus-Id          Disp.A | Volatile Uncorr. ECC |
| Fan  Temp   Perf          Pwr:Usage/Cap |           Memory-Usage | GPU-Util  Compute M. |
|                                         |                        |               MIG M. |
|=========================================+========================+======================|
|   0  NVIDIA A100-SXM4-80GB          On  |   00000000:31:00.0 Off |                    0 |
| N/A   46C    P0             68W /  500W |       0MiB /  81920MiB |      0%      Default |
|                                         |                        |             Disabled |
+-----------------------------------------+------------------------+----------------------+

+-----------------------------------------------------------------------------------------+
| Processes:                                                                              |
|  GPU   GI   CI              PID   Type   Process name                        GPU Memory |
|        ID   ID                                                               Usage      |
|=========================================================================================|
|  No running processes found                                                             |
+-----------------------------------------------------------------------------------------+
Step 0: grad_norm=0.1723, loss=0.0432, param_norm=1803.7705
Step 100: grad_norm=0.1300, loss=0.0274, param_norm=1803.7715
Step 200: grad_norm=0.0792, loss=0.0112, param_norm=1803.7782
Step 300: grad_norm=0.0583, loss=0.0075, param_norm=1803.7856
Step 400: grad_norm=0.0442, loss=0.0056, param_norm=1803.7915
Step 500: grad_norm=0.0435, loss=0.0053, param_norm=1803.7958
Step 600: grad_norm=0.0411, loss=0.0050, param_norm=1803.7993
Step 700: grad_norm=0.0380, loss=0.0043, param_norm=1803.8015
Step 800: grad_norm=0.0342, loss=0.0040, param_norm=1803.8033
Step 900: grad_norm=0.0359, loss=0.0037, param_norm=1803.8041
[1;34mwandb[0m: 
[1;34mwandb[0m: 🚀 View run [33mEXP4_10_a100[0m at: [34mhttps://wandb.ai/mdahmad2026-northwestern-university/openpi/runs/fg7gcu1s[0m
[1;34mwandb[0m: Find logs at: [1;35mwandb/run-20260816_164321-fg7gcu1s/logs[0m
