Running on: qgpu2010
Sat Aug 15 21:25:58 2026       
+-----------------------------------------------------------------------------------------+
| NVIDIA-SMI 610.43.02              KMD Version: 610.43.02     CUDA UMD Version: 13.3     |
+-----------------------------------------+------------------------+----------------------+
| GPU  Name                 Persistence-M | Bus-Id          Disp.A | Volatile Uncorr. ECC |
| Fan  Temp   Perf          Pwr:Usage/Cap |           Memory-Usage | GPU-Util  Compute M. |
|                                         |                        |               MIG M. |
|=========================================+========================+======================|
|   0  NVIDIA A100-SXM4-80GB          On  |   00000000:CA:00.0 Off |                    0 |
| N/A   44C    P0             61W /  500W |       0MiB /  81920MiB |      0%      Default |
|                                         |                        |             Disabled |
+-----------------------------------------+------------------------+----------------------+

+-----------------------------------------------------------------------------------------+
| Processes:                                                                              |
|  GPU   GI   CI              PID   Type   Process name                        GPU Memory |
|        ID   ID                                                               Usage      |
|=========================================================================================|
|  No running processes found                                                             |
+-----------------------------------------------------------------------------------------+
Step 0: grad_norm=0.1816, loss=0.0556, param_norm=1803.7705
Step 100: grad_norm=0.1381, loss=0.0317, param_norm=1803.7709
Step 200: grad_norm=0.0928, loss=0.0120, param_norm=1803.7743
Step 300: grad_norm=0.0619, loss=0.0086, param_norm=1803.7810
Step 400: grad_norm=0.0479, loss=0.0062, param_norm=1803.7877
Step 500: grad_norm=0.0436, loss=0.0053, param_norm=1803.7943
Step 600: grad_norm=0.0372, loss=0.0047, param_norm=1803.7999
Step 700: grad_norm=0.0394, loss=0.0045, param_norm=1803.8055
Step 800: grad_norm=0.0326, loss=0.0040, param_norm=1803.8099
Step 900: grad_norm=0.0328, loss=0.0035, param_norm=1803.8140
Step 1000: grad_norm=0.0315, loss=0.0033, param_norm=1803.8175
Step 1100: grad_norm=0.0310, loss=0.0031, param_norm=1803.8204
Step 1200: grad_norm=0.0331, loss=0.0031, param_norm=1803.8231
Step 1300: grad_norm=0.0277, loss=0.0027, param_norm=1803.8250
Step 1400: grad_norm=0.0299, loss=0.0028, param_norm=1803.8265
Step 1500: grad_norm=0.0374, loss=0.0026, param_norm=1803.8275
Step 1600: grad_norm=0.0279, loss=0.0025, param_norm=1803.8287
Step 1700: grad_norm=0.0288, loss=0.0026, param_norm=1803.8293
Step 1800: grad_norm=0.0246, loss=0.0021, param_norm=1803.8300
Step 1900: grad_norm=0.0248, loss=0.0022, param_norm=1803.8303
[1;34mwandb[0m: 
[1;34mwandb[0m: 🚀 View run [33mEXP0_20_a100[0m at: [34mhttps://wandb.ai/mdahmad2026-northwestern-university/openpi/runs/a864z10q[0m
[1;34mwandb[0m: Find logs at: [1;35mwandb/run-20260815_212820-a864z10q/logs[0m
